Archive member included to satisfy reference by file (symbol)

C:/ST/STM32CubeIDE_2.1.1/STM32CubeIDE/plugins/com.st.stm32cube.ide.mcu.externaltools.gnu-tools-for-stm32.14.3.rel1.win32_1.0.100.202602081740/tools/bin/../lib/gcc/arm-none-eabi/14.3.1/../../../../arm-none-eabi/lib/thumb/v7-m/nofp\libc_nano.a(libc_a-exit.o)
                              C:/ST/STM32CubeIDE_2.1.1/STM32CubeIDE/plugins/com.st.stm32cube.ide.mcu.externaltools.gnu-tools-for-stm32.14.3.rel1.win32_1.0.100.202602081740/tools/bin/../lib/gcc/arm-none-eabi/14.3.1/../../../../arm-none-eabi/lib/thumb/v7-m/nofp/crt0.o (exit)
C:/ST/STM32CubeIDE_2.1.1/STM32CubeIDE/plugins/com.st.stm32cube.ide.mcu.externaltools.gnu-tools-for-stm32.14.3.rel1.win32_1.0.100.202602081740/tools/bin/../lib/gcc/arm-none-eabi/14.3.1/../../../../arm-none-eabi/lib/thumb/v7-m/nofp\libc_nano.a(libc_a-findfp.o)
                              C:/ST/STM32CubeIDE_2.1.1/STM32CubeIDE/plugins/com.st.stm32cube.ide.mcu.externaltools.gnu-tools-for-stm32.14.3.rel1.win32_1.0.100.202602081740/tools/bin/../lib/gcc/arm-none-eabi/14.3.1/../../../../arm-none-eabi/lib/thumb/v7-m/nofp\libc_nano.a(libc_a-exit.o) (__stdio_exit_handler)
C:/ST/STM32CubeIDE_2.1.1/STM32CubeIDE/plugins/com.st.stm32cube.ide.mcu.externaltools.gnu-tools-for-stm32.14.3.rel1.win32_1.0.100.202602081740/tools/bin/../lib/gcc/arm-none-eabi/14.3.1/../../../../arm-none-eabi/lib/thumb/v7-m/nofp\libc_nano.a(libc_a-fwalk.o)
                              C:/ST/STM32CubeIDE_2.1.1/STM32CubeIDE/plugins/com.st.stm32cube.ide.mcu.externaltools.gnu-tools-for-stm32.14.3.rel1.win32_1.0.100.202602081740/tools/bin/../lib/gcc/arm-none-eabi/14.3.1/../../../../arm-none-eabi/lib/thumb/v7-m/nofp\libc_nano.a(libc_a-findfp.o) (_fwalk_sglue)
C:/ST/STM32CubeIDE_2.1.1/STM32CubeIDE/plugins/com.st.stm32cube.ide.mcu.externaltools.gnu-tools-for-stm32.14.3.rel1.win32_1.0.100.202602081740/tools/bin/../lib/gcc/arm-none-eabi/14.3.1/../../../../arm-none-eabi/lib/thumb/v7-m/nofp\libc_nano.a(libc_a-stdio.o)
                              C:/ST/STM32CubeIDE_2.1.1/STM32CubeIDE/plugins/com.st.stm32cube.ide.mcu.externaltools.gnu-tools-for-stm32.14.3.rel1.win32_1.0.100.202602081740/tools/bin/../lib/gcc/arm-none-eabi/14.3.1/../../../../arm-none-eabi/lib/thumb/v7-m/nofp\libc_nano.a(libc_a-findfp.o) (__sread)
C:/ST/STM32CubeIDE_2.1.1/STM32CubeIDE/plugins/com.st.stm32cube.ide.mcu.externaltools.gnu-tools-for-stm32.14.3.rel1.win32_1.0.100.202602081740/tools/bin/../lib/gcc/arm-none-eabi/14.3.1/../../../../arm-none-eabi/lib/thumb/v7-m/nofp\libc_nano.a(libc_a-memset.o)
                              C:/ST/STM32CubeIDE_2.1.1/STM32CubeIDE/plugins/com.st.stm32cube.ide.mcu.externaltools.gnu-tools-for-stm32.14.3.rel1.win32_1.0.100.202602081740/tools/bin/../lib/gcc/arm-none-eabi/14.3.1/../../../../arm-none-eabi/lib/thumb/v7-m/nofp/crt0.o (memset)
C:/ST/STM32CubeIDE_2.1.1/STM32CubeIDE/plugins/com.st.stm32cube.ide.mcu.externaltools.gnu-tools-for-stm32.14.3.rel1.win32_1.0.100.202602081740/tools/bin/../lib/gcc/arm-none-eabi/14.3.1/../../../../arm-none-eabi/lib/thumb/v7-m/nofp\libc_nano.a(libc_a-closer.o)
                              C:/ST/STM32CubeIDE_2.1.1/STM32CubeIDE/plugins/com.st.stm32cube.ide.mcu.externaltools.gnu-tools-for-stm32.14.3.rel1.win32_1.0.100.202602081740/tools/bin/../lib/gcc/arm-none-eabi/14.3.1/../../../../arm-none-eabi/lib/thumb/v7-m/nofp\libc_nano.a(libc_a-stdio.o) (_close_r)
C:/ST/STM32CubeIDE_2.1.1/STM32CubeIDE/plugins/com.st.stm32cube.ide.mcu.externaltools.gnu-tools-for-stm32.14.3.rel1.win32_1.0.100.202602081740/tools/bin/../lib/gcc/arm-none-eabi/14.3.1/../../../../arm-none-eabi/lib/thumb/v7-m/nofp\libc_nano.a(libc_a-reent.o)
                              C:/ST/STM32CubeIDE_2.1.1/STM32CubeIDE/plugins/com.st.stm32cube.ide.mcu.externaltools.gnu-tools-for-stm32.14.3.rel1.win32_1.0.100.202602081740/tools/bin/../lib/gcc/arm-none-eabi/14.3.1/../../../../arm-none-eabi/lib/thumb/v7-m/nofp\libc_nano.a(libc_a-closer.o) (errno)
C:/ST/STM32CubeIDE_2.1.1/STM32CubeIDE/plugins/com.st.stm32cube.ide.mcu.externaltools.gnu-tools-for-stm32.14.3.rel1.win32_1.0.100.202602081740/tools/bin/../lib/gcc/arm-none-eabi/14.3.1/../../../../arm-none-eabi/lib/thumb/v7-m/nofp\libc_nano.a(libc_a-impure.o)
                              C:/ST/STM32CubeIDE_2.1.1/STM32CubeIDE/plugins/com.st.stm32cube.ide.mcu.externaltools.gnu-tools-for-stm32.14.3.rel1.win32_1.0.100.202602081740/tools/bin/../lib/gcc/arm-none-eabi/14.3.1/../../../../arm-none-eabi/lib/thumb/v7-m/nofp\libc_nano.a(libc_a-reent.o) (_impure_ptr)
C:/ST/STM32CubeIDE_2.1.1/STM32CubeIDE/plugins/com.st.stm32cube.ide.mcu.externaltools.gnu-tools-for-stm32.14.3.rel1.win32_1.0.100.202602081740/tools/bin/../lib/gcc/arm-none-eabi/14.3.1/../../../../arm-none-eabi/lib/thumb/v7-m/nofp\libc_nano.a(libc_a-lseekr.o)
[...]
Memory Configuration

Name             Origin             Length             Attributes
RAM              0x20000000         0x00005000         xrw
FLASH            0x08000000         0x00020000         xr
*default*        0x00000000         0xffffffff

Linker script and memory map

LOAD C:/ST/STM32CubeIDE_2.1.1/STM32CubeIDE/plugins/com.st.stm32cube.ide.mcu.externaltools.gnu-tools-for-stm32.14.3.rel1.win32_1.0.100.202602081740/tools/bin/../lib/gcc/arm-none-eabi/14.3.1/thumb/v7-m/nofp/crti.o
LOAD C:/ST/STM32CubeIDE_2.1.1/STM32CubeIDE/plugins/com.st.stm32cube.ide.mcu.externaltools.gnu-tools-for-stm32.14.3.rel1.win32_1.0.100.202602081740/tools/bin/../lib/gcc/arm-none-eabi/14.3.1/thumb/v7-m/nofp/crtbegin.o
LOAD C:/ST/STM32CubeIDE_2.1.1/STM32CubeIDE/plugins/com.st.stm32cube.ide.mcu.externaltools.gnu-tools-for-stm32.14.3.rel1.win32_1.0.100.202602081740/tools/bin/../lib/gcc/arm-none-eabi/14.3.1/../../../../arm-none-eabi/lib/thumb/v7-m/nofp/crt0.o
LOAD ./App/Algorithm/Src/filter.o
LOAD ./App/Algorithm/Src/pid.o
LOAD ./App/Drivers/API/Src/driver_can.o
LOAD ./App/Drivers/API/Src/motor.o
LOAD ./App/Drivers/API/Src/sensor.o
LOAD ./App/Tasks/Src/control_task.o
LOAD ./App/Tasks/Src/sensor_task.o
LOAD ./App/Tasks/Src/uart_task.o
LOAD ./Core/Src/main.o
LOAD ./Core/Src/stm32f1xx_hal_msp.o
LOAD ./Core/Src/stm32f1xx_hal_timebase_tim.o
LOAD ./Core/Src/stm32f1xx_it.o
LOAD ./Core/Src/syscalls.o
LOAD ./Core/Src/sysmem.o
LOAD ./Core/Src/system_stm32f1xx.o
LOAD ./Core/Startup/startup_stm32f103rbtx.o
LOAD ./Drivers/STM32F1xx_HAL_Driver/Src/stm32f1xx_hal.o
LOAD ./Drivers/STM32F1xx_HAL_Driver/Src/stm32f1xx_hal_cortex.o
LOAD ./Drivers/STM32F1xx_HAL_Driver/Src/stm32f1xx_hal_dma.o
LOAD ./Drivers/STM32F1xx_HAL_Driver/Src/stm32f1xx_hal_exti.o
LOAD ./Drivers/STM32F1xx_HAL_Driver/Src/stm32f1xx_hal_flash.o
LOAD ./Drivers/STM32F1xx_HAL_Driver/Src/stm32f1xx_hal_flash_ex.o
LOAD ./Drivers/STM32F1xx_HAL_Driver/Src/stm32f1xx_hal_gpio.o
LOAD ./Drivers/STM32F1xx_HAL_Driver/Src/stm32f1xx_hal_gpio_ex.o
LOAD ./Drivers/STM32F1xx_HAL_Driver/Src/stm32f1xx_hal_pwr.o
LOAD ./Drivers/STM32F1xx_HAL_Driver/Src/stm32f1xx_hal_rcc.o
LOAD ./Drivers/STM32F1xx_HAL_Driver/Src/stm32f1xx_hal_rcc_ex.o
LOAD ./Drivers/STM32F1xx_HAL_Driver/Src/stm32f1xx_hal_tim.o
LOAD ./Drivers/STM32F1xx_HAL_Driver/Src/stm32f1xx_hal_tim_ex.o
LOAD ./ThirdParty/FreeRTOS/croutine.o
LOAD ./ThirdParty/FreeRTOS/event_groups.o
LOAD ./ThirdParty/FreeRTOS/list.o
LOAD ./ThirdParty/FreeRTOS/queue.o
LOAD ./ThirdParty/FreeRTOS/stream_buffer.o
LOAD ./ThirdParty/FreeRTOS/tasks.o
LOAD ./ThirdParty/FreeRTOS/timers.o
LOAD ./ThirdParty/FreeRTOS/portable/GCC/ARM_CM3/port.o
LOAD ./ThirdParty/FreeRTOS/portable/MemMang/heap_4.o
START GROUP
LOAD C:/ST/STM32CubeIDE_2.1.1/STM32CubeIDE/plugins/com.st.stm32cube.ide.mcu.externaltools.gnu-tools-for-stm32.14.3.rel1.win32_1.0.100.202602081740/tools/bin/../lib/gcc/arm-none-eabi/14.3.1/../../../../arm-none-eabi/lib/thumb/v7-m/nofp\libc_nano.a
LOAD C:/ST/STM32CubeIDE_2.1.1/STM32CubeIDE/plugins/com.st.stm32cube.ide.mcu.externaltools.gnu-tools-for-stm32.14.3.rel1.win32_1.0.100.202602081740/tools/bin/../lib/gcc/arm-none-eabi/14.3.1/../../../../arm-none-eabi/lib/thumb/v7-m/nofp\libm.a
END GROUP
START GROUP
LOAD C:/ST/STM32CubeIDE_2.1.1/STM32CubeIDE/plugins/com.st.stm32cube.ide.mcu.externaltools.gnu-tools-for-stm32.14.3.rel1.win32_1.0.100.202602081740/tools/bin/../lib/gcc/arm-none-eabi/14.3.1/thumb/v7-m/nofp\libgcc.a
LOAD C:/ST/STM32CubeIDE_2.1.1/STM32CubeIDE/plugins/com.st.stm32cube.ide.mcu.externaltools.gnu-tools-for-stm32.14.3.rel1.win32_1.0.100.202602081740/tools/bin/../lib/gcc/arm-none-eabi/14.3.1/../../../../arm-none-eabi/lib/thumb/v7-m/nofp\libc_nano.a
END GROUP
START GROUP
LOAD C:/ST/STM32CubeIDE_2.1.1/STM32CubeIDE/plugins/com.st.stm32cube.ide.mcu.externaltools.gnu-tools-for-stm32.14.3.rel1.win32_1.0.100.202602081740/tools/bin/../lib/gcc/arm-none-eabi/14.3.1/thumb/v7-m/nofp\libgcc.a
LOAD C:/ST/STM32CubeIDE_2.1.1/STM32CubeIDE/plugins/com.st.stm32cube.ide.mcu.externaltools.gnu-tools-for-stm32.14.3.rel1.win32_1.0.100.202602081740/tools/bin/../lib/gcc/arm-none-eabi/14.3.1/../../../../arm-none-eabi/lib/thumb/v7-m/nofp\libc_nano.a
LOAD C:/ST/STM32CubeIDE_2.1.1/STM32CubeIDE/plugins/com.st.stm32cube.ide.mcu.externaltools.gnu-tools-for-stm32.14.3.rel1.win32_1.0.100.202602081740/tools/bin/../lib/gcc/arm-none-eabi/14.3.1/../../../../arm-none-eabi/lib/thumb/v7-m/nofp\libnosys.a
END GROUP
START GROUP
LOAD C:/ST/STM32CubeIDE_2.1.1/STM32CubeIDE/plugins/com.st.stm32cube.ide.mcu.externaltools.gnu-tools-for-stm32.14.3.rel1.win32_1.0.100.202602081740/tools/bin/../lib/gcc/arm-none-eabi/14.3.1/thumb/v7-m/nofp\libgcc.a
LOAD C:/ST/STM32CubeIDE_2.1.1/STM32CubeIDE/plugins/com.st.stm32cube.ide.mcu.externaltools.gnu-tools-for-stm32.14.3.rel1.win32_1.0.100.202602081740/tools/bin/../lib/gcc/arm-none-eabi/14.3.1/../../../../arm-none-eabi/lib/thumb/v7-m/nofp\libc_nano.a
LOAD C:/ST/STM32CubeIDE_2.1.1/STM32CubeIDE/plugins/com.st.stm32cube.ide.mcu.externaltools.gnu-tools-for-stm32.14.3.rel1.win32_1.0.100.202602081740/tools/bin/../lib/gcc/arm-none-eabi/14.3.1/../../../../arm-none-eabi/lib/thumb/v7-m/nofp\libnosys.a
END GROUP
LOAD C:/ST/STM32CubeIDE_2.1.1/STM32CubeIDE/plugins/com.st.stm32cube.ide.mcu.externaltools.gnu-tools-for-stm32.14.3.rel1.win32_1.0.100.202602081740/tools/bin/../lib/gcc/arm-none-eabi/14.3.1/thumb/v7-m/nofp/crtend.o
LOAD C:/ST/STM32CubeIDE_2.1.1/STM32CubeIDE/plugins/com.st.stm32cube.ide.mcu.externaltools.gnu-tools-for-stm32.14.3.rel1.win32_1.0.100.202602081740/tools/bin/../lib/gcc/arm-none-eabi/14.3.1/thumb/v7-m/nofp/crtn.o
                0x20005000                        _estack = (ORIGIN (RAM) + LENGTH (RAM))
                0x00000200                        _Min_Heap_Size = 0x200
                0x00000400                        _Min_Stack_Size = 0x400

.isr_vector     0x08000000      0x10c
                0x08000000                        . = ALIGN (0x4)
 *(.isr_vector)
 .isr_vector    0x08000000      0x10c ./Core/Startup/startup_stm32f103rbtx.o
                0x08000000                g_pfnVectors
                0x0800010c                        . = ALIGN (0x4)

.text           0x0800010c     0x5414
                0x0800010c                        . = ALIGN (0x4)
 *(.text)
 .text          0x0800010c       0x40 C:/ST/STM32CubeIDE_2.1.1/STM32CubeIDE/plugins/com.st.stm32cube.ide.mcu.externaltools.gnu-tools-for-stm32.14.3.rel1.win32_1.0.100.202602081740/tools/bin/../lib/gcc/arm-none-eabi/14.3.1/thumb/v7-m/nofp/crtbegin.o
 .text          0x0800014c      0x21c C:/ST/STM32CubeIDE_2.1.1/STM32CubeIDE/plugins/com.st.stm32cube.ide.mcu.externaltools.gnu-tools-for-stm32.14.3.rel1.win32_1.0.100.202602081740/tools/bin/../lib/gcc/arm-none-eabi/14.3.1/thumb/v7-m/nofp\libgcc.a(_arm_addsubsf3.o)
                0x0800014c                __aeabi_frsub
                0x08000154                __subsf3
                0x08000154                __aeabi_fsub
                0x08000158                __aeabi_fadd
                0x08000158                __addsf3
                0x080002b8                __aeabi_ui2f
                0x080002b8                __floatunsisf
                0x080002c0                __aeabi_i2f
                0x080002c0                __floatsisf
                0x080002dc                __aeabi_ul2f
                0x080002dc                __floatundisf
                0x080002ec                __aeabi_l2f
                0x080002ec                __floatdisf
 .text          0x08000368      0x2a0 C:/ST/STM32CubeIDE_2.1.1/STM32CubeIDE/plugins/com.st.stm32cube.ide.mcu.externaltools.gnu-tools-for-stm32.14.3.rel1.win32_1.0.100.202602081740/tools/bin/../lib/gcc/arm-none-eabi/14.3.1/thumb/v7-m/nofp\libgcc.a(_arm_muldivsf3.o)
                0x08000368                __mulsf3
                0x08000368                __aeabi_fmul
                0x080004d0                __aeabi_fdiv
                0x080004d0                __divsf3
 .text          0x08000608       0xec C:/ST/STM32CubeIDE_2.1.1/STM32CubeIDE/plugins/com.st.stm32cube.ide.mcu.externaltools.gnu-tools-for-stm32.14.3.rel1.win32_1.0.100.202602081740/tools/bin/../lib/gcc/arm-none-eabi/14.3.1/thumb/v7-m/nofp\libgcc.a(_arm_cmpsf2.o)
                0x08000608                __gesf2
                0x08000608                __gtsf2
                0x08000610                __lesf2
                0x08000610                __ltsf2
                0x08000618                __nesf2
                0x08000618                __eqsf2
                0x08000618                __cmpsf2
                0x08000678                __aeabi_cfrcmple
                0x08000680                __aeabi_cfcmpeq
                0x08000680                __aeabi_cfcmple
                0x08000690                __aeabi_fcmpeq
                0x080006a4                __aeabi_fcmplt
                0x080006b8                __aeabi_fcmple
                0x080006cc                __aeabi_fcmpge
                0x080006e0                __aeabi_fcmpgt
 .text          0x080006f4       0x4c C:/ST/STM32CubeIDE_2.1.1/STM32CubeIDE/plugins/com.st.stm32cube.ide.mcu.externaltools.gnu-tools-for-stm32.14.3.rel1.win32_1.0.100.202602081740/tools/bin/../lib/gcc/arm-none-eabi/14.3.1/thumb/v7-m/nofp\libgcc.a(_arm_fixsfsi.o)
                0x080006f4                __aeabi_f2iz
                0x080006f4                __fixsfsi
 *(.text*)
 .text.Buffer_Filter
                0x08000740       0x8c ./App/Algorithm/Src/filter.o
                0x08000740                Buffer_Filter
 .text.PID_Compute
                0x080007cc      0x104 ./App/Algorithm/Src/pid.o
                0x080007cc                PID_Compute
 .text.PID_Reset
                0x080008d0       0x20 ./App/Algorithm/Src/pid.o
                0x080008d0                PID_Reset
 .text.Motor_Rotate
                0x080008f0       0xa8 ./App/Drivers/API/Src/motor.o
                0x080008f0                Motor_Rotate
 .text.Motor_Shift
                0x08000998       0xf0 ./App/Drivers/API/Src/motor.o
                0x08000998                Motor_Shift
 .text.Which_Sensor
                0x08000a88       0x74 ./App/Drivers/API/Src/motor.o
                0x08000a88                Which_Sensor
 .text.Motor_PID_Control
                0x08000afc       0x90 ./App/Drivers/API/Src/motor.o
                0x08000afc                Motor_PID_Control
 .text.Sensor_Trigger
                0x08000b8c       0x4c ./App/Drivers/API/Src/sensor.o
                0x08000b8c                Sensor_Trigger
 .text.Sensor_ISR
                0x08000bd8       0xa4 ./App/Drivers/API/Src/sensor.o
                0x08000bd8                Sensor_ISR
 .text.Get_Distance
                0x08000c7c       0x40 ./App/Drivers/API/Src/sensor.o
                0x08000c7c                Get_Distance
 .text.calculate_distance
                0x08000cbc       0x34 ./App/Drivers/API/Src/sensor.o
 .text.HAL_GPIO_EXTI_Callback
                0x08000cf0       0x1a ./App/Drivers/API/Src/sensor.o
                0x08000cf0                HAL_GPIO_EXTI_Callback
 *fill*         0x08000d0a        0x2 
 .text.vTaskControl
                0x08000d0c      0x11c ./App/Tasks/Src/control_task.o
                0x08000d0c                vTaskControl
 .text.vTaskSensorScanner
                0x08000e28       0x94 ./App/Tasks/Src/sensor_task.o
                0x08000e28                vTaskSensorScanner
 .text.vTaskUART
                0x08000ebc       0x12 ./App/Tasks/Src/uart_task.o
                0x08000ebc                vTaskUART
 *fill*         0x08000ece        0x2 
 .text.main     0x08000ed0      0x124 ./Core/Src/main.o
                0x08000ed0                main
 .text.SystemClock_Config
                0x08000ff4       0x82 ./Core/Src/main.o
                0x08000ff4                SystemClock_Config
 *fill*         0x08001076        0x2 
 .text.MX_TIM2_Init
                0x08001078       0x98 ./Core/Src/main.o
 .text.MX_TIM3_Init
                0x08001110       0xb4 ./Core/Src/main.o
 .text.MX_TIM4_Init
                0x080011c4       0x9c ./Core/Src/main.o
 .text.MX_GPIO_Init
                0x08001260      0x13c ./Core/Src/main.o
 .text.HAL_TIM_PeriodElapsedCallback
                0x0800139c       0x24 ./Core/Src/main.o
                0x0800139c                HAL_TIM_PeriodElapsedCallback
 .text.Error_Handler
                0x080013c0        0xc ./Core/Src/main.o
                0x080013c0                Error_Handler
 .text.HAL_MspInit
                0x080013cc       0x64 ./Core/Src/stm32f1xx_hal_msp.o
                0x080013cc                HAL_MspInit
 .text.HAL_TIM_Base_MspInit
                0x08001430       0x60 ./Core/Src/stm32f1xx_hal_msp.o
                0x08001430                HAL_TIM_Base_MspInit
 .text.HAL_TIM_PWM_MspInit
                0x08001490       0x3c ./Core/Src/stm32f1xx_hal_msp.o
                0x08001490                HAL_TIM_PWM_MspInit
 .text.HAL_TIM_MspPostInit
                0x080014cc       0x64 ./Core/Src/stm32f1xx_hal_msp.o
                0x080014cc                HAL_TIM_MspPostInit
 .text.HAL_InitTick
                0x08001530       0xe4 ./Core/Src/stm32f1xx_hal_timebase_tim.o
                0x08001530                HAL_InitTick
 .text.NMI_Handler
                0x08001614        0x8 ./Core/Src/stm32f1xx_it.o
                0x08001614                NMI_Handler
 .text.HardFault_Handler
                0x0800161c        0x8 ./Core/Src/stm32f1xx_it.o
                0x0800161c                HardFault_Handler
 .text.MemManage_Handler
                0x08001624        0x8 ./Core/Src/stm32f1xx_it.o
                0x08001624                MemManage_Handler
 .text.BusFault_Handler
                0x0800162c        0x8 ./Core/Src/stm32f1xx_it.o
                0x0800162c                BusFault_Handler
 .text.UsageFault_Handler
                0x08001634        0x8 ./Core/Src/stm32f1xx_it.o
                0x08001634                UsageFault_Handler
 .text.DebugMon_Handler
                0x0800163c        0xc ./Core/Src/stm32f1xx_it.o
                0x0800163c                DebugMon_Handler
 .text.TIM1_UP_IRQHandler
                0x08001648       0x14 ./Core/Src/stm32f1xx_it.o
                0x08001648                TIM1_UP_IRQHandler
 .text.EXTI15_10_IRQHandler
                0x0800165c       0x20 ./Core/Src/stm32f1xx_it.o
                0x0800165c                EXTI15_10_IRQHandler
 .text.SystemInit
                0x0800167c        0xc ./Core/Src/system_stm32f1xx.o
                0x0800167c                SystemInit
 .text.Reset_Handler
                0x08001688       0x48 ./Core/Startup/startup_stm32f103rbtx.o
                0x08001688                Reset_Handler
 .text.Default_Handler
                0x080016d0        0x2 ./Core/Startup/startup_stm32f103rbtx.o
                0x080016d0                RTC_Alarm_IRQHandler
                0x080016d0                EXTI2_IRQHandler
                0x080016d0                TIM1_CC_IRQHandler
                0x080016d0                PVD_IRQHandler
                0x080016d0                EXTI3_IRQHandler
                0x080016d0                EXTI0_IRQHandler
                0x080016d0                I2C2_EV_IRQHandler
                0x080016d0                ADC1_2_IRQHandler
                0x080016d0                SPI1_IRQHandler
                0x080016d0                TAMPER_IRQHandler
                0x080016d0                DMA1_Channel4_IRQHandler
                0x080016d0                USART3_IRQHandler
                0x080016d0                RTC_IRQHandler
                0x080016d0                DMA1_Channel7_IRQHandler
                0x080016d0                CAN1_RX1_IRQHandler
                0x080016d0                TIM4_IRQHandler
                0x080016d0                I2C1_EV_IRQHandler
                0x080016d0                DMA1_Channel6_IRQHandler
                0x080016d0                TIM3_IRQHandler
                0x080016d0                RCC_IRQHandler
                0x080016d0                TIM1_TRG_COM_IRQHandler
                0x080016d0                DMA1_Channel1_IRQHandler
                0x080016d0                Default_Handler
                0x080016d0                EXTI9_5_IRQHandler
                0x080016d0                SPI2_IRQHandler
                0x080016d0                DMA1_Channel5_IRQHandler
                0x080016d0                EXTI4_IRQHandler
                0x080016d0                USB_LP_CAN1_RX0_IRQHandler
                0x080016d0                USB_HP_CAN1_TX_IRQHandler
                0x080016d0                DMA1_Channel3_IRQHandler
                0x080016d0                WWDG_IRQHandler
                0x080016d0                TIM2_IRQHandler
                0x080016d0                TIM1_BRK_IRQHandler
                0x080016d0                EXTI1_IRQHandler
                0x080016d0                USART2_IRQHandler
                0x080016d0                I2C2_ER_IRQHandler
                0x080016d0                DMA1_Channel2_IRQHandler
                0x080016d0                CAN1_SCE_IRQHandler
                0x080016d0                FLASH_IRQHandler
                0x080016d0                USART1_IRQHandler
                0x080016d0                I2C1_ER_IRQHandler
                0x080016d0                USBWakeUp_IRQHandler
 *fill*         0x080016d2        0x2 
 .text.HAL_Init
                0x080016d4       0x2c ./Drivers/STM32F1xx_HAL_Driver/Src/stm32f1xx_hal.o
                0x080016d4                HAL_Init
 .text.HAL_IncTick
                0x08001700       0x24 ./Drivers/STM32F1xx_HAL_Driver/Src/stm32f1xx_hal.o
                0x08001700                HAL_IncTick
 .text.HAL_GetTick
                0x08001724       0x14 ./Drivers/STM32F1xx_HAL_Driver/Src/stm32f1xx_hal.o
                0x08001724                HAL_GetTick
 .text.__NVIC_SetPriorityGrouping
                0x08001738       0x48 ./Drivers/STM32F1xx_HAL_Driver/Src/stm32f1xx_hal_cortex.o
 .text.__NVIC_GetPriorityGrouping
                0x08001780       0x1c ./Drivers/STM32F1xx_HAL_Driver/Src/stm32f1xx_hal_cortex.o
 .text.__NVIC_EnableIRQ
                0x0800179c       0x38 ./Drivers/STM32F1xx_HAL_Driver/Src/stm32f1xx_hal_cortex.o
 .text.__NVIC_SetPriority
                0x080017d4       0x54 ./Drivers/STM32F1xx_HAL_Driver/Src/stm32f1xx_hal_cortex.o
 .text.NVIC_EncodePriority
                0x08001828       0x64 ./Drivers/STM32F1xx_HAL_Driver/Src/stm32f1xx_hal_cortex.o
 .text.HAL_NVIC_SetPriorityGrouping
                0x0800188c       0x16 ./Drivers/STM32F1xx_HAL_Driver/Src/stm32f1xx_hal_cortex.o
                0x0800188c                HAL_NVIC_SetPriorityGrouping
 .text.HAL_NVIC_SetPriority
                0x080018a2       0x38 ./Drivers/STM32F1xx_HAL_Driver/Src/stm32f1xx_hal_cortex.o
                0x080018a2                HAL_NVIC_SetPriority
 .text.HAL_NVIC_EnableIRQ
                0x080018da       0x1c ./Drivers/STM32F1xx_HAL_Driver/Src/stm32f1xx_hal_cortex.o
                0x080018da                HAL_NVIC_EnableIRQ
 *fill*         0x080018f6        0x2 
 .text.HAL_GPIO_Init
                0x080018f8      0x308 ./Drivers/STM32F1xx_HAL_Driver/Src/stm32f1xx_hal_gpio.o
                0x080018f8                HAL_GPIO_Init
 .text.HAL_GPIO_ReadPin
                0x08001c00       0x2e ./Drivers/STM32F1xx_HAL_Driver/Src/stm32f1xx_hal_gpio.o
                0x08001c00                HAL_GPIO_ReadPin
 .text.HAL_GPIO_WritePin
                0x08001c2e       0x30 ./Drivers/STM32F1xx_HAL_Driver/Src/stm32f1xx_hal_gpio.o
                0x08001c2e                HAL_GPIO_WritePin
 *fill*         0x08001c5e        0x2 
 .text.HAL_GPIO_EXTI_IRQHandler
                0x08001c60       0x30 ./Drivers/STM32F1xx_HAL_Driver/Src/stm32f1xx_hal_gpio.o
                0x08001c60                HAL_GPIO_EXTI_IRQHandler
 .text.HAL_RCC_OscConfig
                0x08001c90      0x504 ./Drivers/STM32F1xx_HAL_Driver/Src/stm32f1xx_hal_rcc.o
                0x08001c90                HAL_RCC_OscConfig
 .text.HAL_RCC_ClockConfig
                0x08002194      0x1d4 ./Drivers/STM32F1xx_HAL_Driver/Src/stm32f1xx_hal_rcc.o
                0x08002194                HAL_RCC_ClockConfig
 .text.HAL_RCC_GetSysClockFreq
                0x08002368       0xa8 ./Drivers/STM32F1xx_HAL_Driver/Src/stm32f1xx_hal_rcc.o
                0x08002368                HAL_RCC_GetSysClockFreq
 .text.HAL_RCC_GetHCLKFreq
                0x08002410       0x14 ./Drivers/STM32F1xx_HAL_Driver/Src/stm32f1xx_hal_rcc.o
                0x08002410                HAL_RCC_GetHCLKFreq
 .text.HAL_RCC_GetPCLK2Freq
                0x08002424       0x28 ./Drivers/STM32F1xx_HAL_Driver/Src/stm32f1xx_hal_rcc.o
                0x08002424                HAL_RCC_GetPCLK2Freq
 .text.HAL_RCC_GetClockConfig
                0x0800244c       0x60 ./Drivers/STM32F1xx_HAL_Driver/Src/stm32f1xx_hal_rcc.o
                0x0800244c                HAL_RCC_GetClockConfig
 .text.RCC_Delay
                0x080024ac       0x3c ./Drivers/STM32F1xx_HAL_Driver/Src/stm32f1xx_hal_rcc.o
 .text.HAL_TIM_Base_Init
                0x080024e8       0x9e ./Drivers/STM32F1xx_HAL_Driver/Src/stm32f1xx_hal_tim.o
                0x080024e8                HAL_TIM_Base_Init
 *fill*         0x08002586        0x2 
 .text.HAL_TIM_Base_Start_IT
                0x08002588       0xa4 ./Drivers/STM32F1xx_HAL_Driver/Src/stm32f1xx_hal_tim.o
                0x08002588                HAL_TIM_Base_Start_IT
 .text.HAL_TIM_PWM_Init
                0x0800262c       0x9e ./Drivers/STM32F1xx_HAL_Driver/Src/stm32f1xx_hal_tim.o
                0x0800262c                HAL_TIM_PWM_Init
 *fill*         0x080026ca        0x2 
 .text.HAL_TIM_PWM_Start
                0x080026cc      0x144 ./Drivers/STM32F1xx_HAL_Driver/Src/stm32f1xx_hal_tim.o
                0x080026cc                HAL_TIM_PWM_Start
 .text.HAL_TIM_IRQHandler
                0x08002810      0x1e0 ./Drivers/STM32F1xx_HAL_Driver/Src/stm32f1xx_hal_tim.o
                0x08002810                HAL_TIM_IRQHandler
 .text.HAL_TIM_PWM_ConfigChannel
                0x080029f0      0x184 ./Drivers/STM32F1xx_HAL_Driver/Src/stm32f1xx_hal_tim.o
                0x080029f0                HAL_TIM_PWM_ConfigChannel
 .text.HAL_TIM_ConfigClockSource
                0x08002b74      0x18e ./Drivers/STM32F1xx_HAL_Driver/Src/stm32f1xx_hal_tim.o
                0x08002b74                HAL_TIM_ConfigClockSource
 .text.HAL_TIM_OC_DelayElapsedCallback
                0x08002d02       0x12 ./Drivers/STM32F1xx_HAL_Driver/Src/stm32f1xx_hal_tim.o
                0x08002d02                HAL_TIM_OC_DelayElapsedCallback
 .text.HAL_TIM_IC_CaptureCallback
                0x08002d14       0x12 ./Drivers/STM32F1xx_HAL_Driver/Src/stm32f1xx_hal_tim.o
                0x08002d14                HAL_TIM_IC_CaptureCallback
 .text.HAL_TIM_PWM_PulseFinishedCallback
                0x08002d26       0x12 ./Drivers/STM32F1xx_HAL_Driver/Src/stm32f1xx_hal_tim.o
                0x08002d26                HAL_TIM_PWM_PulseFinishedCallback
 .text.HAL_TIM_TriggerCallback
                0x08002d38       0x12 ./Drivers/STM32F1xx_HAL_Driver/Src/stm32f1xx_hal_tim.o
                0x08002d38                HAL_TIM_TriggerCallback
 *fill*         0x08002d4a        0x2 
 .text.TIM_Base_SetConfig
                0x08002d4c       0xdc ./Drivers/STM32F1xx_HAL_Driver/Src/stm32f1xx_hal_tim.o
                0x08002d4c                TIM_Base_SetConfig
 .text.TIM_OC1_SetConfig
                0x08002e28       0xcc ./Drivers/STM32F1xx_HAL_Driver/Src/stm32f1xx_hal_tim.o
 .text.TIM_OC2_SetConfig
                0x08002ef4       0xd4 ./Drivers/STM32F1xx_HAL_Driver/Src/stm32f1xx_hal_tim.o
                0x08002ef4                TIM_OC2_SetConfig
 .text.TIM_OC3_SetConfig
                0x08002fc8       0xd4 ./Drivers/STM32F1xx_HAL_Driver/Src/stm32f1xx_hal_tim.o
 .text.TIM_OC4_SetConfig
                0x0800309c       0x9c ./Drivers/STM32F1xx_HAL_Driver/Src/stm32f1xx_hal_tim.o
 .text.TIM_TI1_ConfigInputStage
                0x08003138       0x5c ./Drivers/STM32F1xx_HAL_Driver/Src/stm32f1xx_hal_tim.o
 .text.TIM_TI2_ConfigInputStage
                0x08003194       0x5e ./Drivers/STM32F1xx_HAL_Driver/Src/stm32f1xx_hal_tim.o
 .text.TIM_ITRx_SetConfig
                0x080031f2       0x34 ./Drivers/STM32F1xx_HAL_Driver/Src/stm32f1xx_hal_tim.o
 .text.TIM_ETR_SetConfig
                0x08003226       0x3e ./Drivers/STM32F1xx_HAL_Driver/Src/stm32f1xx_hal_tim.o
                0x08003226                TIM_ETR_SetConfig
 .text.TIM_CCxChannelCmd
                0x08003264       0x48 ./Drivers/STM32F1xx_HAL_Driver/Src/stm32f1xx_hal_tim.o
                0x08003264                TIM_CCxChannelCmd
 .text.HAL_TIMEx_MasterConfigSynchronization
                0x080032ac       0xbc ./Drivers/STM32F1xx_HAL_Driver/Src/stm32f1xx_hal_tim_ex.o
                0x080032ac                HAL_TIMEx_MasterConfigSynchronization
 .text.HAL_TIMEx_CommutCallback
                0x08003368       0x12 ./Drivers/STM32F1xx_HAL_Driver/Src/stm32f1xx_hal_tim_ex.o
                0x08003368                HAL_TIMEx_CommutCallback
 .text.HAL_TIMEx_BreakCallback
                0x0800337a       0x12 ./Drivers/STM32F1xx_HAL_Driver/Src/stm32f1xx_hal_tim_ex.o
                0x0800337a                HAL_TIMEx_BreakCallback
 .text.vListInitialise
                0x0800338c       0x3e ./ThirdParty/FreeRTOS/list.o
                0x0800338c                vListInitialise
 .text.vListInitialiseItem
                0x080033ca       0x18 ./ThirdParty/FreeRTOS/list.o
                0x080033ca                vListInitialiseItem
 .text.vListInsert
                0x080033e2       0x70 ./ThirdParty/FreeRTOS/list.o
                0x080033e2                vListInsert
 .text.uxListRemove
                0x08003452       0x52 ./ThirdParty/FreeRTOS/list.o
                0x08003452                uxListRemove
 .text.xQueueGenericReset
                0x080034a4      0x124 ./ThirdParty/FreeRTOS/queue.o
                0x080034a4                xQueueGenericReset
 .text.xQueueGenericCreate
                0x080035c8       0x9e ./ThirdParty/FreeRTOS/queue.o
                0x080035c8                xQueueGenericCreate
 .text.prvInitialiseNewQueue
                0x08003666       0x3e ./ThirdParty/FreeRTOS/queue.o
 .text.xQueueGenericSend
                0x080036a4      0x1d4 ./ThirdParty/FreeRTOS/queue.o
                0x080036a4                xQueueGenericSend
 .text.xQueueReceive
                0x08003878      0x194 ./ThirdParty/FreeRTOS/queue.o
                0x08003878                xQueueReceive
 .text.prvCopyDataToQueue
                0x08003a0c       0xb8 ./ThirdParty/FreeRTOS/queue.o
 .text.prvCopyDataFromQueue
                0x08003ac4       0x4c ./ThirdParty/FreeRTOS/queue.o
 .text.prvUnlockQueue
                0x08003b10       0xa4 ./ThirdParty/FreeRTOS/queue.o
 .text.prvIsQueueEmpty
                0x08003bb4       0x2c ./ThirdParty/FreeRTOS/queue.o
 .text.prvIsQueueFull
                0x08003be0       0x30 ./ThirdParty/FreeRTOS/queue.o
 .text.prvCreateTask
                0x08003c10       0x78 ./ThirdParty/FreeRTOS/tasks.o
 .text.xTaskCreate
                0x08003c88       0x46 ./ThirdParty/FreeRTOS/tasks.o
                0x08003c88                xTaskCreate
 .text.prvInitialiseNewTask
                0x08003cce      0x134 ./ThirdParty/FreeRTOS/tasks.o
 *fill*         0x08003e02        0x2 
 .text.prvAddNewTaskToReadyList
                0x08003e04      0x128 ./ThirdParty/FreeRTOS/tasks.o
 .text.xTaskDelayUntil
                0x08003f2c      0x104 ./ThirdParty/FreeRTOS/tasks.o
                0x08003f2c                xTaskDelayUntil
 .text.prvCreateIdleTasks
                0x08004030       0xac ./ThirdParty/FreeRTOS/tasks.o
 .text.vTaskStartScheduler
                0x080040dc       0x7c ./ThirdParty/FreeRTOS/tasks.o
                0x080040dc                vTaskStartScheduler
 .text.vTaskSuspendAll
                0x08004158       0x1c ./ThirdParty/FreeRTOS/tasks.o
                0x08004158                vTaskSuspendAll
 .text.xTaskResumeAll
                0x08004174      0x210 ./ThirdParty/FreeRTOS/tasks.o
                0x08004174                xTaskResumeAll
 .text.xTaskGetTickCount
                0x08004384       0x1c ./ThirdParty/FreeRTOS/tasks.o
                0x08004384                xTaskGetTickCount
 .text.xTaskIncrementTick
                0x080043a0      0x234 ./ThirdParty/FreeRTOS/tasks.o
                0x080043a0                xTaskIncrementTick
 .text.vTaskSwitchContext
                0x080045d4       0xb8 ./ThirdParty/FreeRTOS/tasks.o
                0x080045d4                vTaskSwitchContext
 .text.vTaskPlaceOnEventList
                0x0800468c       0x4c ./ThirdParty/FreeRTOS/tasks.o
                0x0800468c                vTaskPlaceOnEventList
 .text.xTaskRemoveFromEventList
                0x080046d8      0x1b0 ./ThirdParty/FreeRTOS/tasks.o
                0x080046d8                xTaskRemoveFromEventList
 .text.vTaskInternalSetTimeOutState
                0x08004888       0x2c ./ThirdParty/FreeRTOS/tasks.o
                0x08004888                vTaskInternalSetTimeOutState
 .text.xTaskCheckForTimeOut
                0x080048b4       0xd0 ./ThirdParty/FreeRTOS/tasks.o
                0x080048b4                xTaskCheckForTimeOut
 .text.vTaskMissedYield
                0x08004984       0x18 ./ThirdParty/FreeRTOS/tasks.o
                0x08004984                vTaskMissedYield
 .text.prvIdleTask
                0x0800499c       0x30 ./ThirdParty/FreeRTOS/tasks.o
 .text.prvInitialiseTaskLists
                0x080049cc       0x80 ./ThirdParty/FreeRTOS/tasks.o
 .text.prvCheckTasksWaitingTermination
                0x08004a4c       0x5c ./ThirdParty/FreeRTOS/tasks.o
 .text.prvDeleteTCB
                0x08004aa8       0x20 ./ThirdParty/FreeRTOS/tasks.o
 .text.prvResetNextTaskUnblockTime
                0x08004ac8       0x34 ./ThirdParty/FreeRTOS/tasks.o
 .text.prvAddCurrentTaskToDelayedList
                0x08004afc      0x104 ./ThirdParty/FreeRTOS/tasks.o
 .text.pxPortInitialiseStack
                0x08004c00       0x58 ./ThirdParty/FreeRTOS/portable/GCC/ARM_CM3/port.o
                0x08004c00                pxPortInitialiseStack
 .text.prvTaskExitError
                0x08004c58       0x58 ./ThirdParty/FreeRTOS/portable/GCC/ARM_CM3/port.o
 .text.SVC_Handler
                0x08004cb0       0x28 ./ThirdParty/FreeRTOS/portable/GCC/ARM_CM3/port.o
                0x08004cb0                SVC_Handler
 .text.prvPortStartFirstTask
                0x08004cd8       0x24 ./ThirdParty/FreeRTOS/portable/GCC/ARM_CM3/port.o
 .text.xPortStartScheduler
                0x08004cfc      0x120 ./ThirdParty/FreeRTOS/portable/GCC/ARM_CM3/port.o
                0x08004cfc                xPortStartScheduler
 .text.vPortEnterCritical
                0x08004e1c       0x60 ./ThirdParty/FreeRTOS/portable/GCC/ARM_CM3/port.o
                0x08004e1c                vPortEnterCritical
 .text.vPortExitCritical
                0x08004e7c       0x54 ./ThirdParty/FreeRTOS/portable/GCC/ARM_CM3/port.o
                0x08004e7c                vPortExitCritical
 .text.PendSV_Handler
                0x08004ed0       0x48 ./ThirdParty/FreeRTOS/portable/GCC/ARM_CM3/port.o
                0x08004ed0                PendSV_Handler
 .text.SysTick_Handler
                0x08004f18       0x44 ./ThirdParty/FreeRTOS/portable/GCC/ARM_CM3/port.o
                0x08004f18                SysTick_Handler
 .text.vPortSetupTimerInterrupt
                0x08004f5c       0x34 ./ThirdParty/FreeRTOS/portable/GCC/ARM_CM3/port.o
                0x08004f5c                vPortSetupTimerInterrupt
 .text.pvPortMalloc
                0x08004f90      0x270 ./ThirdParty/FreeRTOS/portable/MemMang/heap_4.o
                0x08004f90                pvPortMalloc
 .text.vPortFree
                0x08005200       0xec ./ThirdParty/FreeRTOS/portable/MemMang/heap_4.o
                0x08005200                vPortFree
 .text.prvHeapInit
                0x080052ec       0xb4 ./ThirdParty/FreeRTOS/portable/MemMang/heap_4.o
 .text.prvInsertBlockIntoFreeList
                0x080053a0       0xf4 ./ThirdParty/FreeRTOS/portable/MemMang/heap_4.o
 .text.memset   0x08005494       0x10 C:/ST/STM32CubeIDE_2.1.1/STM32CubeIDE/plugins/com.st.stm32cube.ide.mcu.externaltools.gnu-tools-for-stm32.14.3.rel1.win32_1.0.100.202602081740/tools/bin/../lib/gcc/arm-none-eabi/14.3.1/../../../../arm-none-eabi/lib/thumb/v7-m/nofp\libc_nano.a(libc_a-memset.o)
                0x08005494                memset
 .text.__libc_init_array
                0x080054a4       0x48 C:/ST/STM32CubeIDE_2.1.1/STM32CubeIDE/plugins/com.st.stm32cube.ide.mcu.externaltools.gnu-tools-for-stm32.14.3.rel1.win32_1.0.100.202602081740/tools/bin/../lib/gcc/arm-none-eabi/14.3.1/../../../../arm-none-eabi/lib/thumb/v7-m/nofp\libc_nano.a(libc_a-init.o)
                0x080054a4                __libc_init_array
 .text.memcpy   0x080054ec       0x1c C:/ST/STM32CubeIDE_2.1.1/STM32CubeIDE/plugins/com.st.stm32cube.ide.mcu.externaltools.gnu-tools-for-stm32.14.3.rel1.win32_1.0.100.202602081740/tools/bin/../lib/gcc/arm-none-eabi/14.3.1/../../../../arm-none-eabi/lib/thumb/v7-m/nofp\libc_nano.a(libc_a-memcpy-stub.o)
                0x080054ec                memcpy
 *(.glue_7)
 .glue_7        0x08005508        0x0 linker stubs
 *(.glue_7t)
 .glue_7t       0x08005508        0x0 linker stubs
 *(.eh_frame)
 .eh_frame      0x08005508        0x0 C:/ST/STM32CubeIDE_2.1.1/STM32CubeIDE/plugins/com.st.stm32cube.ide.mcu.externaltools.gnu-tools-for-stm32.14.3.rel1.win32_1.0.100.202602081740/tools/bin/../lib/gcc/arm-none-eabi/14.3.1/thumb/v7-m/nofp/crtbegin.o
 *(.init)
 .init          0x08005508        0x4 C:/ST/STM32CubeIDE_2.1.1/STM32CubeIDE/plugins/com.st.stm32cube.ide.mcu.externaltools.gnu-tools-for-stm32.14.3.rel1.win32_1.0.100.202602081740/tools/bin/../lib/gcc/arm-none-eabi/14.3.1/thumb/v7-m/nofp/crti.o
                0x08005508                _init
 .init          0x0800550c        0x8 C:/ST/STM32CubeIDE_2.1.1/STM32CubeIDE/plugins/com.st.stm32cube.ide.mcu.externaltools.gnu-tools-for-stm32.14.3.rel1.win32_1.0.100.202602081740/tools/bin/../lib/gcc/arm-none-eabi/14.3.1/thumb/v7-m/nofp/crtn.o
 *(.fini)
 .fini          0x08005514        0x4 C:/ST/STM32CubeIDE_2.1.1/STM32CubeIDE/plugins/com.st.stm32cube.ide.mcu.externaltools.gnu-tools-for-stm32.14.3.rel1.win32_1.0.100.202602081740/tools/bin/../lib/gcc/arm-none-eabi/14.3.1/thumb/v7-m/nofp/crti.o
                0x08005514                _fini
 .fini          0x08005518        0x8 C:/ST/STM32CubeIDE_2.1.1/STM32CubeIDE/plugins/com.st.stm32cube.ide.mcu.externaltools.gnu-tools-for-stm32.14.3.rel1.win32_1.0.100.202602081740/tools/bin/../lib/gcc/arm-none-eabi/14.3.1/thumb/v7-m/nofp/crtn.o
                0x08005520                        . = ALIGN (0x4)
                0x08005520                        _etext = .

.vfp11_veneer   0x08005520        0x0
 .vfp11_veneer  0x08005520        0x0 linker stubs

.v4_bx          0x08005520        0x0
 .v4_bx         0x08005520        0x0 linker stubs

.iplt           0x08005520        0x0
 .iplt          0x08005520        0x0 C:/ST/STM32CubeIDE_2.1.1/STM32CubeIDE/plugins/com.st.stm32cube.ide.mcu.externaltools.gnu-tools-for-stm32.14.3.rel1.win32_1.0.100.202602081740/tools/bin/../lib/gcc/arm-none-eabi/14.3.1/thumb/v7-m/nofp/crtbegin.o

.rodata         0x08005520       0x60
                0x08005520                        . = ALIGN (0x4)
 *(.rodata)
 .rodata        0x08005520       0x26 ./Core/Src/main.o
 *fill*         0x08005546        0x2 
 .rodata        0x08005548        0x5 ./ThirdParty/FreeRTOS/tasks.o
 *(.rodata*)
 *fill*         0x0800554d        0x3 
 .rodata.AHBPrescTable
                0x08005550       0x10 ./Core/Src/system_stm32f1xx.o
                0x08005550                AHBPrescTable
 .rodata.APBPrescTable
                0x08005560        0x8 ./Core/Src/system_stm32f1xx.o
                0x08005560                APBPrescTable
 .rodata.aPLLMULFactorTable.1
                0x08005568       0x10 ./Drivers/STM32F1xx_HAL_Driver/Src/stm32f1xx_hal_rcc.o
 .rodata.aPredivFactorTable.0
                0x08005578        0x2 ./Drivers/STM32F1xx_HAL_Driver/Src/stm32f1xx_hal_rcc.o
 *fill*         0x0800557a        0x2 
 .rodata.uxTopUsedPriority
                0x0800557c        0x4 ./ThirdParty/FreeRTOS/tasks.o
                0x08005580                        . = ALIGN (0x4)

.ARM.extab      0x08005580        0x0
                0x08005580                        . = ALIGN (0x4)
 *(.ARM.extab* .gnu.linkonce.armextab.*)
                0x08005580                        . = ALIGN (0x4)

.ARM            0x08005580        0x0
                0x08005580                        . = ALIGN (0x4)
                0x08005580                        __exidx_start = .
 *(.ARM.exidx*)
                0x08005580                        __exidx_end = .
                0x08005580                        . = ALIGN (0x4)

.preinit_array  0x08005580        0x0
                0x08005580                        . = ALIGN (0x4)
                0x08005580                        PROVIDE (__preinit_array_start = .)
 *(.preinit_array*)
                0x08005580                        PROVIDE (__preinit_array_end = .)
                0x08005580                        . = ALIGN (0x4)

.init_array     0x08005580        0x4
                0x08005580                        . = ALIGN (0x4)
                0x08005580                        PROVIDE (__init_array_start = .)
 *(SORT_BY_NAME(.init_array.*))
 *(.init_array*)
 .init_array    0x08005580        0x4 C:/ST/STM32CubeIDE_2.1.1/STM32CubeIDE/plugins/com.st.stm32cube.ide.mcu.externaltools.gnu-tools-for-stm32.14.3.rel1.win32_1.0.100.202602081740/tools/bin/../lib/gcc/arm-none-eabi/14.3.1/thumb/v7-m/nofp/crtbegin.o
                0x08005584                        PROVIDE (__init_array_end = .)
                0x08005584                        . = ALIGN (0x4)

.fini_array     0x08005584        0x4
                0x08005584                        . = ALIGN (0x4)
                [!provide]                        PROVIDE (__fini_array_start = .)
 *(SORT_BY_NAME(.fini_array.*))
 *(.fini_array*)
 .fini_array    0x08005584        0x4 C:/ST/STM32CubeIDE_2.1.1/STM32CubeIDE/plugins/com.st.stm32cube.ide.mcu.externaltools.gnu-tools-for-stm32.14.3.rel1.win32_1.0.100.202602081740/tools/bin/../lib/gcc/arm-none-eabi/14.3.1/thumb/v7-m/nofp/crtbegin.o
                [!provide]                        PROVIDE (__fini_array_end = .)
                0x08005588                        . = ALIGN (0x4)
                0x08005588                        _sidata = LOADADDR (.data)

.rel.dyn        0x08005588        0x0
 .rel.iplt      0x08005588        0x0 C:/ST/STM32CubeIDE_2.1.1/STM32CubeIDE/plugins/com.st.stm32cube.ide.mcu.externaltools.gnu-tools-for-stm32.14.3.rel1.win32_1.0.100.202602081740/tools/bin/../lib/gcc/arm-none-eabi/14.3.1/thumb/v7-m/nofp/crtbegin.o

.data           0x20000000       0x40 load address 0x08005588
                0x20000000                        . = ALIGN (0x4)
                0x20000000                        _sdata = .
 *(.data)
 *(.data*)
 .data.pid      0x20000000       0x1c ./App/Algorithm/Src/pid.o
 .data.motor    0x2000001c        0xc ./App/Drivers/API/Src/motor.o
                0x2000001c                motor
 .data.p_lbuffer
                0x20000028        0x4 ./App/Tasks/Src/control_task.o
                0x20000028                p_lbuffer
 .data.p_rbuffer
                0x2000002c        0x4 ./App/Tasks/Src/control_task.o
                0x2000002c                p_rbuffer
 .data.SystemCoreClock
                0x20000030        0x4 ./Core/Src/system_stm32f1xx.o
                0x20000030                SystemCoreClock
 .data.uwTickPrio
                0x20000034        0x4 ./Drivers/STM32F1xx_HAL_Driver/Src/stm32f1xx_hal.o
                0x20000034                uwTickPrio
 .data.uwTickFreq
                0x20000038        0x1 ./Drivers/STM32F1xx_HAL_Driver/Src/stm32f1xx_hal.o
                0x20000038                uwTickFreq
 *fill*         0x20000039        0x3 
 .data.uxCriticalNesting
                0x2000003c        0x4 ./ThirdParty/FreeRTOS/portable/GCC/ARM_CM3/port.o
 *(.RamFunc)
 *(.RamFunc*)
                0x20000040                        . = ALIGN (0x4)
                0x20000040                        _edata = .

.igot.plt       0x20000040        0x0 load address 0x080055c8
 .igot.plt      0x20000040        0x0 C:/ST/STM32CubeIDE_2.1.1/STM32CubeIDE/plugins/com.st.stm32cube.ide.mcu.externaltools.gnu-tools-for-stm32.14.3.rel1.win32_1.0.100.202602081740/tools/bin/../lib/gcc/arm-none-eabi/14.3.1/thumb/v7-m/nofp/crtbegin.o
                0x20000040                        . = ALIGN (0x4)

.bss            0x20000040     0x2ab0 load address 0x080055c8
                0x20000040                        _sbss = .
                0x20000040                        __bss_start__ = _sbss
 *(.bss)
 .bss           0x20000040       0x1c C:/ST/STM32CubeIDE_2.1.1/STM32CubeIDE/plugins/com.st.stm32cube.ide.mcu.externaltools.gnu-tools-for-stm32.14.3.rel1.win32_1.0.100.202602081740/tools/bin/../lib/gcc/arm-none-eabi/14.3.1/thumb/v7-m/nofp/crtbegin.o
 *(.bss*)
 .bss.Sensors   0x2000005c        0xc ./App/Drivers/API/Src/sensor.o
 .bss.state     0x20000068        0x1 ./App/Tasks/Src/control_task.o
 *fill*         0x20000069        0x3 
 .bss.L_Buffer  0x2000006c        0xe ./App/Tasks/Src/control_task.o
 *fill*         0x2000007a        0x2 
 .bss.R_Buffer  0x2000007c        0xe ./App/Tasks/Src/control_task.o
 .bss.uart_count.0
                0x2000008a        0x1 ./App/Tasks/Src/control_task.o
 .bss.step.1    0x2000008b        0x1 ./App/Tasks/Src/sensor_task.o
 .bss.dist.0    0x2000008c        0x4 ./App/Tasks/Src/sensor_task.o
 .bss.htim2     0x20000090       0x48 ./Core/Src/main.o
                0x20000090                htim2
 .bss.htim3     0x200000d8       0x48 ./Core/Src/main.o
                0x200000d8                htim3
 .bss.htim4     0x20000120       0x48 ./Core/Src/main.o
                0x20000120                htim4
 .bss.xQueueSensor
                0x20000168        0x4 ./Core/Src/main.o
                0x20000168                xQueueSensor
 .bss.xQueueUART
                0x2000016c        0x4 ./Core/Src/main.o
                0x2000016c                xQueueUART
 .bss.xSensorScannerHandle
                0x20000170        0x4 ./Core/Src/main.o
                0x20000170                xSensorScannerHandle
 .bss.xControlHandle
                0x20000174        0x4 ./Core/Src/main.o
                0x20000174                xControlHandle
 .bss.xUARTHandle
                0x20000178        0x4 ./Core/Src/main.o
                0x20000178                xUARTHandle
 .bss.htim1     0x2000017c       0x48 ./Core/Src/stm32f1xx_hal_timebase_tim.o
                0x2000017c                htim1
 .bss.uwTick    0x200001c4        0x4 ./Drivers/STM32F1xx_HAL_Driver/Src/stm32f1xx_hal.o
                0x200001c4                uwTick
 .bss.pxCurrentTCB
                0x200001c8        0x4 ./ThirdParty/FreeRTOS/tasks.o
                0x200001c8                pxCurrentTCB
 .bss.pxReadyTasksLists
                0x200001cc       0x64 ./ThirdParty/FreeRTOS/tasks.o
 .bss.xDelayedTaskList1
                0x20000230       0x14 ./ThirdParty/FreeRTOS/tasks.o
 .bss.xDelayedTaskList2
                0x20000244       0x14 ./ThirdParty/FreeRTOS/tasks.o
 .bss.pxDelayedTaskList
                0x20000258        0x4 ./ThirdParty/FreeRTOS/tasks.o
 .bss.pxOverflowDelayedTaskList
                0x2000025c        0x4 ./ThirdParty/FreeRTOS/tasks.o
 .bss.xPendingReadyList
                0x20000260       0x14 ./ThirdParty/FreeRTOS/tasks.o
 .bss.xTasksWaitingTermination
                0x20000274       0x14 ./ThirdParty/FreeRTOS/tasks.o
 .bss.uxDeletedTasksWaitingCleanUp
                0x20000288        0x4 ./ThirdParty/FreeRTOS/tasks.o
 .bss.xSuspendedTaskList
                0x2000028c       0x14 ./ThirdParty/FreeRTOS/tasks.o
 .bss.uxCurrentNumberOfTasks
                0x200002a0        0x4 ./ThirdParty/FreeRTOS/tasks.o
 .bss.xTickCount
                0x200002a4        0x4 ./ThirdParty/FreeRTOS/tasks.o
 .bss.uxTopReadyPriority
                0x200002a8        0x4 ./ThirdParty/FreeRTOS/tasks.o
 .bss.xSchedulerRunning
                0x200002ac        0x4 ./ThirdParty/FreeRTOS/tasks.o
 .bss.xPendedTicks
                0x200002b0        0x4 ./ThirdParty/FreeRTOS/tasks.o
 .bss.xYieldPendings
                0x200002b4        0x4 ./ThirdParty/FreeRTOS/tasks.o
 .bss.xNumOfOverflows
                0x200002b8        0x4 ./ThirdParty/FreeRTOS/tasks.o
 .bss.uxTaskNumber
                0x200002bc        0x4 ./ThirdParty/FreeRTOS/tasks.o
 .bss.xNextTaskUnblockTime
                0x200002c0        0x4 ./ThirdParty/FreeRTOS/tasks.o
 .bss.xIdleTaskHandles
                0x200002c4        0x4 ./ThirdParty/FreeRTOS/tasks.o
 .bss.uxSchedulerSuspended
                0x200002c8        0x4 ./ThirdParty/FreeRTOS/tasks.o
 .bss.ucMaxSysCallPriority
                0x200002cc        0x1 ./ThirdParty/FreeRTOS/portable/GCC/ARM_CM3/port.o
 *fill*         0x200002cd        0x3 
 .bss.ulMaxPRIGROUPValue
                0x200002d0        0x4 ./ThirdParty/FreeRTOS/portable/GCC/ARM_CM3/port.o
 .bss.ucHeap    0x200002d4     0x2800 ./ThirdParty/FreeRTOS/portable/MemMang/heap_4.o
 .bss.xStart    0x20002ad4        0x8 ./ThirdParty/FreeRTOS/portable/MemMang/heap_4.o
 .bss.pxEnd     0x20002adc        0x4 ./ThirdParty/FreeRTOS/portable/MemMang/heap_4.o
 .bss.xFreeBytesRemaining
                0x20002ae0        0x4 ./ThirdParty/FreeRTOS/portable/MemMang/heap_4.o
 .bss.xMinimumEverFreeBytesRemaining
                0x20002ae4        0x4 ./ThirdParty/FreeRTOS/portable/MemMang/heap_4.o
 .bss.xNumberOfSuccessfulAllocations
                0x20002ae8        0x4 ./ThirdParty/FreeRTOS/portable/MemMang/heap_4.o
 .bss.xNumberOfSuccessfulFrees
                0x20002aec        0x4 ./ThirdParty/FreeRTOS/portable/MemMang/heap_4.o
 *(COMMON)
                0x20002af0                        . = ALIGN (0x4)
                0x20002af0                        _ebss = .
                0x20002af0                        __bss_end__ = _ebss

._user_heap_stack
                0x20002af0      0x600 load address 0x080055c8
                0x20002af0                        . = ALIGN (0x8)
                [!provide]                        PROVIDE (end = .)
                0x20002af0                        PROVIDE (_end = .)
                0x20002cf0                        . = (. + _Min_Heap_Size)
 *fill*         0x20002af0      0x200 
                0x200030f0                        . = (. + _Min_Stack_Size)
 *fill*         0x20002cf0      0x400 
                0x200030f0                        . = ALIGN (0x8)

/DISCARD/
 libc.a(*)
 libm.a(*)
 libgcc.a(*)

.ARM.attributes
                0x00000000       0x29
 *(.ARM.attributes)
 .ARM.attributes
                0x00000000       0x1d C:/ST/STM32CubeIDE_2.1.1/STM32CubeIDE/plugins/com.st.stm32cube.ide.mcu.externaltools.gnu-tools-for-stm32.14.3.rel1.win32_1.0.100.202602081740/tools/bin/../lib/gcc/arm-none-eabi/14.3.1/thumb/v7-m/nofp/crti.o
 .ARM.attributes
                0x0000001d       0x2d C:/ST/STM32CubeIDE_2.1.1/STM32CubeIDE/plugins/com.st.stm32cube.ide.mcu.externaltools.gnu-tools-for-stm32.14.3.rel1.win32_1.0.100.202602081740/tools/bin/../lib/gcc/arm-none-eabi/14.3.1/thumb/v7-m/nofp/crtbegin.o
 .ARM.attributes
                0x0000004a       0x2d ./App/Algorithm/Src/filter.o
 .ARM.attributes
                0x00000077       0x2d ./App/Algorithm/Src/pid.o
 .ARM.attributes
                0x000000a4       0x2d ./App/Drivers/API/Src/motor.o
 .ARM.attributes
                0x000000d1       0x2d ./App/Drivers/API/Src/sensor.o
 .ARM.attributes
                0x000000fe       0x2d ./App/Tasks/Src/control_task.o
 .ARM.attributes
                0x0000012b       0x2d ./App/Tasks/Src/sensor_task.o
 .ARM.attributes
                0x00000158       0x2d ./App/Tasks/Src/uart_task.o
 .ARM.attributes
                0x00000185       0x2d ./Core/Src/main.o
 .ARM.attributes
                0x000001b2       0x2d ./Core/Src/stm32f1xx_hal_msp.o
 .ARM.attributes
                0x000001df       0x2d ./Core/Src/stm32f1xx_hal_timebase_tim.o
 .ARM.attributes
                0x0000020c       0x2d ./Core/Src/stm32f1xx_it.o
 .ARM.attributes
                0x00000239       0x2d ./Core/Src/system_stm32f1xx.o
 .ARM.attributes
                0x00000266       0x21 ./Core/Startup/startup_stm32f103rbtx.o
 .ARM.attributes
                0x00000287       0x2d ./Drivers/STM32F1xx_HAL_Driver/Src/stm32f1xx_hal.o
 .ARM.attributes
                0x000002b4       0x2d ./Drivers/STM32F1xx_HAL_Driver/Src/stm32f1xx_hal_cortex.o
 .ARM.attributes
                0x000002e1       0x2d ./Drivers/STM32F1xx_HAL_Driver/Src/stm32f1xx_hal_gpio.o
 .ARM.attributes
                0x0000030e       0x2d ./Drivers/STM32F1xx_HAL_Driver/Src/stm32f1xx_hal_rcc.o
 .ARM.attributes
                0x0000033b       0x2d ./Drivers/STM32F1xx_HAL_Driver/Src/stm32f1xx_hal_tim.o
 .ARM.attributes
                0x00000368       0x2d ./Drivers/STM32F1xx_HAL_Driver/Src/stm32f1xx_hal_tim_ex.o
 .ARM.attributes
                0x00000395       0x2d ./ThirdParty/FreeRTOS/list.o
 .ARM.attributes
                0x000003c2       0x2d ./ThirdParty/FreeRTOS/queue.o
 .ARM.attributes
                0x000003ef       0x2d ./ThirdParty/FreeRTOS/tasks.o
 .ARM.attributes
                0x0000041c       0x2d ./ThirdParty/FreeRTOS/portable/GCC/ARM_CM3/port.o
 .ARM.attributes
                0x00000449       0x2d ./ThirdParty/FreeRTOS/portable/MemMang/heap_4.o
 .ARM.attributes
                0x00000476       0x2d C:/ST/STM32CubeIDE_2.1.1/STM32CubeIDE/plugins/com.st.stm32cube.ide.mcu.externaltools.gnu-tools-for-stm32.14.3.rel1.win32_1.0.100.202602081740/tools/bin/../lib/gcc/arm-none-eabi/14.3.1/../../../../arm-none-eabi/lib/thumb/v7-m/nofp\libc_nano.a(libc_a-memset.o)
 .ARM.attributes
                0x000004a3       0x2d C:/ST/STM32CubeIDE_2.1.1/STM32CubeIDE/plugins/com.st.stm32cube.ide.mcu.externaltools.gnu-tools-for-stm32.14.3.rel1.win32_1.0.100.202602081740/tools/bin/../lib/gcc/arm-none-eabi/14.3.1/../../../../arm-none-eabi/lib/thumb/v7-m/nofp\libc_nano.a(libc_a-init.o)
 .ARM.attributes
                0x000004d0       0x2d C:/ST/STM32CubeIDE_2.1.1/STM32CubeIDE/plugins/com.st.stm32cube.ide.mcu.externaltools.gnu-tools-for-stm32.14.3.rel1.win32_1.0.100.202602081740/tools/bin/../lib/gcc/arm-none-eabi/14.3.1/../../../../arm-none-eabi/lib/thumb/v7-m/nofp\libc_nano.a(libc_a-memcpy-stub.o)
 .ARM.attributes
                0x000004fd       0x1d C:/ST/STM32CubeIDE_2.1.1/STM32CubeIDE/plugins/com.st.stm32cube.ide.mcu.externaltools.gnu-tools-for-stm32.14.3.rel1.win32_1.0.100.202602081740/tools/bin/../lib/gcc/arm-none-eabi/14.3.1/thumb/v7-m/nofp\libgcc.a(_arm_addsubsf3.o)
 .ARM.attributes
                0x0000051a       0x1d C:/ST/STM32CubeIDE_2.1.1/STM32CubeIDE/plugins/com.st.stm32cube.ide.mcu.externaltools.gnu-tools-for-stm32.14.3.rel1.win32_1.0.100.202602081740/tools/bin/../lib/gcc/arm-none-eabi/14.3.1/thumb/v7-m/nofp\libgcc.a(_arm_muldivsf3.o)
 .ARM.attributes
                0x00000537       0x1d C:/ST/STM32CubeIDE_2.1.1/STM32CubeIDE/plugins/com.st.stm32cube.ide.mcu.externaltools.gnu-tools-for-stm32.14.3.rel1.win32_1.0.100.202602081740/tools/bin/../lib/gcc/arm-none-eabi/14.3.1/thumb/v7-m/nofp\libgcc.a(_arm_cmpsf2.o)
 .ARM.attributes
                0x00000554       0x1d C:/ST/STM32CubeIDE_2.1.1/STM32CubeIDE/plugins/com.st.stm32cube.ide.mcu.externaltools.gnu-tools-for-stm32.14.3.rel1.win32_1.0.100.202602081740/tools/bin/../lib/gcc/arm-none-eabi/14.3.1/thumb/v7-m/nofp\libgcc.a(_arm_fixsfsi.o)
 .ARM.attributes
                0x00000571       0x1d C:/ST/STM32CubeIDE_2.1.1/STM32CubeIDE/plugins/com.st.stm32cube.ide.mcu.externaltools.gnu-tools-for-stm32.14.3.rel1.win32_1.0.100.202602081740/tools/bin/../lib/gcc/arm-none-eabi/14.3.1/thumb/v7-m/nofp/crtn.o
OUTPUT(target_tracker.elf elf32-littlearm)
LOAD linker stubs
LOAD C:/ST/STM32CubeIDE_2.1.1/STM32CubeIDE/plugins/com.st.stm32cube.ide.mcu.externaltools.gnu-tools-for-stm32.14.3.rel1.win32_1.0.100.202602081740/tools/bin/../lib/gcc/arm-none-eabi/14.3.1/../../../../arm-none-eabi/lib/thumb/v7-m/nofp\libc.a
LOAD C:/ST/STM32CubeIDE_2.1.1/STM32CubeIDE/plugins/com.st.stm32cube.ide.mcu.externaltools.gnu-tools-for-stm32.14.3.rel1.win32_1.0.100.202602081740/tools/bin/../lib/gcc/arm-none-eabi/14.3.1/../../../../arm-none-eabi/lib/thumb/v7-m/nofp\libm.a
LOAD C:/ST/STM32CubeIDE_2.1.1/STM32CubeIDE/plugins/com.st.stm32cube.ide.mcu.externaltools.gnu-tools-for-stm32.14.3.rel1.win32_1.0.100.202602081740/tools/bin/../lib/gcc/arm-none-eabi/14.3.1/thumb/v7-m/nofp\libgcc.a

.debug_info     0x00000000     0xe49a
 .debug_info    0x00000000      0x127 ./App/Algorithm/Src/filter.o
 .debug_info    0x00000127      0x17a ./App/Algorithm/Src/pid.o
 .debug_info    0x000002a1      0x7e4 ./App/Drivers/API/Src/motor.o
 .debug_info    0x00000a85      0x820 ./App/Drivers/API/Src/sensor.o
 .debug_info    0x000012a5      0x3e8 ./App/Tasks/Src/control_task.o
 .debug_info    0x0000168d      0x21f ./App/Tasks/Src/sensor_task.o
 .debug_info    0x000018ac       0xa3 ./App/Tasks/Src/uart_task.o
 .debug_info    0x0000194f     0x10ad ./Core/Src/main.o
 .debug_info    0x000029fc      0x95e ./Core/Src/stm32f1xx_hal_msp.o
 .debug_info    0x0000335a      0x99a ./Core/Src/stm32f1xx_hal_timebase_tim.o
 .debug_info    0x00003cf4      0x6a2 ./Core/Src/stm32f1xx_it.o
 .debug_info    0x00004396      0x222 ./Core/Src/system_stm32f1xx.o
 .debug_info    0x000045b8       0x30 ./Core/Startup/startup_stm32f103rbtx.o
 .debug_info    0x000045e8      0x704 ./Drivers/STM32F1xx_HAL_Driver/Src/stm32f1xx_hal.o
 .debug_info    0x00004cec      0xa87 ./Drivers/STM32F1xx_HAL_Driver/Src/stm32f1xx_hal_cortex.o
 .debug_info    0x00005773      0x5ab ./Drivers/STM32F1xx_HAL_Driver/Src/stm32f1xx_hal_gpio.o
 .debug_info    0x00005d1e      0x7d5 ./Drivers/STM32F1xx_HAL_Driver/Src/stm32f1xx_hal_rcc.o
 .debug_info    0x000064f3     0x2959 ./Drivers/STM32F1xx_HAL_Driver/Src/stm32f1xx_hal_tim.o
 .debug_info    0x00008e4c     0x149b ./Drivers/STM32F1xx_HAL_Driver/Src/stm32f1xx_hal_tim_ex.o
 .debug_info    0x0000a2e7      0x2aa ./ThirdParty/FreeRTOS/list.o
 .debug_info    0x0000a591     0x129c ./ThirdParty/FreeRTOS/queue.o
 .debug_info    0x0000b82d     0x21cc ./ThirdParty/FreeRTOS/tasks.o
 .debug_info    0x0000d9f9      0x4b7 ./ThirdParty/FreeRTOS/portable/GCC/ARM_CM3/port.o
 .debug_info    0x0000deb0      0x5ea ./ThirdParty/FreeRTOS/portable/MemMang/heap_4.o

.debug_abbrev   0x00000000     0x2ccd
 .debug_abbrev  0x00000000       0xb8 ./App/Algorithm/Src/filter.o
 .debug_abbrev  0x000000b8       0xd9 ./App/Algorithm/Src/pid.o
 .debug_abbrev  0x00000191      0x1d5 ./App/Drivers/API/Src/motor.o
 .debug_abbrev  0x00000366      0x202 ./App/Drivers/API/Src/sensor.o
 .debug_abbrev  0x00000568      0x19e ./App/Tasks/Src/control_task.o
 .debug_abbrev  0x00000706      0x122 ./App/Tasks/Src/sensor_task.o
 .debug_abbrev  0x00000828       0x5d ./App/Tasks/Src/uart_task.o
 .debug_abbrev  0x00000885      0x365 ./Core/Src/main.o
 .debug_abbrev  0x00000bea      0x1cf ./Core/Src/stm32f1xx_hal_msp.o
 .debug_abbrev  0x00000db9      0x1f3 ./Core/Src/stm32f1xx_hal_timebase_tim.o
 .debug_abbrev  0x00000fac      0x193 ./Core/Src/stm32f1xx_it.o
 .debug_abbrev  0x0000113f      0x13f ./Core/Src/system_stm32f1xx.o
 .debug_abbrev  0x0000127e       0x24 ./Core/Startup/startup_stm32f103rbtx.o
 .debug_abbrev  0x000012a2      0x201 ./Drivers/STM32F1xx_HAL_Driver/Src/stm32f1xx_hal.o
 .debug_abbrev  0x000014a3      0x2f8 ./Drivers/STM32F1xx_HAL_Driver/Src/stm32f1xx_hal_cortex.o
 .debug_abbrev  0x0000179b      0x1ca ./Drivers/STM32F1xx_HAL_Driver/Src/stm32f1xx_hal_gpio.o
 .debug_abbrev  0x00001965      0x2b3 ./Drivers/STM32F1xx_HAL_Driver/Src/stm32f1xx_hal_rcc.o
 .debug_abbrev  0x00001c18      0x277 ./Drivers/STM32F1xx_HAL_Driver/Src/stm32f1xx_hal_tim.o
 .debug_abbrev  0x00001e8f      0x282 ./Drivers/STM32F1xx_HAL_Driver/Src/stm32f1xx_hal_tim_ex.o
 .debug_abbrev  0x00002111       0xee ./ThirdParty/FreeRTOS/list.o
 .debug_abbrev  0x000021ff      0x2b3 ./ThirdParty/FreeRTOS/queue.o
 .debug_abbrev  0x000024b2      0x37e ./ThirdParty/FreeRTOS/tasks.o
 .debug_abbrev  0x00002830      0x243 ./ThirdParty/FreeRTOS/portable/GCC/ARM_CM3/port.o
 .debug_abbrev  0x00002a73      0x25a ./ThirdParty/FreeRTOS/portable/MemMang/heap_4.o

.debug_aranges  0x00000000      0xe58
 .debug_aranges
                0x00000000       0x20 ./App/Algorithm/Src/filter.o
 .debug_aranges
                0x00000020       0x28 ./App/Algorithm/Src/pid.o
 .debug_aranges
                0x00000048       0x38 ./App/Drivers/API/Src/motor.o
 .debug_aranges
                0x00000080       0x40 ./App/Drivers/API/Src/sensor.o
 .debug_aranges
                0x000000c0       0x20 ./App/Tasks/Src/control_task.o
 .debug_aranges
                0x000000e0       0x20 ./App/Tasks/Src/sensor_task.o
 .debug_aranges
                0x00000100       0x20 ./App/Tasks/Src/uart_task.o
 .debug_aranges
                0x00000120       0x58 ./Core/Src/main.o
 .debug_aranges
                0x00000178       0x48 ./Core/Src/stm32f1xx_hal_msp.o
 .debug_aranges
                0x000001c0       0x30 ./Core/Src/stm32f1xx_hal_timebase_tim.o
 .debug_aranges
                0x000001f0       0x58 ./Core/Src/stm32f1xx_it.o
 .debug_aranges
                0x00000248       0x28 ./Core/Src/system_stm32f1xx.o
 .debug_aranges
                0x00000270       0x28 ./Core/Startup/startup_stm32f103rbtx.o
 .debug_aranges
                0x00000298       0xe0 ./Drivers/STM32F1xx_HAL_Driver/Src/stm32f1xx_hal.o
 .debug_aranges
                0x00000378      0x100 ./Drivers/STM32F1xx_HAL_Driver/Src/stm32f1xx_hal_cortex.o
 .debug_aranges
                0x00000478       0x58 ./Drivers/STM32F1xx_HAL_Driver/Src/stm32f1xx_hal_gpio.o
 .debug_aranges
                0x000004d0       0x90 ./Drivers/STM32F1xx_HAL_Driver/Src/stm32f1xx_hal_rcc.o
 .debug_aranges
                0x00000560      0x3d0 ./Drivers/STM32F1xx_HAL_Driver/Src/stm32f1xx_hal_tim.o
 .debug_aranges
                0x00000930      0x168 ./Drivers/STM32F1xx_HAL_Driver/Src/stm32f1xx_hal_tim_ex.o
 .debug_aranges
                0x00000a98       0x40 ./ThirdParty/FreeRTOS/list.o
 .debug_aranges
                0x00000ad8       0xd8 ./ThirdParty/FreeRTOS/queue.o
 .debug_aranges
                0x00000bb0      0x1c0 ./ThirdParty/FreeRTOS/tasks.o
 .debug_aranges
                0x00000d70       0x78 ./ThirdParty/FreeRTOS/portable/GCC/ARM_CM3/port.o
 .debug_aranges
                0x00000de8       0x70 ./ThirdParty/FreeRTOS/portable/MemMang/heap_4.o

.debug_rnglists
                0x00000000      0xaff
 .debug_rnglists
                0x00000000       0x14 ./App/Algorithm/Src/filter.o
 .debug_rnglists
                0x00000014       0x1a ./App/Algorithm/Src/pid.o
 .debug_rnglists
                0x0000002e       0x28 ./App/Drivers/API/Src/motor.o
 .debug_rnglists
                0x00000056       0x2c ./App/Drivers/API/Src/sensor.o
 .debug_rnglists
                0x00000082       0x14 ./App/Tasks/Src/control_task.o
 .debug_rnglists
                0x00000096       0x14 ./App/Tasks/Src/sensor_task.o
 .debug_rnglists
                0x000000aa       0x13 ./App/Tasks/Src/uart_task.o
 .debug_rnglists
                0x000000bd       0x43 ./Core/Src/main.o
 .debug_rnglists
                0x00000100       0x31 ./Core/Src/stm32f1xx_hal_msp.o
 .debug_rnglists
                0x00000131       0x20 ./Core/Src/stm32f1xx_hal_timebase_tim.o
 .debug_rnglists
                0x00000151       0x3d ./Core/Src/stm32f1xx_it.o
 .debug_rnglists
                0x0000018e       0x1a ./Core/Src/system_stm32f1xx.o
 .debug_rnglists
                0x000001a8       0x19 ./Core/Startup/startup_stm32f103rbtx.o
 .debug_rnglists
                0x000001c1       0xa3 ./Drivers/STM32F1xx_HAL_Driver/Src/stm32f1xx_hal.o
 .debug_rnglists
                0x00000264       0xbb ./Drivers/STM32F1xx_HAL_Driver/Src/stm32f1xx_hal_cortex.o
 .debug_rnglists
                0x0000031f       0x3f ./Drivers/STM32F1xx_HAL_Driver/Src/stm32f1xx_hal_gpio.o
 .debug_rnglists
                0x0000035e       0x6c ./Drivers/STM32F1xx_HAL_Driver/Src/stm32f1xx_hal_rcc.o
 .debug_rnglists
                0x000003ca      0x31a ./Drivers/STM32F1xx_HAL_Driver/Src/stm32f1xx_hal_tim.o
 .debug_rnglists
                0x000006e4      0x125 ./Drivers/STM32F1xx_HAL_Driver/Src/stm32f1xx_hal_tim_ex.o
 .debug_rnglists
                0x00000809       0x2b ./ThirdParty/FreeRTOS/list.o
 .debug_rnglists
                0x00000834       0xa9 ./ThirdParty/FreeRTOS/queue.o
 .debug_rnglists
                0x000008dd      0x177 ./ThirdParty/FreeRTOS/tasks.o
 .debug_rnglists
                0x00000a54       0x57 ./ThirdParty/FreeRTOS/portable/GCC/ARM_CM3/port.o
 .debug_rnglists
                0x00000aab       0x54 ./ThirdParty/FreeRTOS/portable/MemMang/heap_4.o

.debug_macro    0x00000000    0x1964e
 .debug_macro   0x00000000       0x73 ./App/Algorithm/Src/filter.o
 .debug_macro   0x00000073      0xacc ./App/Algorithm/Src/filter.o
 .debug_macro   0x00000b3f       0x22 ./App/Algorithm/Src/filter.o
 .debug_macro   0x00000b61       0x8e ./App/Algorithm/Src/filter.o
 .debug_macro   0x00000bef       0x51 ./App/Algorithm/Src/filter.o
 .debug_macro   0x00000c40      0x103 ./App/Algorithm/Src/filter.o
 .debug_macro   0x00000d43       0x6a ./App/Algorithm/Src/filter.o
 .debug_macro   0x00000dad      0x1df ./App/Algorithm/Src/filter.o
 .debug_macro   0x00000f8c       0x72 ./App/Algorithm/Src/pid.o
 .debug_macro   0x00000ffe       0x22 ./App/Algorithm/Src/pid.o
 .debug_macro   0x00001020      0x1dc ./App/Drivers/API/Src/motor.o
 .debug_macro   0x000011fc      0x215 ./App/Drivers/API/Src/motor.o
 .debug_macro   0x00001411       0x2e ./App/Drivers/API/Src/motor.o
 .debug_macro   0x0000143f       0x22 ./App/Drivers/API/Src/motor.o
 .debug_macro   0x00001461       0x1c ./App/Drivers/API/Src/motor.o
 .debug_macro   0x0000147d       0x22 ./App/Drivers/API/Src/motor.o
 .debug_macro   0x0000149f       0xbd ./App/Drivers/API/Src/motor.o
 .debug_macro   0x0000155c      0xd23 ./App/Drivers/API/Src/motor.o
 .debug_macro   0x0000227f     0xe09e ./App/Drivers/API/Src/motor.o
 .debug_macro   0x0001031d       0x6d ./App/Drivers/API/Src/motor.o
 .debug_macro   0x0001038a     0x34a2 ./App/Drivers/API/Src/motor.o
 .debug_macro   0x0001382c      0x190 ./App/Drivers/API/Src/motor.o
 .debug_macro   0x000139bc       0x5c ./App/Drivers/API/Src/motor.o
 .debug_macro   0x00013a18      0x5bc ./App/Drivers/API/Src/motor.o
 .debug_macro   0x00013fd4      0x289 ./App/Drivers/API/Src/motor.o
 .debug_macro   0x0001425d      0x1cb ./App/Drivers/API/Src/motor.o
 .debug_macro   0x00014428      0x114 ./App/Drivers/API/Src/motor.o
 .debug_macro   0x0001453c      0x1b2 ./App/Drivers/API/Src/motor.o
 .debug_macro   0x000146ee       0x27 ./App/Drivers/API/Src/motor.o
 .debug_macro   0x00014715      0x136 ./App/Drivers/API/Src/motor.o
 .debug_macro   0x0001484b      0x1bc ./App/Drivers/API/Src/motor.o
 .debug_macro   0x00014a07       0x34 ./App/Drivers/API/Src/motor.o
 .debug_macro   0x00014a3b       0x3c ./App/Drivers/API/Src/motor.o
 .debug_macro   0x00014a77       0x57 ./App/Drivers/API/Src/motor.o
 .debug_macro   0x00014ace       0x87 ./App/Drivers/API/Src/motor.o
 .debug_macro   0x00014b55      0x240 ./App/Drivers/API/Src/motor.o
 .debug_macro   0x00014d95      0x140 ./App/Drivers/API/Src/motor.o
 .debug_macro   0x00014ed5      0x8ed ./App/Drivers/API/Src/motor.o
 .debug_macro   0x000157c2       0x83 ./App/Drivers/API/Src/motor.o
 .debug_macro   0x00015845       0xac ./App/Drivers/API/Src/motor.o
 .debug_macro   0x000158f1      0x1b7 ./App/Drivers/API/Src/sensor.o
 .debug_macro   0x00015aa8       0x16 ./App/Drivers/API/Src/sensor.o
 .debug_macro   0x00015abe      0x262 ./App/Tasks/Src/control_task.o
 .debug_macro   0x00015d20       0x16 ./App/Tasks/Src/control_task.o
 .debug_macro   0x00015d36       0xd0 ./App/Tasks/Src/control_task.o
 .debug_macro   0x00015e06       0x28 ./App/Tasks/Src/control_task.o
 .debug_macro   0x00015e2e      0x182 ./App/Tasks/Src/control_task.o
 .debug_macro   0x00015fb0       0xee ./App/Tasks/Src/control_task.o
 .debug_macro   0x0001609e       0x3a ./App/Tasks/Src/control_task.o
 .debug_macro   0x000160d8       0x1f ./App/Tasks/Src/control_task.o
 .debug_macro   0x000160f7       0x12 ./App/Tasks/Src/control_task.o
 .debug_macro   0x00016109     0x112f ./App/Tasks/Src/control_task.o
 .debug_macro   0x00017238       0xc3 ./App/Tasks/Src/control_task.o
 .debug_macro   0x000172fb      0x161 ./App/Tasks/Src/control_task.o
 .debug_macro   0x0001745c       0x80 ./App/Tasks/Src/control_task.o
 .debug_macro   0x000174dc       0x10 ./App/Tasks/Src/control_task.o
 .debug_macro   0x000174ec       0x28 ./App/Tasks/Src/control_task.o
 .debug_macro   0x00017514      0x255 ./App/Tasks/Src/sensor_task.o
 .debug_macro   0x00017769      0x106 ./App/Tasks/Src/uart_task.o
 .debug_macro   0x0001786f      0x24b ./Core/Src/main.o
 .debug_macro   0x00017aba      0x1a8 ./Core/Src/stm32f1xx_hal_msp.o
 .debug_macro   0x00017c62      0x199 ./Core/Src/stm32f1xx_hal_timebase_tim.o
 .debug_macro   0x00017dfb      0x1b2 ./Core/Src/stm32f1xx_it.o
 .debug_macro   0x00017fad      0x199 ./Core/Src/system_stm32f1xx.o
 .debug_macro   0x00018146      0x1bd ./Drivers/STM32F1xx_HAL_Driver/Src/stm32f1xx_hal.o
 .debug_macro   0x00018303      0x199 ./Drivers/STM32F1xx_HAL_Driver/Src/stm32f1xx_hal_cortex.o
 .debug_macro   0x0001849c      0x204 ./Drivers/STM32F1xx_HAL_Driver/Src/stm32f1xx_hal_gpio.o
 .debug_macro   0x000186a0      0x1ab ./Drivers/STM32F1xx_HAL_Driver/Src/stm32f1xx_hal_rcc.o
 .debug_macro   0x0001884b      0x19a ./Drivers/STM32F1xx_HAL_Driver/Src/stm32f1xx_hal_tim.o
 .debug_macro   0x000189e5      0x199 ./Drivers/STM32F1xx_HAL_Driver/Src/stm32f1xx_hal_tim_ex.o
 .debug_macro   0x00018b7e      0x1a2 ./ThirdParty/FreeRTOS/list.o
 .debug_macro   0x00018d20      0x239 ./ThirdParty/FreeRTOS/queue.o
 .debug_macro   0x00018f59       0x16 ./ThirdParty/FreeRTOS/queue.o
 .debug_macro   0x00018f6f       0x20 ./ThirdParty/FreeRTOS/queue.o
 .debug_macro   0x00018f8f      0x2c6 ./ThirdParty/FreeRTOS/tasks.o
 .debug_macro   0x00019255       0x17 ./ThirdParty/FreeRTOS/tasks.o
 .debug_macro   0x0001926c      0x1ab ./ThirdParty/FreeRTOS/portable/GCC/ARM_CM3/port.o
 .debug_macro   0x00019417      0x237 ./ThirdParty/FreeRTOS/portable/MemMang/heap_4.o

.debug_line     0x00000000    0x1212b
 .debug_line    0x00000000      0x483 ./App/Algorithm/Src/filter.o
 .debug_line    0x00000483      0x4dd ./App/Algorithm/Src/pid.o
 .debug_line    0x00000960      0x910 ./App/Drivers/API/Src/motor.o
 .debug_line    0x00001270      0x7ce ./App/Drivers/API/Src/sensor.o
 .debug_line    0x00001a3e      0x9a4 ./App/Tasks/Src/control_task.o
 .debug_line    0x000023e2      0x939 ./App/Tasks/Src/sensor_task.o
 .debug_line    0x00002d1b      0x5ed ./App/Tasks/Src/uart_task.o
 .debug_line    0x00003308      0xb26 ./Core/Src/main.o
 .debug_line    0x00003e2e      0x7a5 ./Core/Src/stm32f1xx_hal_msp.o
 .debug_line    0x000045d3      0x755 ./Core/Src/stm32f1xx_hal_timebase_tim.o
 .debug_line    0x00004d28      0x78b ./Core/Src/stm32f1xx_it.o
 .debug_line    0x000054b3      0x767 ./Core/Src/system_stm32f1xx.o
 .debug_line    0x00005c1a       0x78 ./Core/Startup/startup_stm32f103rbtx.o
 .debug_line    0x00005c92      0x99b ./Drivers/STM32F1xx_HAL_Driver/Src/stm32f1xx_hal.o
 .debug_line    0x0000662d      0xb62 ./Drivers/STM32F1xx_HAL_Driver/Src/stm32f1xx_hal_cortex.o
 .debug_line    0x0000718f      0x9f2 ./Drivers/STM32F1xx_HAL_Driver/Src/stm32f1xx_hal_gpio.o
 .debug_line    0x00007b81      0xe51 ./Drivers/STM32F1xx_HAL_Driver/Src/stm32f1xx_hal_rcc.o
 .debug_line    0x000089d2     0x348c ./Drivers/STM32F1xx_HAL_Driver/Src/stm32f1xx_hal_tim.o
 .debug_line    0x0000be5e     0x185c ./Drivers/STM32F1xx_HAL_Driver/Src/stm32f1xx_hal_tim_ex.o
 .debug_line    0x0000d6ba      0x7cd ./ThirdParty/FreeRTOS/list.o
 .debug_line    0x0000de87     0x12dc ./ThirdParty/FreeRTOS/queue.o
 .debug_line    0x0000f163     0x1c0d ./ThirdParty/FreeRTOS/tasks.o
 .debug_line    0x00010d70      0x84d ./ThirdParty/FreeRTOS/portable/GCC/ARM_CM3/port.o
 .debug_line    0x000115bd      0xb6e ./ThirdParty/FreeRTOS/portable/MemMang/heap_4.o

.debug_str      0x00000000    0x967f7
 .debug_str     0x00000000    0x967f7 ./App/Algorithm/Src/filter.o
                               0x3dc5 (size before relaxing)
 .debug_str     0x000967f7     0x3e0c ./App/Algorithm/Src/pid.o
 .debug_str     0x000967f7    0x82374 ./App/Drivers/API/Src/motor.o
 .debug_str     0x000967f7    0x82351 ./App/Drivers/API/Src/sensor.o
 .debug_str     0x000967f7    0x8d2a2 ./App/Tasks/Src/control_task.o
 .debug_str     0x000967f7    0x8d159 ./App/Tasks/Src/sensor_task.o
 .debug_str     0x000967f7     0xf39a ./App/Tasks/Src/uart_task.o
 .debug_str     0x000967f7    0x8dded ./Core/Src/main.o
 .debug_str     0x000967f7    0x8233b ./Core/Src/stm32f1xx_hal_msp.o
 .debug_str     0x000967f7    0x823fb ./Core/Src/stm32f1xx_hal_timebase_tim.o
 .debug_str     0x000967f7    0x822b4 ./Core/Src/stm32f1xx_it.o
 .debug_str     0x000967f7    0x81b43 ./Core/Src/system_stm32f1xx.o
 .debug_str     0x000967f7       0x6c ./Core/Startup/startup_stm32f103rbtx.o
 .debug_str     0x000967f7    0x82276 ./Drivers/STM32F1xx_HAL_Driver/Src/stm32f1xx_hal.o
 .debug_str     0x000967f7    0x821c2 ./Drivers/STM32F1xx_HAL_Driver/Src/stm32f1xx_hal_cortex.o
 .debug_str     0x000967f7    0x81ec9 ./Drivers/STM32F1xx_HAL_Driver/Src/stm32f1xx_hal_gpio.o
 .debug_str     0x000967f7    0x81f72 ./Drivers/STM32F1xx_HAL_Driver/Src/stm32f1xx_hal_rcc.o
 .debug_str     0x000967f7    0x82f74 ./Drivers/STM32F1xx_HAL_Driver/Src/stm32f1xx_hal_tim.o
 .debug_str     0x000967f7    0x82780 ./Drivers/STM32F1xx_HAL_Driver/Src/stm32f1xx_hal_tim_ex.o
 .debug_str     0x000967f7    0x10af6 ./ThirdParty/FreeRTOS/list.o
 .debug_str     0x000967f7    0x131a8 ./ThirdParty/FreeRTOS/queue.o
 .debug_str     0x000967f7    0x140c7 ./ThirdParty/FreeRTOS/tasks.o
 .debug_str     0x000967f7     0xf563 ./ThirdParty/FreeRTOS/portable/GCC/ARM_CM3/port.o
 .debug_str     0x000967f7    0x126fc ./ThirdParty/FreeRTOS/portable/MemMang/heap_4.o

.comment        0x00000000       0x43
 .comment       0x00000000       0x43 ./App/Algorithm/Src/filter.o
                                 0x44 (size before relaxing)
 .comment       0x00000043       0x44 ./App/Algorithm/Src/pid.o
 .comment       0x00000043       0x44 ./App/Drivers/API/Src/motor.o
 .comment       0x00000043       0x44 ./App/Drivers/API/Src/sensor.o
 .comment       0x00000043       0x44 ./App/Tasks/Src/control_task.o
 .comment       0x00000043       0x44 ./App/Tasks/Src/sensor_task.o
 .comment       0x00000043       0x44 ./App/Tasks/Src/uart_task.o
 .comment       0x00000043       0x44 ./Core/Src/main.o
 .comment       0x00000043       0x44 ./Core/Src/stm32f1xx_hal_msp.o
 .comment       0x00000043       0x44 ./Core/Src/stm32f1xx_hal_timebase_tim.o
 .comment       0x00000043       0x44 ./Core/Src/stm32f1xx_it.o
 .comment       0x00000043       0x44 ./Core/Src/system_stm32f1xx.o
 .comment       0x00000043       0x44 ./Drivers/STM32F1xx_HAL_Driver/Src/stm32f1xx_hal.o
 .comment       0x00000043       0x44 ./Drivers/STM32F1xx_HAL_Driver/Src/stm32f1xx_hal_cortex.o
 .comment       0x00000043       0x44 ./Drivers/STM32F1xx_HAL_Driver/Src/stm32f1xx_hal_gpio.o
 .comment       0x00000043       0x44 ./Drivers/STM32F1xx_HAL_Driver/Src/stm32f1xx_hal_rcc.o
 .comment       0x00000043       0x44 ./Drivers/STM32F1xx_HAL_Driver/Src/stm32f1xx_hal_tim.o
 .comment       0x00000043       0x44 ./Drivers/STM32F1xx_HAL_Driver/Src/stm32f1xx_hal_tim_ex.o
 .comment       0x00000043       0x44 ./ThirdParty/FreeRTOS/list.o
 .comment       0x00000043       0x44 ./ThirdParty/FreeRTOS/queue.o
 .comment       0x00000043       0x44 ./ThirdParty/FreeRTOS/tasks.o
 .comment       0x00000043       0x44 ./ThirdParty/FreeRTOS/portable/GCC/ARM_CM3/port.o
 .comment       0x00000043       0x44 ./ThirdParty/FreeRTOS/portable/MemMang/heap_4.o

.debug_frame    0x00000000     0x3780
 .debug_frame   0x00000000       0x34 ./App/Algorithm/Src/filter.o
 .debug_frame   0x00000034       0x54 ./App/Algorithm/Src/pid.o
 .debug_frame   0x00000088       0xa0 ./App/Drivers/API/Src/motor.o
 .debug_frame   0x00000128       0xc4 ./App/Drivers/API/Src/sensor.o
 .debug_frame   0x000001ec       0x30 ./App/Tasks/Src/control_task.o
 .debug_frame   0x0000021c       0x30 ./App/Tasks/Src/sensor_task.o
 .debug_frame   0x0000024c       0x34 ./App/Tasks/Src/uart_task.o
 .debug_frame   0x00000280      0x120 ./Core/Src/main.o
 .debug_frame   0x000003a0       0xe8 ./Core/Src/stm32f1xx_hal_msp.o
 .debug_frame   0x00000488       0x6c ./Core/Src/stm32f1xx_hal_timebase_tim.o
 .debug_frame   0x000004f4       0xdc ./Core/Src/stm32f1xx_it.o
 .debug_frame   0x000005d0       0x50 ./Core/Src/system_stm32f1xx.o
 .debug_frame   0x00000620      0x2e4 ./Drivers/STM32F1xx_HAL_Driver/Src/stm32f1xx_hal.o
 .debug_frame   0x00000904      0x3f0 ./Drivers/STM32F1xx_HAL_Driver/Src/stm32f1xx_hal_cortex.o
 .debug_frame   0x00000cf4      0x130 ./Drivers/STM32F1xx_HAL_Driver/Src/stm32f1xx_hal_gpio.o
 .debug_frame   0x00000e24      0x1f8 ./Drivers/STM32F1xx_HAL_Driver/Src/stm32f1xx_hal_rcc.o
 .debug_frame   0x0000101c     0x10e8 ./Drivers/STM32F1xx_HAL_Driver/Src/stm32f1xx_hal_tim.o
 .debug_frame   0x00002104      0x600 ./Drivers/STM32F1xx_HAL_Driver/Src/stm32f1xx_hal_tim_ex.o
 .debug_frame   0x00002704       0xc4 ./ThirdParty/FreeRTOS/list.o
 .debug_frame   0x000027c8      0x374 ./ThirdParty/FreeRTOS/queue.o
 .debug_frame   0x00002b3c      0x76c ./ThirdParty/FreeRTOS/tasks.o
 .debug_frame   0x000032a8      0x17c ./ThirdParty/FreeRTOS/portable/GCC/ARM_CM3/port.o
 .debug_frame   0x00003424      0x178 ./ThirdParty/FreeRTOS/portable/MemMang/heap_4.o
 .debug_frame   0x0000359c       0x20 C:/ST/STM32CubeIDE_2.1.1/STM32CubeIDE/plugins/com.st.stm32cube.ide.mcu.externaltools.gnu-tools-for-stm32.14.3.rel1.win32_1.0.100.202602081740/tools/bin/../lib/gcc/arm-none-eabi/14.3.1/../../../../arm-none-eabi/lib/thumb/v7-m/nofp\libc_nano.a(libc_a-memset.o)
 .debug_frame   0x000035bc       0x2c C:/ST/STM32CubeIDE_2.1.1/STM32CubeIDE/plugins/com.st.stm32cube.ide.mcu.externaltools.gnu-tools-for-stm32.14.3.rel1.win32_1.0.100.202602081740/tools/bin/../lib/gcc/arm-none-eabi/14.3.1/../../../../arm-none-eabi/lib/thumb/v7-m/nofp\libc_nano.a(libc_a-init.o)
 .debug_frame   0x000035e8       0x28 C:/ST/STM32CubeIDE_2.1.1/STM32CubeIDE/plugins/com.st.stm32cube.ide.mcu.externaltools.gnu-tools-for-stm32.14.3.rel1.win32_1.0.100.202602081740/tools/bin/../lib/gcc/arm-none-eabi/14.3.1/../../../../arm-none-eabi/lib/thumb/v7-m/nofp\libc_nano.a(libc_a-memcpy-stub.o)
 .debug_frame   0x00003610       0x4c C:/ST/STM32CubeIDE_2.1.1/STM32CubeIDE/plugins/com.st.stm32cube.ide.mcu.externaltools.gnu-tools-for-stm32.14.3.rel1.win32_1.0.100.202602081740/tools/bin/../lib/gcc/arm-none-eabi/14.3.1/thumb/v7-m/nofp\libgcc.a(_arm_addsubsf3.o)
 .debug_frame   0x0000365c       0x38 C:/ST/STM32CubeIDE_2.1.1/STM32CubeIDE/plugins/com.st.stm32cube.ide.mcu.externaltools.gnu-tools-for-stm32.14.3.rel1.win32_1.0.100.202602081740/tools/bin/../lib/gcc/arm-none-eabi/14.3.1/thumb/v7-m/nofp\libgcc.a(_arm_muldivsf3.o)
 .debug_frame   0x00003694       0xc8 C:/ST/STM32CubeIDE_2.1.1/STM32CubeIDE/plugins/com.st.stm32cube.ide.mcu.externaltools.gnu-tools-for-stm32.14.3.rel1.win32_1.0.100.202602081740/tools/bin/../lib/gcc/arm-none-eabi/14.3.1/thumb/v7-m/nofp\libgcc.a(_arm_cmpsf2.o)
 .debug_frame   0x0000375c       0x24 C:/ST/STM32CubeIDE_2.1.1/STM32CubeIDE/plugins/com.st.stm32cube.ide.mcu.externaltools.gnu-tools-for-stm32.14.3.rel1.win32_1.0.100.202602081740/tools/bin/../lib/gcc/arm-none-eabi/14.3.1/thumb/v7-m/nofp\libgcc.a(_arm_fixsfsi.o)

.debug_line_str
                0x00000000       0x50
 .debug_line_str
                0x00000000       0x50 ./Core/Startup/startup_stm32f103rbtx.o
