Archive member included to satisfy reference by file (symbol)

C:/ST/STM32CubeIDE_2.1.1/STM32CubeIDE/plugins/com.st.stm32cube.ide.mcu.externaltools.gnu-tools-for-stm32.14.3.rel1.win32_1.0.100.202602081740/tools/bin/../lib/gcc/arm-none-eabi/14.3.1/../../../../arm-none-eabi/lib/thumb/v7-m/nofp\libc_nano.a(libc_a-exit.o)
                              C:/ST/STM32CubeIDE_2.1.1/STM32CubeIDE/plugins/com.st.stm32cube.ide.mcu.externaltools.gnu-tools-for-stm32.14.3.rel1.win32_1.0.100.202602081740/tools/bin/../lib/gcc/arm-none-eabi/14.3.1/../../../../arm-none-eabi/lib/thumb/v7-m/nofp/crt0.o (exit)
C:/ST/STM32CubeIDE_2.1.1/STM32CubeIDE/plugins/com.st.stm32cube.ide.mcu.externaltools.gnu-tools-for-stm32.14.3.rel1.win32_1.0.100.202602081740/tools/bin/../lib/gcc/arm-none-eabi/14.3.1/../../../../arm-none-eabi/lib/thumb/v7-m/nofp\libc_nano.a(libc_a-findfp.o)
                              C:/ST/STM32CubeIDE_2.1.1/STM32CubeIDE/plugins/com.st.stm32cube.ide.mcu.externaltools.gnu-tools-for-stm32.14.3.rel1.win32_1.0.100.202602081740/tools/bin/../lib/gcc/arm-none-eabi/14.3.1/../../../../arm-none-eabi/lib/thumb/v7-m/nofp\libc_nano.a(libc_a-exit.o) (__stdio_exit_handler)
C:/ST/STM32CubeIDE_2.1.1/STM32CubeIDE/plugins/com.st.stm32cube.ide.mcu.externaltools.gnu-tools-for-stm32.14.3.rel1.win32_1.0.100.202602081740/tools/bin/../lib/gcc/arm-none-eabi/14.3.1/../../../../arm-none-eabi/lib/thumb/v7-m/nofp\libc_nano.a(libc_a-fwalk.o)
                              C:/ST/STM32CubeIDE_2.1.1/STM32CubeIDE/plugins/com.st.stm32cube.ide.mcu.externaltools.gnu-tools-for-stm32.14.3.rel1.win32_1.0.100.202602081740/tools/bin/../lib/gcc/arm-none-eabi/14.3.1/../../../../arm-none-eabi/lib/thumb/v7-m/nofp\libc_nano.a(libc_a-findfp.o) (_fwalk_sglue)
C:/ST/STM32CubeIDE_2.1.1/STM32CubeIDE/plugins/com.st.stm32cube.ide.mcu.externaltools.gnu-tools-for-stm32.14.3.rel1.win32_1.0.100.202602081740/tools/bin/../lib/gcc/arm-none-eabi/14.3.1/../../../../arm-none-eabi/lib/thumb/v7-m/nofp\libc_nano.a(libc_a-sprintf.o)
                              ./App/Tasks/Src/uart_task.o (sprintf)
C:/ST/STM32CubeIDE_2.1.1/STM32CubeIDE/plugins/com.st.stm32cube.ide.mcu.externaltools.gnu-tools-for-stm32.14.3.rel1.win32_1.0.100.202602081740/tools/bin/../lib/gcc/arm-none-eabi/14.3.1/../../../../arm-none-eabi/lib/thumb/v7-m/nofp\libc_nano.a(libc_a-stdio.o)
                              C:/ST/STM32CubeIDE_2.1.1/STM32CubeIDE/plugins/com.st.stm32cube.ide.mcu.externaltools.gnu-tools-for-stm32.14.3.rel1.win32_1.0.100.202602081740/tools/bin/../lib/gcc/arm-none-eabi/14.3.1/../../../../arm-none-eabi/lib/thumb/v7-m/nofp\libc_nano.a(libc_a-findfp.o) (__sread)
C:/ST/STM32CubeIDE_2.1.1/STM32CubeIDE/plugins/com.st.stm32cube.ide.mcu.externaltools.gnu-tools-for-stm32.14.3.rel1.win32_1.0.100.202602081740/tools/bin/../lib/gcc/arm-none-eabi/14.3.1/../../../../arm-none-eabi/lib/thumb/v7-m/nofp\libc_nano.a(libc_a-memcmp.o)
                              ./ThirdParty/SEGGER_SYSTEMVIEW/OS/SEGGER_SYSVIEW_FreeRTOS.o (memcmp)
C:/ST/STM32CubeIDE_2.1.1/STM32CubeIDE/plugins/com.st.stm32cube.ide.mcu.externaltools.gnu-tools-for-stm32.14.3.rel1.win32_1.0.100.202602081740/tools/bin/../lib/gcc/arm-none-eabi/14.3.1/../../../../arm-none-eabi/lib/thumb/v7-m/nofp\libc_nano.a(libc_a-memset.o)
                              C:/ST/STM32CubeIDE_2.1.1/STM32CubeIDE/plugins/com.st.stm32cube.ide.mcu.externaltools.gnu-tools-for-stm32.14.3.rel1.win32_1.0.100.202602081740/tools/bin/../lib/gcc/arm-none-eabi/14.3.1/../../../../arm-none-eabi/lib/thumb/v7-m/nofp/crt0.o (memset)
C:/ST/STM32CubeIDE_2.1.1/STM32CubeIDE/plugins/com.st.stm32cube.ide.mcu.externaltools.gnu-tools-for-stm32.14.3.rel1.win32_1.0.100.202602081740/tools/bin/../lib/gcc/arm-none-eabi/14.3.1/../../../../arm-none-eabi/lib/thumb/v7-m/nofp\libc_nano.a(libc_a-closer.o)
                              C:/ST/STM32CubeIDE_2.1.1/STM32CubeIDE/plugins/com.st.stm32cube.ide.mcu.externaltools.gnu-tools-for-stm32.14.3.rel1.win32_1.0.100.202602081740/tools/bin/../lib/gcc/arm-none-eabi/14.3.1/../../../../arm-none-eabi/lib/thumb/v7-m/nofp\libc_nano.a(libc_a-stdio.o) (_close_r)
C:/ST/STM32CubeIDE_2.1.1/STM32CubeIDE/plugins/com.st.stm32cube.ide.mcu.externaltools.gnu-tools-for-stm32.14.3.rel1.win32_1.0.100.202602081740/tools/bin/../lib/gcc/arm-none-eabi/14.3.1/../../../../arm-none-eabi/lib/thumb/v7-m/nofp\libc_nano.a(libc_a-reent.o)
                              C:/ST/STM32CubeIDE_2.1.1/STM32CubeIDE/plugins/com.st.stm32cube.ide.mcu.externaltools.gnu-tools-for-stm32.14.3.rel1.win32_1.0.100.202602081740/tools/bin/../lib/gcc/arm-none-eabi/14.3.1/../../../../arm-none-eabi/lib/thumb/v7-m/nofp\libc_nano.a(libc_a-closer.o) (errno)
C:/ST/STM32CubeIDE_2.1.1/STM32CubeIDE/plugins/com.st.stm32cube.ide.mcu.externaltools.gnu-tools-for-stm32.14.3.rel1.win32_1.0.100.202602081740/tools/bin/../lib/gcc/arm-none-eabi/14.3.1/../../../../arm-none-eabi/lib/thumb/v7-m/nofp\libc_nano.a(libc_a-impure.o)
[...]
Memory Configuration

Name             Origin             Length             Attributes
RAM              0x20000000         0x00005000         xrw
FLASH            0x08000000         0x00020000         xr
*default*        0x00000000         0xffffffff

Linker script and memory map

LOAD C:/ST/STM32CubeIDE_2.1.1/STM32CubeIDE/plugins/com.st.stm32cube.ide.mcu.externaltools.gnu-tools-for-stm32.14.3.rel1.win32_1.0.100.202602081740/tools/bin/../lib/gcc/arm-none-eabi/14.3.1/thumb/v7-m/nofp/crti.o
LOAD C:/ST/STM32CubeIDE_2.1.1/STM32CubeIDE/plugins/com.st.stm32cube.ide.mcu.externaltools.gnu-tools-for-stm32.14.3.rel1.win32_1.0.100.202602081740/tools/bin/../lib/gcc/arm-none-eabi/14.3.1/thumb/v7-m/nofp/crtbegin.o
LOAD C:/ST/STM32CubeIDE_2.1.1/STM32CubeIDE/plugins/com.st.stm32cube.ide.mcu.externaltools.gnu-tools-for-stm32.14.3.rel1.win32_1.0.100.202602081740/tools/bin/../lib/gcc/arm-none-eabi/14.3.1/../../../../arm-none-eabi/lib/thumb/v7-m/nofp/crt0.o
LOAD ./App/Algorithm/Src/filter.o
LOAD ./App/Algorithm/Src/pid.o
LOAD ./App/Drivers/API/Src/motor.o
LOAD ./App/Drivers/API/Src/sensor.o
LOAD ./App/Tasks/Src/control_task.o
LOAD ./App/Tasks/Src/sensor_task.o
LOAD ./App/Tasks/Src/test_task.o
LOAD ./App/Tasks/Src/uart_task.o
LOAD ./Core/Src/main.o
LOAD ./Core/Src/stm32f1xx_hal_msp.o
LOAD ./Core/Src/stm32f1xx_hal_timebase_tim.o
LOAD ./Core/Src/stm32f1xx_it.o
LOAD ./Core/Src/syscalls.o
LOAD ./Core/Src/sysmem.o
LOAD ./Core/Src/system_stm32f1xx.o
LOAD ./Core/Startup/startup_stm32f103rbtx.o
LOAD ./Drivers/STM32F1xx_HAL_Driver/Src/stm32f1xx_hal.o
LOAD ./Drivers/STM32F1xx_HAL_Driver/Src/stm32f1xx_hal_cortex.o
LOAD ./Drivers/STM32F1xx_HAL_Driver/Src/stm32f1xx_hal_dma.o
LOAD ./Drivers/STM32F1xx_HAL_Driver/Src/stm32f1xx_hal_exti.o
LOAD ./Drivers/STM32F1xx_HAL_Driver/Src/stm32f1xx_hal_flash.o
LOAD ./Drivers/STM32F1xx_HAL_Driver/Src/stm32f1xx_hal_flash_ex.o
LOAD ./Drivers/STM32F1xx_HAL_Driver/Src/stm32f1xx_hal_gpio.o
LOAD ./Drivers/STM32F1xx_HAL_Driver/Src/stm32f1xx_hal_gpio_ex.o
LOAD ./Drivers/STM32F1xx_HAL_Driver/Src/stm32f1xx_hal_pwr.o
LOAD ./Drivers/STM32F1xx_HAL_Driver/Src/stm32f1xx_hal_rcc.o
LOAD ./Drivers/STM32F1xx_HAL_Driver/Src/stm32f1xx_hal_rcc_ex.o
LOAD ./Drivers/STM32F1xx_HAL_Driver/Src/stm32f1xx_hal_tim.o
LOAD ./Drivers/STM32F1xx_HAL_Driver/Src/stm32f1xx_hal_tim_ex.o
LOAD ./Drivers/STM32F1xx_HAL_Driver/Src/stm32f1xx_hal_uart.o
LOAD ./ThirdParty/FreeRTOS/croutine.o
LOAD ./ThirdParty/FreeRTOS/event_groups.o
LOAD ./ThirdParty/FreeRTOS/list.o
LOAD ./ThirdParty/FreeRTOS/queue.o
LOAD ./ThirdParty/FreeRTOS/stream_buffer.o
LOAD ./ThirdParty/FreeRTOS/tasks.o
LOAD ./ThirdParty/FreeRTOS/timers.o
LOAD ./ThirdParty/FreeRTOS/portable/GCC/ARM_CM3/port.o
LOAD ./ThirdParty/FreeRTOS/portable/MemMang/heap_4.o
LOAD ./ThirdParty/SEGGER_SYSTEMVIEW/Config/SEGGER_SYSVIEW_Config_FreeRTOS.o
LOAD ./ThirdParty/SEGGER_SYSTEMVIEW/OS/SEGGER_SYSVIEW_FreeRTOS.o
LOAD ./ThirdParty/SEGGER_SYSTEMVIEW/SEGGER/SEGGER_RTT.o
LOAD ./ThirdParty/SEGGER_SYSTEMVIEW/SEGGER/SEGGER_RTT_ASM_ARMv7M.o
LOAD ./ThirdParty/SEGGER_SYSTEMVIEW/SEGGER/SEGGER_RTT_printf.o
LOAD ./ThirdParty/SEGGER_SYSTEMVIEW/SYSVIEW/SEGGER_SYSVIEW.o
START GROUP
LOAD C:/ST/STM32CubeIDE_2.1.1/STM32CubeIDE/plugins/com.st.stm32cube.ide.mcu.externaltools.gnu-tools-for-stm32.14.3.rel1.win32_1.0.100.202602081740/tools/bin/../lib/gcc/arm-none-eabi/14.3.1/../../../../arm-none-eabi/lib/thumb/v7-m/nofp\libc_nano.a
LOAD C:/ST/STM32CubeIDE_2.1.1/STM32CubeIDE/plugins/com.st.stm32cube.ide.mcu.externaltools.gnu-tools-for-stm32.14.3.rel1.win32_1.0.100.202602081740/tools/bin/../lib/gcc/arm-none-eabi/14.3.1/../../../../arm-none-eabi/lib/thumb/v7-m/nofp\libm.a
END GROUP
START GROUP
LOAD C:/ST/STM32CubeIDE_2.1.1/STM32CubeIDE/plugins/com.st.stm32cube.ide.mcu.externaltools.gnu-tools-for-stm32.14.3.rel1.win32_1.0.100.202602081740/tools/bin/../lib/gcc/arm-none-eabi/14.3.1/thumb/v7-m/nofp\libgcc.a
LOAD C:/ST/STM32CubeIDE_2.1.1/STM32CubeIDE/plugins/com.st.stm32cube.ide.mcu.externaltools.gnu-tools-for-stm32.14.3.rel1.win32_1.0.100.202602081740/tools/bin/../lib/gcc/arm-none-eabi/14.3.1/../../../../arm-none-eabi/lib/thumb/v7-m/nofp\libc_nano.a
END GROUP
START GROUP
LOAD C:/ST/STM32CubeIDE_2.1.1/STM32CubeIDE/plugins/com.st.stm32cube.ide.mcu.externaltools.gnu-tools-for-stm32.14.3.rel1.win32_1.0.100.202602081740/tools/bin/../lib/gcc/arm-none-eabi/14.3.1/thumb/v7-m/nofp\libgcc.a
LOAD C:/ST/STM32CubeIDE_2.1.1/STM32CubeIDE/plugins/com.st.stm32cube.ide.mcu.externaltools.gnu-tools-for-stm32.14.3.rel1.win32_1.0.100.202602081740/tools/bin/../lib/gcc/arm-none-eabi/14.3.1/../../../../arm-none-eabi/lib/thumb/v7-m/nofp\libc_nano.a
LOAD C:/ST/STM32CubeIDE_2.1.1/STM32CubeIDE/plugins/com.st.stm32cube.ide.mcu.externaltools.gnu-tools-for-stm32.14.3.rel1.win32_1.0.100.202602081740/tools/bin/../lib/gcc/arm-none-eabi/14.3.1/../../../../arm-none-eabi/lib/thumb/v7-m/nofp\libnosys.a
END GROUP
START GROUP
LOAD C:/ST/STM32CubeIDE_2.1.1/STM32CubeIDE/plugins/com.st.stm32cube.ide.mcu.externaltools.gnu-tools-for-stm32.14.3.rel1.win32_1.0.100.202602081740/tools/bin/../lib/gcc/arm-none-eabi/14.3.1/thumb/v7-m/nofp\libgcc.a
LOAD C:/ST/STM32CubeIDE_2.1.1/STM32CubeIDE/plugins/com.st.stm32cube.ide.mcu.externaltools.gnu-tools-for-stm32.14.3.rel1.win32_1.0.100.202602081740/tools/bin/../lib/gcc/arm-none-eabi/14.3.1/../../../../arm-none-eabi/lib/thumb/v7-m/nofp\libc_nano.a
LOAD C:/ST/STM32CubeIDE_2.1.1/STM32CubeIDE/plugins/com.st.stm32cube.ide.mcu.externaltools.gnu-tools-for-stm32.14.3.rel1.win32_1.0.100.202602081740/tools/bin/../lib/gcc/arm-none-eabi/14.3.1/../../../../arm-none-eabi/lib/thumb/v7-m/nofp\libnosys.a
END GROUP
LOAD C:/ST/STM32CubeIDE_2.1.1/STM32CubeIDE/plugins/com.st.stm32cube.ide.mcu.externaltools.gnu-tools-for-stm32.14.3.rel1.win32_1.0.100.202602081740/tools/bin/../lib/gcc/arm-none-eabi/14.3.1/thumb/v7-m/nofp/crtend.o
LOAD C:/ST/STM32CubeIDE_2.1.1/STM32CubeIDE/plugins/com.st.stm32cube.ide.mcu.externaltools.gnu-tools-for-stm32.14.3.rel1.win32_1.0.100.202602081740/tools/bin/../lib/gcc/arm-none-eabi/14.3.1/thumb/v7-m/nofp/crtn.o
                0x20005000                        _estack = (ORIGIN (RAM) + LENGTH (RAM))
                0x00000200                        _Min_Heap_Size = 0x200
                0x00000400                        _Min_Stack_Size = 0x400

.isr_vector     0x08000000      0x10c
                0x08000000                        . = ALIGN (0x4)
 *(.isr_vector)
 .isr_vector    0x08000000      0x10c ./Core/Startup/startup_stm32f103rbtx.o
                0x08000000                g_pfnVectors
                0x0800010c                        . = ALIGN (0x4)

.text           0x0800010c     0x8c20
                0x0800010c                        . = ALIGN (0x4)
 *(.text)
 .text          0x0800010c       0x40 C:/ST/STM32CubeIDE_2.1.1/STM32CubeIDE/plugins/com.st.stm32cube.ide.mcu.externaltools.gnu-tools-for-stm32.14.3.rel1.win32_1.0.100.202602081740/tools/bin/../lib/gcc/arm-none-eabi/14.3.1/thumb/v7-m/nofp/crtbegin.o
 .text          0x0800014c       0x8c ./ThirdParty/SEGGER_SYSTEMVIEW/SEGGER/SEGGER_RTT_ASM_ARMv7M.o
                0x0800014c                SEGGER_RTT_ASM_WriteSkipNoLock
 .text          0x080001d8       0x10 C:/ST/STM32CubeIDE_2.1.1/STM32CubeIDE/plugins/com.st.stm32cube.ide.mcu.externaltools.gnu-tools-for-stm32.14.3.rel1.win32_1.0.100.202602081740/tools/bin/../lib/gcc/arm-none-eabi/14.3.1/../../../../arm-none-eabi/lib/thumb/v7-m/nofp\libc_nano.a(libc_a-strlen.o)
                0x080001d8                strlen
 .text          0x080001e8      0x21c C:/ST/STM32CubeIDE_2.1.1/STM32CubeIDE/plugins/com.st.stm32cube.ide.mcu.externaltools.gnu-tools-for-stm32.14.3.rel1.win32_1.0.100.202602081740/tools/bin/../lib/gcc/arm-none-eabi/14.3.1/thumb/v7-m/nofp\libgcc.a(_arm_addsubsf3.o)
                0x080001e8                __aeabi_frsub
                0x080001f0                __subsf3
                0x080001f0                __aeabi_fsub
                0x080001f4                __aeabi_fadd
                0x080001f4                __addsf3
                0x08000354                __aeabi_ui2f
                0x08000354                __floatunsisf
                0x0800035c                __aeabi_i2f
                0x0800035c                __floatsisf
                0x08000378                __aeabi_ul2f
                0x08000378                __floatundisf
                0x08000388                __aeabi_l2f
                0x08000388                __floatdisf
 .text          0x08000404      0x2a0 C:/ST/STM32CubeIDE_2.1.1/STM32CubeIDE/plugins/com.st.stm32cube.ide.mcu.externaltools.gnu-tools-for-stm32.14.3.rel1.win32_1.0.100.202602081740/tools/bin/../lib/gcc/arm-none-eabi/14.3.1/thumb/v7-m/nofp\libgcc.a(_arm_muldivsf3.o)
                0x08000404                __mulsf3
                0x08000404                __aeabi_fmul
                0x0800056c                __aeabi_fdiv
                0x0800056c                __divsf3
 .text          0x080006a4       0xec C:/ST/STM32CubeIDE_2.1.1/STM32CubeIDE/plugins/com.st.stm32cube.ide.mcu.externaltools.gnu-tools-for-stm32.14.3.rel1.win32_1.0.100.202602081740/tools/bin/../lib/gcc/arm-none-eabi/14.3.1/thumb/v7-m/nofp\libgcc.a(_arm_cmpsf2.o)
                0x080006a4                __gesf2
                0x080006a4                __gtsf2
                0x080006ac                __lesf2
                0x080006ac                __ltsf2
                0x080006b4                __nesf2
                0x080006b4                __eqsf2
                0x080006b4                __cmpsf2
                0x08000714                __aeabi_cfrcmple
                0x0800071c                __aeabi_cfcmpeq
                0x0800071c                __aeabi_cfcmple
                0x0800072c                __aeabi_fcmpeq
                0x08000740                __aeabi_fcmplt
                0x08000754                __aeabi_fcmple
                0x08000768                __aeabi_fcmpge
                0x0800077c                __aeabi_fcmpgt
 .text          0x08000790       0x4c C:/ST/STM32CubeIDE_2.1.1/STM32CubeIDE/plugins/com.st.stm32cube.ide.mcu.externaltools.gnu-tools-for-stm32.14.3.rel1.win32_1.0.100.202602081740/tools/bin/../lib/gcc/arm-none-eabi/14.3.1/thumb/v7-m/nofp\libgcc.a(_arm_fixsfsi.o)
                0x08000790                __aeabi_f2iz
                0x08000790                __fixsfsi
 *(.text*)
 .text.Buffer_Filter
                0x080007dc       0x88 ./App/Algorithm/Src/filter.o
                0x080007dc                Buffer_Filter
 .text.PID_Compute
                0x08000864      0x12c ./App/Algorithm/Src/pid.o
                0x08000864                PID_Compute
 .text.PID_Reset
                0x08000990       0x20 ./App/Algorithm/Src/pid.o
                0x08000990                PID_Reset
 .text.Motor_Init
                0x080009b0       0x94 ./App/Drivers/API/Src/motor.o
                0x080009b0                Motor_Init
 .text.Motor_Rotate
                0x08000a44       0xcc ./App/Drivers/API/Src/motor.o
                0x08000a44                Motor_Rotate
 .text.is_Motor_Limit
                0x08000b10       0x44 ./App/Drivers/API/Src/motor.o
                0x08000b10                is_Motor_Limit
 .text.Motor_Shift
                0x08000b54       0xf0 ./App/Drivers/API/Src/motor.o
                0x08000b54                Motor_Shift
 .text.Which_Sensor
                0x08000c44       0x74 ./App/Drivers/API/Src/motor.o
                0x08000c44                Which_Sensor
 .text.Motor_PID_Control
                0x08000cb8       0x94 ./App/Drivers/API/Src/motor.o
                0x08000cb8                Motor_PID_Control
 .text.Sensor_Trigger
                0x08000d4c       0x74 ./App/Drivers/API/Src/sensor.o
                0x08000d4c                Sensor_Trigger
 .text.Sensor_ISR
                0x08000dc0       0xa4 ./App/Drivers/API/Src/sensor.o
                0x08000dc0                Sensor_ISR
 .text.Get_Distance
                0x08000e64       0x40 ./App/Drivers/API/Src/sensor.o
                0x08000e64                Get_Distance
 .text.calculate_distance
                0x08000ea4       0x48 ./App/Drivers/API/Src/sensor.o
 .text.delay_us
                0x08000eec       0x34 ./App/Drivers/API/Src/sensor.o
 .text.HAL_GPIO_EXTI_Callback
                0x08000f20       0x1a ./App/Drivers/API/Src/sensor.o
                0x08000f20                HAL_GPIO_EXTI_Callback
 *fill*         0x08000f3a        0x2 
 .text.vTaskControl
                0x08000f3c      0x174 ./App/Tasks/Src/control_task.o
                0x08000f3c                vTaskControl
 .text.vTaskSensorScanner
                0x080010b0       0x80 ./App/Tasks/Src/sensor_task.o
                0x080010b0                vTaskSensorScanner
 .text.vTaskUART
                0x08001130      0x130 ./App/Tasks/Src/uart_task.o
                0x08001130                vTaskUART
 .text.main     0x08001260      0x144 ./Core/Src/main.o
                0x08001260                main
 .text.SystemClock_Config
                0x080013a4       0x82 ./Core/Src/main.o
                0x080013a4                SystemClock_Config
 *fill*         0x08001426        0x2 
 .text.MX_TIM2_Init
                0x08001428       0x98 ./Core/Src/main.o
 .text.MX_TIM3_Init
                0x080014c0       0xb4 ./Core/Src/main.o
 .text.MX_TIM4_Init
                0x08001574       0x9c ./Core/Src/main.o
 .text.MX_USART2_UART_Init
                0x08001610       0x54 ./Core/Src/main.o
 .text.MX_DMA_Init
                0x08001664       0x3c ./Core/Src/main.o
 .text.MX_GPIO_Init
                0x080016a0      0x14c ./Core/Src/main.o
 .text.vApplicationIdleHook
                0x080017ec        0xe ./Core/Src/main.o
                0x080017ec                vApplicationIdleHook
 *fill*         0x080017fa        0x2 
 .text.HAL_TIM_PeriodElapsedCallback
                0x080017fc       0x24 ./Core/Src/main.o
                0x080017fc                HAL_TIM_PeriodElapsedCallback
 .text.Error_Handler
                0x08001820        0xc ./Core/Src/main.o
                0x08001820                Error_Handler
 .text.__NVIC_SetPriorityGrouping
                0x0800182c       0x48 ./Core/Src/stm32f1xx_hal_msp.o
 .text.HAL_MspInit
                0x08001874       0x68 ./Core/Src/stm32f1xx_hal_msp.o
                0x08001874                HAL_MspInit
 .text.HAL_TIM_Base_MspInit
                0x080018dc       0x60 ./Core/Src/stm32f1xx_hal_msp.o
                0x080018dc                HAL_TIM_Base_MspInit
 .text.HAL_TIM_PWM_MspInit
                0x0800193c       0x3c ./Core/Src/stm32f1xx_hal_msp.o
                0x0800193c                HAL_TIM_PWM_MspInit
 .text.HAL_TIM_MspPostInit
                0x08001978       0x64 ./Core/Src/stm32f1xx_hal_msp.o
                0x08001978                HAL_TIM_MspPostInit
 .text.HAL_UART_MspInit
                0x080019dc       0xd0 ./Core/Src/stm32f1xx_hal_msp.o
                0x080019dc                HAL_UART_MspInit
 .text.HAL_InitTick
                0x08001aac       0xe4 ./Core/Src/stm32f1xx_hal_timebase_tim.o
                0x08001aac                HAL_InitTick
 .text.NMI_Handler
                0x08001b90        0x8 ./Core/Src/stm32f1xx_it.o
                0x08001b90                NMI_Handler
 .text.HardFault_Handler
                0x08001b98        0x8 ./Core/Src/stm32f1xx_it.o
                0x08001b98                HardFault_Handler
 .text.MemManage_Handler
                0x08001ba0        0x8 ./Core/Src/stm32f1xx_it.o
                0x08001ba0                MemManage_Handler
 .text.BusFault_Handler
                0x08001ba8        0x8 ./Core/Src/stm32f1xx_it.o
                0x08001ba8                BusFault_Handler
 .text.UsageFault_Handler
                0x08001bb0        0x8 ./Core/Src/stm32f1xx_it.o
                0x08001bb0                UsageFault_Handler
 .text.DebugMon_Handler
                0x08001bb8        0xc ./Core/Src/stm32f1xx_it.o
                0x08001bb8                DebugMon_Handler
 .text.DMA1_Channel7_IRQHandler
                0x08001bc4       0x14 ./Core/Src/stm32f1xx_it.o
                0x08001bc4                DMA1_Channel7_IRQHandler
 .text.TIM1_UP_IRQHandler
                0x08001bd8       0x14 ./Core/Src/stm32f1xx_it.o
                0x08001bd8                TIM1_UP_IRQHandler
 .text.EXTI15_10_IRQHandler
                0x08001bec       0x20 ./Core/Src/stm32f1xx_it.o
                0x08001bec                EXTI15_10_IRQHandler
 .text._sbrk    0x08001c0c       0x6c ./Core/Src/sysmem.o
                0x08001c0c                _sbrk
 .text.SystemInit
                0x08001c78        0xc ./Core/Src/system_stm32f1xx.o
                0x08001c78                SystemInit
 .text.Reset_Handler
                0x08001c84       0x48 ./Core/Startup/startup_stm32f103rbtx.o
                0x08001c84                Reset_Handler
 .text.Default_Handler
                0x08001ccc        0x2 ./Core/Startup/startup_stm32f103rbtx.o
                0x08001ccc                RTC_Alarm_IRQHandler
                0x08001ccc                EXTI2_IRQHandler
                0x08001ccc                TIM1_CC_IRQHandler
                0x08001ccc                PVD_IRQHandler
                0x08001ccc                EXTI3_IRQHandler
                0x08001ccc                EXTI0_IRQHandler
                0x08001ccc                I2C2_EV_IRQHandler
                0x08001ccc                ADC1_2_IRQHandler
                0x08001ccc                SPI1_IRQHandler
                0x08001ccc                TAMPER_IRQHandler
                0x08001ccc                DMA1_Channel4_IRQHandler
                0x08001ccc                USART3_IRQHandler
                0x08001ccc                RTC_IRQHandler
                0x08001ccc                CAN1_RX1_IRQHandler
                0x08001ccc                TIM4_IRQHandler
                0x08001ccc                I2C1_EV_IRQHandler
                0x08001ccc                DMA1_Channel6_IRQHandler
                0x08001ccc                TIM3_IRQHandler
                0x08001ccc                RCC_IRQHandler
                0x08001ccc                TIM1_TRG_COM_IRQHandler
                0x08001ccc                DMA1_Channel1_IRQHandler
                0x08001ccc                Default_Handler
                0x08001ccc                EXTI9_5_IRQHandler
                0x08001ccc                SPI2_IRQHandler
                0x08001ccc                DMA1_Channel5_IRQHandler
                0x08001ccc                EXTI4_IRQHandler
                0x08001ccc                USB_LP_CAN1_RX0_IRQHandler
                0x08001ccc                USB_HP_CAN1_TX_IRQHandler
                0x08001ccc                DMA1_Channel3_IRQHandler
                0x08001ccc                WWDG_IRQHandler
                0x08001ccc                TIM2_IRQHandler
                0x08001ccc                TIM1_BRK_IRQHandler
                0x08001ccc                EXTI1_IRQHandler
                0x08001ccc                USART2_IRQHandler
                0x08001ccc                I2C2_ER_IRQHandler
                0x08001ccc                DMA1_Channel2_IRQHandler
                0x08001ccc                CAN1_SCE_IRQHandler
                0x08001ccc                FLASH_IRQHandler
                0x08001ccc                USART1_IRQHandler
                0x08001ccc                I2C1_ER_IRQHandler
                0x08001ccc                USBWakeUp_IRQHandler
 *fill*         0x08001cce        0x2 
 .text.HAL_Init
                0x08001cd0       0x2c ./Drivers/STM32F1xx_HAL_Driver/Src/stm32f1xx_hal.o
                0x08001cd0                HAL_Init
 .text.HAL_IncTick
                0x08001cfc       0x24 ./Drivers/STM32F1xx_HAL_Driver/Src/stm32f1xx_hal.o
                0x08001cfc                HAL_IncTick
 .text.HAL_GetTick
                0x08001d20       0x14 ./Drivers/STM32F1xx_HAL_Driver/Src/stm32f1xx_hal.o
                0x08001d20                HAL_GetTick
 .text.__NVIC_SetPriorityGrouping
                0x08001d34       0x48 ./Drivers/STM32F1xx_HAL_Driver/Src/stm32f1xx_hal_cortex.o
 .text.__NVIC_GetPriorityGrouping
                0x08001d7c       0x1c ./Drivers/STM32F1xx_HAL_Driver/Src/stm32f1xx_hal_cortex.o
 .text.__NVIC_EnableIRQ
                0x08001d98       0x38 ./Drivers/STM32F1xx_HAL_Driver/Src/stm32f1xx_hal_cortex.o
 .text.__NVIC_SetPriority
                0x08001dd0       0x54 ./Drivers/STM32F1xx_HAL_Driver/Src/stm32f1xx_hal_cortex.o
 .text.NVIC_EncodePriority
                0x08001e24       0x64 ./Drivers/STM32F1xx_HAL_Driver/Src/stm32f1xx_hal_cortex.o
 .text.HAL_NVIC_SetPriorityGrouping
                0x08001e88       0x16 ./Drivers/STM32F1xx_HAL_Driver/Src/stm32f1xx_hal_cortex.o
                0x08001e88                HAL_NVIC_SetPriorityGrouping
 .text.HAL_NVIC_SetPriority
                0x08001e9e       0x38 ./Drivers/STM32F1xx_HAL_Driver/Src/stm32f1xx_hal_cortex.o
                0x08001e9e                HAL_NVIC_SetPriority
 .text.HAL_NVIC_EnableIRQ
                0x08001ed6       0x1c ./Drivers/STM32F1xx_HAL_Driver/Src/stm32f1xx_hal_cortex.o
                0x08001ed6                HAL_NVIC_EnableIRQ
 *fill*         0x08001ef2        0x2 
 .text.HAL_DMA_Init
                0x08001ef4       0xb4 ./Drivers/STM32F1xx_HAL_Driver/Src/stm32f1xx_hal_dma.o
                0x08001ef4                HAL_DMA_Init
 .text.HAL_DMA_IRQHandler
                0x08001fa8      0x20c ./Drivers/STM32F1xx_HAL_Driver/Src/stm32f1xx_hal_dma.o
                0x08001fa8                HAL_DMA_IRQHandler
 .text.HAL_GPIO_Init
                0x080021b4      0x308 ./Drivers/STM32F1xx_HAL_Driver/Src/stm32f1xx_hal_gpio.o
                0x080021b4                HAL_GPIO_Init
 .text.HAL_GPIO_ReadPin
                0x080024bc       0x2e ./Drivers/STM32F1xx_HAL_Driver/Src/stm32f1xx_hal_gpio.o
                0x080024bc                HAL_GPIO_ReadPin
 .text.HAL_GPIO_WritePin
                0x080024ea       0x30 ./Drivers/STM32F1xx_HAL_Driver/Src/stm32f1xx_hal_gpio.o
                0x080024ea                HAL_GPIO_WritePin
 *fill*         0x0800251a        0x2 
 .text.HAL_GPIO_EXTI_IRQHandler
                0x0800251c       0x30 ./Drivers/STM32F1xx_HAL_Driver/Src/stm32f1xx_hal_gpio.o
                0x0800251c                HAL_GPIO_EXTI_IRQHandler
 .text.HAL_RCC_OscConfig
                0x0800254c      0x504 ./Drivers/STM32F1xx_HAL_Driver/Src/stm32f1xx_hal_rcc.o
                0x0800254c                HAL_RCC_OscConfig
 .text.HAL_RCC_ClockConfig
                0x08002a50      0x1d4 ./Drivers/STM32F1xx_HAL_Driver/Src/stm32f1xx_hal_rcc.o
                0x08002a50                HAL_RCC_ClockConfig
 .text.HAL_RCC_GetSysClockFreq
                0x08002c24       0xa8 ./Drivers/STM32F1xx_HAL_Driver/Src/stm32f1xx_hal_rcc.o
                0x08002c24                HAL_RCC_GetSysClockFreq
 .text.HAL_RCC_GetHCLKFreq
                0x08002ccc       0x14 ./Drivers/STM32F1xx_HAL_Driver/Src/stm32f1xx_hal_rcc.o
                0x08002ccc                HAL_RCC_GetHCLKFreq
 .text.HAL_RCC_GetPCLK1Freq
                0x08002ce0       0x28 ./Drivers/STM32F1xx_HAL_Driver/Src/stm32f1xx_hal_rcc.o
                0x08002ce0                HAL_RCC_GetPCLK1Freq
 .text.HAL_RCC_GetPCLK2Freq
                0x08002d08       0x28 ./Drivers/STM32F1xx_HAL_Driver/Src/stm32f1xx_hal_rcc.o
                0x08002d08                HAL_RCC_GetPCLK2Freq
 .text.HAL_RCC_GetClockConfig
                0x08002d30       0x60 ./Drivers/STM32F1xx_HAL_Driver/Src/stm32f1xx_hal_rcc.o
                0x08002d30                HAL_RCC_GetClockConfig
 .text.RCC_Delay
                0x08002d90       0x3c ./Drivers/STM32F1xx_HAL_Driver/Src/stm32f1xx_hal_rcc.o
 .text.HAL_TIM_Base_Init
                0x08002dcc       0x9e ./Drivers/STM32F1xx_HAL_Driver/Src/stm32f1xx_hal_tim.o
                0x08002dcc                HAL_TIM_Base_Init
 *fill*         0x08002e6a        0x2 
 .text.HAL_TIM_Base_Start
                0x08002e6c       0x94 ./Drivers/STM32F1xx_HAL_Driver/Src/stm32f1xx_hal_tim.o
                0x08002e6c                HAL_TIM_Base_Start
 .text.HAL_TIM_Base_Start_IT
                0x08002f00       0xa4 ./Drivers/STM32F1xx_HAL_Driver/Src/stm32f1xx_hal_tim.o
                0x08002f00                HAL_TIM_Base_Start_IT
 .text.HAL_TIM_PWM_Init
                0x08002fa4       0x9e ./Drivers/STM32F1xx_HAL_Driver/Src/stm32f1xx_hal_tim.o
                0x08002fa4                HAL_TIM_PWM_Init
 *fill*         0x08003042        0x2 
 .text.HAL_TIM_PWM_Start
                0x08003044      0x144 ./Drivers/STM32F1xx_HAL_Driver/Src/stm32f1xx_hal_tim.o
                0x08003044                HAL_TIM_PWM_Start
 .text.HAL_TIM_IRQHandler
                0x08003188      0x1e0 ./Drivers/STM32F1xx_HAL_Driver/Src/stm32f1xx_hal_tim.o
                0x08003188                HAL_TIM_IRQHandler
 .text.HAL_TIM_PWM_ConfigChannel
                0x08003368      0x184 ./Drivers/STM32F1xx_HAL_Driver/Src/stm32f1xx_hal_tim.o
                0x08003368                HAL_TIM_PWM_ConfigChannel
 .text.HAL_TIM_ConfigClockSource
                0x080034ec      0x18e ./Drivers/STM32F1xx_HAL_Driver/Src/stm32f1xx_hal_tim.o
                0x080034ec                HAL_TIM_ConfigClockSource
 .text.HAL_TIM_OC_DelayElapsedCallback
                0x0800367a       0x12 ./Drivers/STM32F1xx_HAL_Driver/Src/stm32f1xx_hal_tim.o
                0x0800367a                HAL_TIM_OC_DelayElapsedCallback
 .text.HAL_TIM_IC_CaptureCallback
                0x0800368c       0x12 ./Drivers/STM32F1xx_HAL_Driver/Src/stm32f1xx_hal_tim.o
                0x0800368c                HAL_TIM_IC_CaptureCallback
 .text.HAL_TIM_PWM_PulseFinishedCallback
                0x0800369e       0x12 ./Drivers/STM32F1xx_HAL_Driver/Src/stm32f1xx_hal_tim.o
                0x0800369e                HAL_TIM_PWM_PulseFinishedCallback
 .text.HAL_TIM_TriggerCallback
                0x080036b0       0x12 ./Drivers/STM32F1xx_HAL_Driver/Src/stm32f1xx_hal_tim.o
                0x080036b0                HAL_TIM_TriggerCallback
 *fill*         0x080036c2        0x2 
 .text.TIM_Base_SetConfig
                0x080036c4       0xdc ./Drivers/STM32F1xx_HAL_Driver/Src/stm32f1xx_hal_tim.o
                0x080036c4                TIM_Base_SetConfig
 .text.TIM_OC1_SetConfig
                0x080037a0       0xcc ./Drivers/STM32F1xx_HAL_Driver/Src/stm32f1xx_hal_tim.o
 .text.TIM_OC2_SetConfig
                0x0800386c       0xd4 ./Drivers/STM32F1xx_HAL_Driver/Src/stm32f1xx_hal_tim.o
                0x0800386c                TIM_OC2_SetConfig
 .text.TIM_OC3_SetConfig
                0x08003940       0xd4 ./Drivers/STM32F1xx_HAL_Driver/Src/stm32f1xx_hal_tim.o
 .text.TIM_OC4_SetConfig
                0x08003a14       0x9c ./Drivers/STM32F1xx_HAL_Driver/Src/stm32f1xx_hal_tim.o
 .text.TIM_TI1_ConfigInputStage
                0x08003ab0       0x5c ./Drivers/STM32F1xx_HAL_Driver/Src/stm32f1xx_hal_tim.o
 .text.TIM_TI2_ConfigInputStage
                0x08003b0c       0x5e ./Drivers/STM32F1xx_HAL_Driver/Src/stm32f1xx_hal_tim.o
 .text.TIM_ITRx_SetConfig
                0x08003b6a       0x34 ./Drivers/STM32F1xx_HAL_Driver/Src/stm32f1xx_hal_tim.o
 .text.TIM_ETR_SetConfig
                0x08003b9e       0x3e ./Drivers/STM32F1xx_HAL_Driver/Src/stm32f1xx_hal_tim.o
                0x08003b9e                TIM_ETR_SetConfig
 .text.TIM_CCxChannelCmd
                0x08003bdc       0x48 ./Drivers/STM32F1xx_HAL_Driver/Src/stm32f1xx_hal_tim.o
                0x08003bdc                TIM_CCxChannelCmd
 .text.HAL_TIMEx_MasterConfigSynchronization
                0x08003c24       0xbc ./Drivers/STM32F1xx_HAL_Driver/Src/stm32f1xx_hal_tim_ex.o
                0x08003c24                HAL_TIMEx_MasterConfigSynchronization
 .text.HAL_TIMEx_CommutCallback
                0x08003ce0       0x12 ./Drivers/STM32F1xx_HAL_Driver/Src/stm32f1xx_hal_tim_ex.o
                0x08003ce0                HAL_TIMEx_CommutCallback
 .text.HAL_TIMEx_BreakCallback
                0x08003cf2       0x12 ./Drivers/STM32F1xx_HAL_Driver/Src/stm32f1xx_hal_tim_ex.o
                0x08003cf2                HAL_TIMEx_BreakCallback
 .text.HAL_UART_Init
                0x08003d04       0xa0 ./Drivers/STM32F1xx_HAL_Driver/Src/stm32f1xx_hal_uart.o
                0x08003d04                HAL_UART_Init
 .text.HAL_UART_Transmit
                0x08003da4      0x116 ./Drivers/STM32F1xx_HAL_Driver/Src/stm32f1xx_hal_uart.o
                0x08003da4                HAL_UART_Transmit
 .text.UART_WaitOnFlagUntilTimeout
                0x08003eba       0xb2 ./Drivers/STM32F1xx_HAL_Driver/Src/stm32f1xx_hal_uart.o
 .text.UART_EndRxTransfer
                0x08003f6c       0xc4 ./Drivers/STM32F1xx_HAL_Driver/Src/stm32f1xx_hal_uart.o
 .text.UART_SetConfig
                0x08004030      0x11c ./Drivers/STM32F1xx_HAL_Driver/Src/stm32f1xx_hal_uart.o
 .text.vListInitialise
                0x0800414c       0x3e ./ThirdParty/FreeRTOS/list.o
                0x0800414c                vListInitialise
 .text.vListInitialiseItem
                0x0800418a       0x18 ./ThirdParty/FreeRTOS/list.o
                0x0800418a                vListInitialiseItem
 .text.vListInsert
                0x080041a2       0x70 ./ThirdParty/FreeRTOS/list.o
                0x080041a2                vListInsert
 .text.uxListRemove
                0x08004212       0x52 ./ThirdParty/FreeRTOS/list.o
                0x08004212                uxListRemove
 .text.xQueueGenericReset
                0x08004264      0x124 ./ThirdParty/FreeRTOS/queue.o
                0x08004264                xQueueGenericReset
 .text.xQueueGenericCreate
                0x08004388       0x9e ./ThirdParty/FreeRTOS/queue.o
                0x08004388                xQueueGenericCreate
 .text.prvInitialiseNewQueue
                0x08004426       0x52 ./ThirdParty/FreeRTOS/queue.o
 .text.xQueueGenericSend
                0x08004478      0x220 ./ThirdParty/FreeRTOS/queue.o
                0x08004478                xQueueGenericSend
 .text.xQueueReceive
                0x08004698      0x1f4 ./ThirdParty/FreeRTOS/queue.o
                0x08004698                xQueueReceive
 .text.prvCopyDataToQueue
                0x0800488c       0xb8 ./ThirdParty/FreeRTOS/queue.o
 .text.prvCopyDataFromQueue
                0x08004944       0x4c ./ThirdParty/FreeRTOS/queue.o
 .text.prvUnlockQueue
                0x08004990       0xa4 ./ThirdParty/FreeRTOS/queue.o
 .text.prvIsQueueEmpty
                0x08004a34       0x2c ./ThirdParty/FreeRTOS/queue.o
 .text.prvIsQueueFull
                0x08004a60       0x30 ./ThirdParty/FreeRTOS/queue.o
 .text.prvCreateTask
                0x08004a90       0x78 ./ThirdParty/FreeRTOS/tasks.o
 .text.xTaskCreate
                0x08004b08       0x46 ./ThirdParty/FreeRTOS/tasks.o
                0x08004b08                xTaskCreate
 .text.prvInitialiseNewTask
                0x08004b4e      0x144 ./ThirdParty/FreeRTOS/tasks.o
 *fill*         0x08004c92        0x2 
 .text.prvAddNewTaskToReadyList
                0x08004c94      0x168 ./ThirdParty/FreeRTOS/tasks.o
 .text.xTaskDelayUntil
                0x08004dfc      0x108 ./ThirdParty/FreeRTOS/tasks.o
                0x08004dfc                xTaskDelayUntil
 .text.vTaskDelay
                0x08004f04       0x74 ./ThirdParty/FreeRTOS/tasks.o
                0x08004f04                vTaskDelay
 .text.prvCreateIdleTasks
                0x08004f78       0xac ./ThirdParty/FreeRTOS/tasks.o
 .text.vTaskStartScheduler
                0x08005024       0xa0 ./ThirdParty/FreeRTOS/tasks.o
                0x08005024                vTaskStartScheduler
 .text.vTaskSuspendAll
                0x080050c4       0x1c ./ThirdParty/FreeRTOS/tasks.o
                0x080050c4                vTaskSuspendAll
 .text.xTaskResumeAll
                0x080050e0      0x218 ./ThirdParty/FreeRTOS/tasks.o
                0x080050e0                xTaskResumeAll
 .text.xTaskGetTickCount
                0x080052f8       0x1c ./ThirdParty/FreeRTOS/tasks.o
                0x080052f8                xTaskGetTickCount
 .text.xTaskGetTickCountFromISR
                0x08005314       0x24 ./ThirdParty/FreeRTOS/tasks.o
                0x08005314                xTaskGetTickCountFromISR
 .text.xTaskIncrementTick
                0x08005338      0x23c ./ThirdParty/FreeRTOS/tasks.o
                0x08005338                xTaskIncrementTick
 .text.vTaskSwitchContext
                0x08005574       0xd8 ./ThirdParty/FreeRTOS/tasks.o
                0x08005574                vTaskSwitchContext
 .text.vTaskPlaceOnEventList
                0x0800564c       0x4c ./ThirdParty/FreeRTOS/tasks.o
                0x0800564c                vTaskPlaceOnEventList
 .text.xTaskRemoveFromEventList
                0x08005698      0x1b8 ./ThirdParty/FreeRTOS/tasks.o
                0x08005698                xTaskRemoveFromEventList
 .text.vTaskInternalSetTimeOutState
                0x08005850       0x2c ./ThirdParty/FreeRTOS/tasks.o
                0x08005850                vTaskInternalSetTimeOutState
 .text.xTaskCheckForTimeOut
                0x0800587c       0xd0 ./ThirdParty/FreeRTOS/tasks.o
                0x0800587c                xTaskCheckForTimeOut
 .text.vTaskMissedYield
                0x0800594c       0x18 ./ThirdParty/FreeRTOS/tasks.o
                0x0800594c                vTaskMissedYield
 .text.prvIdleTask
                0x08005964       0x34 ./ThirdParty/FreeRTOS/tasks.o
 .text.prvInitialiseTaskLists
                0x08005998       0x80 ./ThirdParty/FreeRTOS/tasks.o
 .text.prvCheckTasksWaitingTermination
                0x08005a18       0x5c ./ThirdParty/FreeRTOS/tasks.o
 .text.prvTaskCheckFreeStackSpace
                0x08005a74       0x34 ./ThirdParty/FreeRTOS/tasks.o
 .text.uxTaskGetStackHighWaterMark
                0x08005aa8       0x54 ./ThirdParty/FreeRTOS/tasks.o
                0x08005aa8                uxTaskGetStackHighWaterMark
 .text.prvDeleteTCB
                0x08005afc       0x20 ./ThirdParty/FreeRTOS/tasks.o
 .text.prvResetNextTaskUnblockTime
                0x08005b1c       0x34 ./ThirdParty/FreeRTOS/tasks.o
 .text.prvAddCurrentTaskToDelayedList
                0x08005b50      0x11c ./ThirdParty/FreeRTOS/tasks.o
 .text.pxPortInitialiseStack
                0x08005c6c       0x58 ./ThirdParty/FreeRTOS/portable/GCC/ARM_CM3/port.o
                0x08005c6c                pxPortInitialiseStack
 .text.prvTaskExitError
                0x08005cc4       0x58 ./ThirdParty/FreeRTOS/portable/GCC/ARM_CM3/port.o
 .text.SVC_Handler
                0x08005d1c       0x28 ./ThirdParty/FreeRTOS/portable/GCC/ARM_CM3/port.o
                0x08005d1c                SVC_Handler
 .text.prvPortStartFirstTask
                0x08005d44       0x24 ./ThirdParty/FreeRTOS/portable/GCC/ARM_CM3/port.o
 .text.xPortStartScheduler
                0x08005d68      0x120 ./ThirdParty/FreeRTOS/portable/GCC/ARM_CM3/port.o
                0x08005d68                xPortStartScheduler
 .text.vPortEnterCritical
                0x08005e88       0x60 ./ThirdParty/FreeRTOS/portable/GCC/ARM_CM3/port.o
                0x08005e88                vPortEnterCritical
 .text.vPortExitCritical
                0x08005ee8       0x54 ./ThirdParty/FreeRTOS/portable/GCC/ARM_CM3/port.o
                0x08005ee8                vPortExitCritical
 .text.PendSV_Handler
                0x08005f3c       0x48 ./ThirdParty/FreeRTOS/portable/GCC/ARM_CM3/port.o
                0x08005f3c                PendSV_Handler
 .text.SysTick_Handler
                0x08005f84       0x54 ./ThirdParty/FreeRTOS/portable/GCC/ARM_CM3/port.o
                0x08005f84                SysTick_Handler
 .text.vPortSetupTimerInterrupt
                0x08005fd8       0x34 ./ThirdParty/FreeRTOS/portable/GCC/ARM_CM3/port.o
                0x08005fd8                vPortSetupTimerInterrupt
 .text.vPortValidateInterruptPriority
                0x0800600c       0x80 ./ThirdParty/FreeRTOS/portable/GCC/ARM_CM3/port.o
                0x0800600c                vPortValidateInterruptPriority
 .text.pvPortMalloc
                0x0800608c      0x270 ./ThirdParty/FreeRTOS/portable/MemMang/heap_4.o
                0x0800608c                pvPortMalloc
 .text.vPortFree
                0x080062fc       0xec ./ThirdParty/FreeRTOS/portable/MemMang/heap_4.o
                0x080062fc                vPortFree
 .text.prvHeapInit
                0x080063e8       0xb4 ./ThirdParty/FreeRTOS/portable/MemMang/heap_4.o
 .text.prvInsertBlockIntoFreeList
                0x0800649c       0xf4 ./ThirdParty/FreeRTOS/portable/MemMang/heap_4.o
 .text._cbSendSystemDesc
                0x08006590       0x28 ./ThirdParty/SEGGER_SYSTEMVIEW/Config/SEGGER_SYSVIEW_Config_FreeRTOS.o
 .text.SEGGER_SYSVIEW_Conf
                0x080065b8       0x28 ./ThirdParty/SEGGER_SYSTEMVIEW/Config/SEGGER_SYSVIEW_Config_FreeRTOS.o
                0x080065b8                SEGGER_SYSVIEW_Conf
 .text._cbSendTaskList
                0x080065e0       0xbc ./ThirdParty/SEGGER_SYSTEMVIEW/OS/SEGGER_SYSVIEW_FreeRTOS.o
 .text._cbGetTime
                0x0800669c       0x86 ./ThirdParty/SEGGER_SYSTEMVIEW/OS/SEGGER_SYSVIEW_FreeRTOS.o
 *fill*         0x08006722        0x2 
 .text.SYSVIEW_AddTask
                0x08006724       0xd0 ./ThirdParty/SEGGER_SYSTEMVIEW/OS/SEGGER_SYSVIEW_FreeRTOS.o
                0x08006724                SYSVIEW_AddTask
 .text.SYSVIEW_SendTaskInfo
                0x080067f4       0x42 ./ThirdParty/SEGGER_SYSTEMVIEW/OS/SEGGER_SYSVIEW_FreeRTOS.o
                0x080067f4                SYSVIEW_SendTaskInfo
 *fill*         0x08006836        0x2 
 .text._DoInit  0x08006838       0xb0 ./ThirdParty/SEGGER_SYSTEMVIEW/SEGGER/SEGGER_RTT.o
 .text.SEGGER_RTT_ReadNoLock
                0x080068e8      0x10c ./ThirdParty/SEGGER_SYSTEMVIEW/SEGGER/SEGGER_RTT.o
                0x080068e8                SEGGER_RTT_ReadNoLock
 .text.SEGGER_RTT_AllocUpBuffer
                0x080069f4      0x104 ./ThirdParty/SEGGER_SYSTEMVIEW/SEGGER/SEGGER_RTT.o
                0x080069f4                SEGGER_RTT_AllocUpBuffer
 .text.SEGGER_RTT_ConfigDownBuffer
                0x08006af8       0x94 ./ThirdParty/SEGGER_SYSTEMVIEW/SEGGER/SEGGER_RTT.o
                0x08006af8                SEGGER_RTT_ConfigDownBuffer
 .text._EncodeStr
                0x08006b8c       0x70 ./ThirdParty/SEGGER_SYSTEMVIEW/SYSVIEW/SEGGER_SYSVIEW.o
 .text._PreparePacket
                0x08006bfc       0x16 ./ThirdParty/SEGGER_SYSTEMVIEW/SYSVIEW/SEGGER_SYSVIEW.o
 *fill*         0x08006c12        0x2 
 .text._HandleIncomingPacket
                0x08006c14       0xdc ./ThirdParty/SEGGER_SYSTEMVIEW/SYSVIEW/SEGGER_SYSVIEW.o
 .text._CheckDownBuffer
                0x08006cf0       0x68 ./ThirdParty/SEGGER_SYSTEMVIEW/SYSVIEW/SEGGER_SYSVIEW.o
 .text._TrySendOverflowPacket
                0x08006d58       0xde ./ThirdParty/SEGGER_SYSTEMVIEW/SYSVIEW/SEGGER_SYSVIEW.o
 *fill*         0x08006e36        0x2 
 .text._SendPacket
                0x08006e38      0x1e8 ./ThirdParty/SEGGER_SYSTEMVIEW/SYSVIEW/SEGGER_SYSVIEW.o
 .text._SendPacket_Ex
                0x08007020       0xe8 ./ThirdParty/SEGGER_SYSTEMVIEW/SYSVIEW/SEGGER_SYSVIEW.o
 .text._SendStartEvent
                0x08007108       0x48 ./ThirdParty/SEGGER_SYSTEMVIEW/SYSVIEW/SEGGER_SYSVIEW.o
                0x08007108                _SendStartEvent
 .text._SendInitEvent
                0x08007150      0x172 ./ThirdParty/SEGGER_SYSTEMVIEW/SYSVIEW/SEGGER_SYSVIEW.o
                0x08007150                _SendInitEvent
 *fill*         0x080072c2        0x2 
 .text._RecordSystime
                0x080072c4      0x170 ./ThirdParty/SEGGER_SYSTEMVIEW/SYSVIEW/SEGGER_SYSVIEW.o
                0x080072c4                _RecordSystime
 .text.SEGGER_SYSVIEW_Init
                0x08007434       0x2a ./ThirdParty/SEGGER_SYSTEMVIEW/SYSVIEW/SEGGER_SYSVIEW.o
                0x08007434                SEGGER_SYSVIEW_Init
 *fill*         0x0800745e        0x2 
 .text.SEGGER_SYSVIEW_Init_Ex
                0x08007460       0x90 ./ThirdParty/SEGGER_SYSTEMVIEW/SYSVIEW/SEGGER_SYSVIEW.o
                0x08007460                SEGGER_SYSVIEW_Init_Ex
 .text.SEGGER_SYSVIEW_SetRAMBase
                0x080074f0       0x1c ./ThirdParty/SEGGER_SYSTEMVIEW/SYSVIEW/SEGGER_SYSVIEW.o
                0x080074f0                SEGGER_SYSVIEW_SetRAMBase
 .text.SEGGER_SYSVIEW_RecordVoid
                0x0800750c       0x3c ./ThirdParty/SEGGER_SYSTEMVIEW/SYSVIEW/SEGGER_SYSVIEW.o
                0x0800750c                SEGGER_SYSVIEW_RecordVoid
 .text.SEGGER_SYSVIEW_RecordU32
                0x08007548       0x78 ./ThirdParty/SEGGER_SYSTEMVIEW/SYSVIEW/SEGGER_SYSVIEW.o
                0x08007548                SEGGER_SYSVIEW_RecordU32
 .text.SEGGER_SYSVIEW_RecordU32x2
                0x080075c0       0xb4 ./ThirdParty/SEGGER_SYSTEMVIEW/SYSVIEW/SEGGER_SYSVIEW.o
                0x080075c0                SEGGER_SYSVIEW_RecordU32x2
 .text.SEGGER_SYSVIEW_RecordU32x3
                0x08007674       0xec ./ThirdParty/SEGGER_SYSTEMVIEW/SYSVIEW/SEGGER_SYSVIEW.o
                0x08007674                SEGGER_SYSVIEW_RecordU32x3
 .text.SEGGER_SYSVIEW_RecordU32x4
                0x08007760      0x124 ./ThirdParty/SEGGER_SYSTEMVIEW/SYSVIEW/SEGGER_SYSVIEW.o
                0x08007760                SEGGER_SYSVIEW_RecordU32x4
 .text.SEGGER_SYSVIEW_Start
                0x08007884       0x40 ./ThirdParty/SEGGER_SYSTEMVIEW/SYSVIEW/SEGGER_SYSVIEW.o
                0x08007884                SEGGER_SYSVIEW_Start
 .text.SEGGER_SYSVIEW_Start_Ex
                0x080078c4       0x60 ./ThirdParty/SEGGER_SYSTEMVIEW/SYSVIEW/SEGGER_SYSVIEW.o
                0x080078c4                SEGGER_SYSVIEW_Start_Ex
 .text.SEGGER_SYSVIEW_Stop
                0x08007924       0x20 ./ThirdParty/SEGGER_SYSTEMVIEW/SYSVIEW/SEGGER_SYSVIEW.o
                0x08007924                SEGGER_SYSVIEW_Stop
 .text.SEGGER_SYSVIEW_Stop_Ex
                0x08007944       0x54 ./ThirdParty/SEGGER_SYSTEMVIEW/SYSVIEW/SEGGER_SYSVIEW.o
                0x08007944                SEGGER_SYSVIEW_Stop_Ex
 .text.SEGGER_SYSVIEW_GetSysDesc
                0x08007998      0x134 ./ThirdParty/SEGGER_SYSTEMVIEW/SYSVIEW/SEGGER_SYSVIEW.o
                0x08007998                SEGGER_SYSVIEW_GetSysDesc
 .text.SEGGER_SYSVIEW_SendTaskInfo
                0x08007acc      0x1c8 ./ThirdParty/SEGGER_SYSTEMVIEW/SYSVIEW/SEGGER_SYSVIEW.o
                0x08007acc                SEGGER_SYSVIEW_SendTaskInfo
 .text.SEGGER_SYSVIEW_SendTaskList
                0x08007c94       0x28 ./ThirdParty/SEGGER_SYSTEMVIEW/SYSVIEW/SEGGER_SYSVIEW.o
                0x08007c94                SEGGER_SYSVIEW_SendTaskList
 .text.SEGGER_SYSVIEW_SendSysDesc
                0x08007cbc       0x48 ./ThirdParty/SEGGER_SYSTEMVIEW/SYSVIEW/SEGGER_SYSVIEW.o
                0x08007cbc                SEGGER_SYSVIEW_SendSysDesc
 .text.SEGGER_SYSVIEW_RecordSystime
                0x08007d04       0x64 ./ThirdParty/SEGGER_SYSTEMVIEW/SYSVIEW/SEGGER_SYSVIEW.o
                0x08007d04                SEGGER_SYSVIEW_RecordSystime
 .text.SEGGER_SYSVIEW_RecordEnterISR
                0x08007d68       0x84 ./ThirdParty/SEGGER_SYSTEMVIEW/SYSVIEW/SEGGER_SYSVIEW.o
                0x08007d68                SEGGER_SYSVIEW_RecordEnterISR
 .text.SEGGER_SYSVIEW_RecordExitISR
                0x08007dec       0x38 ./ThirdParty/SEGGER_SYSTEMVIEW/SYSVIEW/SEGGER_SYSVIEW.o
                0x08007dec                SEGGER_SYSVIEW_RecordExitISR
 .text.SEGGER_SYSVIEW_RecordExitISRToScheduler
                0x08007e24       0x38 ./ThirdParty/SEGGER_SYSTEMVIEW/SYSVIEW/SEGGER_SYSVIEW.o
                0x08007e24                SEGGER_SYSVIEW_RecordExitISRToScheduler
 .text.SEGGER_SYSVIEW_OnIdle
                0x08007e5c       0x38 ./ThirdParty/SEGGER_SYSTEMVIEW/SYSVIEW/SEGGER_SYSVIEW.o
                0x08007e5c                SEGGER_SYSVIEW_OnIdle
 .text.SEGGER_SYSVIEW_OnTaskCreate
                0x08007e94       0x84 ./ThirdParty/SEGGER_SYSTEMVIEW/SYSVIEW/SEGGER_SYSVIEW.o
                0x08007e94                SEGGER_SYSVIEW_OnTaskCreate
 .text.SEGGER_SYSVIEW_OnTaskStartExec
                0x08007f18       0x84 ./ThirdParty/SEGGER_SYSTEMVIEW/SYSVIEW/SEGGER_SYSVIEW.o
                0x08007f18                SEGGER_SYSVIEW_OnTaskStartExec
 .text.SEGGER_SYSVIEW_OnTaskStartReady
                0x08007f9c       0x84 ./ThirdParty/SEGGER_SYSTEMVIEW/SYSVIEW/SEGGER_SYSVIEW.o
                0x08007f9c                SEGGER_SYSVIEW_OnTaskStartReady
 .text.SEGGER_SYSVIEW_OnTaskStopReady
                0x08008020       0xc0 ./ThirdParty/SEGGER_SYSTEMVIEW/SYSVIEW/SEGGER_SYSVIEW.o
                0x08008020                SEGGER_SYSVIEW_OnTaskStopReady
 .text.SEGGER_SYSVIEW_ShrinkId
                0x080080e0       0x20 ./ThirdParty/SEGGER_SYSTEMVIEW/SYSVIEW/SEGGER_SYSVIEW.o
                0x080080e0                SEGGER_SYSVIEW_ShrinkId
 .text.SEGGER_SYSVIEW_SendModule
                0x08008100      0x114 ./ThirdParty/SEGGER_SYSTEMVIEW/SYSVIEW/SEGGER_SYSVIEW.o
                0x08008100                SEGGER_SYSVIEW_SendModule
 .text.SEGGER_SYSVIEW_SendModuleDescription
                0x08008214       0x3c ./ThirdParty/SEGGER_SYSTEMVIEW/SYSVIEW/SEGGER_SYSVIEW.o
                0x08008214                SEGGER_SYSVIEW_SendModuleDescription
 .text.SEGGER_SYSVIEW_SendNumModules
                0x08008250       0x7c ./ThirdParty/SEGGER_SYSTEMVIEW/SYSVIEW/SEGGER_SYSVIEW.o
                0x08008250                SEGGER_SYSVIEW_SendNumModules
 .text.SEGGER_SYSVIEW_Warn
                0x080082cc       0xb8 ./ThirdParty/SEGGER_SYSTEMVIEW/SYSVIEW/SEGGER_SYSVIEW.o
                0x080082cc                SEGGER_SYSVIEW_Warn
 .text.sprintf  0x08008384       0x44 C:/ST/STM32CubeIDE_2.1.1/STM32CubeIDE/plugins/com.st.stm32cube.ide.mcu.externaltools.gnu-tools-for-stm32.14.3.rel1.win32_1.0.100.202602081740/tools/bin/../lib/gcc/arm-none-eabi/14.3.1/../../../../arm-none-eabi/lib/thumb/v7-m/nofp\libc_nano.a(libc_a-sprintf.o)
                0x08008384                siprintf
                0x08008384                sprintf
 .text.memcmp   0x080083c8       0x20 C:/ST/STM32CubeIDE_2.1.1/STM32CubeIDE/plugins/com.st.stm32cube.ide.mcu.externaltools.gnu-tools-for-stm32.14.3.rel1.win32_1.0.100.202602081740/tools/bin/../lib/gcc/arm-none-eabi/14.3.1/../../../../arm-none-eabi/lib/thumb/v7-m/nofp\libc_nano.a(libc_a-memcmp.o)
                0x080083c8                memcmp
 .text.memset   0x080083e8       0x10 C:/ST/STM32CubeIDE_2.1.1/STM32CubeIDE/plugins/com.st.stm32cube.ide.mcu.externaltools.gnu-tools-for-stm32.14.3.rel1.win32_1.0.100.202602081740/tools/bin/../lib/gcc/arm-none-eabi/14.3.1/../../../../arm-none-eabi/lib/thumb/v7-m/nofp\libc_nano.a(libc_a-memset.o)
                0x080083e8                memset
 .text.__errno  0x080083f8        0xc C:/ST/STM32CubeIDE_2.1.1/STM32CubeIDE/plugins/com.st.stm32cube.ide.mcu.externaltools.gnu-tools-for-stm32.14.3.rel1.win32_1.0.100.202602081740/tools/bin/../lib/gcc/arm-none-eabi/14.3.1/../../../../arm-none-eabi/lib/thumb/v7-m/nofp\libc_nano.a(libc_a-errno.o)
                0x080083f8                __errno
 .text.__libc_init_array
                0x08008404       0x48 C:/ST/STM32CubeIDE_2.1.1/STM32CubeIDE/plugins/com.st.stm32cube.ide.mcu.externaltools.gnu-tools-for-stm32.14.3.rel1.win32_1.0.100.202602081740/tools/bin/../lib/gcc/arm-none-eabi/14.3.1/../../../../arm-none-eabi/lib/thumb/v7-m/nofp\libc_nano.a(libc_a-init.o)
                0x08008404                __libc_init_array
 .text.__retarget_lock_acquire_recursive
                0x0800844c        0x2 C:/ST/STM32CubeIDE_2.1.1/STM32CubeIDE/plugins/com.st.stm32cube.ide.mcu.externaltools.gnu-tools-for-stm32.14.3.rel1.win32_1.0.100.202602081740/tools/bin/../lib/gcc/arm-none-eabi/14.3.1/../../../../arm-none-eabi/lib/thumb/v7-m/nofp\libc_nano.a(libc_a-lock.o)
                0x0800844c                __retarget_lock_acquire_recursive
 .text.__retarget_lock_release_recursive
                0x0800844e        0x2 C:/ST/STM32CubeIDE_2.1.1/STM32CubeIDE/plugins/com.st.stm32cube.ide.mcu.externaltools.gnu-tools-for-stm32.14.3.rel1.win32_1.0.100.202602081740/tools/bin/../lib/gcc/arm-none-eabi/14.3.1/../../../../arm-none-eabi/lib/thumb/v7-m/nofp\libc_nano.a(libc_a-lock.o)
                0x0800844e                __retarget_lock_release_recursive
 .text.memcpy   0x08008450       0x1c C:/ST/STM32CubeIDE_2.1.1/STM32CubeIDE/plugins/com.st.stm32cube.ide.mcu.externaltools.gnu-tools-for-stm32.14.3.rel1.win32_1.0.100.202602081740/tools/bin/../lib/gcc/arm-none-eabi/14.3.1/../../../../arm-none-eabi/lib/thumb/v7-m/nofp\libc_nano.a(libc_a-memcpy-stub.o)
                0x08008450                memcpy
 .text._free_r  0x0800846c       0x90 C:/ST/STM32CubeIDE_2.1.1/STM32CubeIDE/plugins/com.st.stm32cube.ide.mcu.externaltools.gnu-tools-for-stm32.14.3.rel1.win32_1.0.100.202602081740/tools/bin/../lib/gcc/arm-none-eabi/14.3.1/../../../../arm-none-eabi/lib/thumb/v7-m/nofp\libc_nano.a(libc_a-freer.o)
                0x0800846c                _free_r
 .text.sbrk_aligned
                0x080084fc       0x44 C:/ST/STM32CubeIDE_2.1.1/STM32CubeIDE/plugins/com.st.stm32cube.ide.mcu.externaltools.gnu-tools-for-stm32.14.3.rel1.win32_1.0.100.202602081740/tools/bin/../lib/gcc/arm-none-eabi/14.3.1/../../../../arm-none-eabi/lib/thumb/v7-m/nofp\libc_nano.a(libc_a-mallocr.o)
 .text._malloc_r
                0x08008540      0x100 C:/ST/STM32CubeIDE_2.1.1/STM32CubeIDE/plugins/com.st.stm32cube.ide.mcu.externaltools.gnu-tools-for-stm32.14.3.rel1.win32_1.0.100.202602081740/tools/bin/../lib/gcc/arm-none-eabi/14.3.1/../../../../arm-none-eabi/lib/thumb/v7-m/nofp\libc_nano.a(libc_a-mallocr.o)
                0x08008540                _malloc_r
 .text.__malloc_lock
                0x08008640        0xc C:/ST/STM32CubeIDE_2.1.1/STM32CubeIDE/plugins/com.st.stm32cube.ide.mcu.externaltools.gnu-tools-for-stm32.14.3.rel1.win32_1.0.100.202602081740/tools/bin/../lib/gcc/arm-none-eabi/14.3.1/../../../../arm-none-eabi/lib/thumb/v7-m/nofp\libc_nano.a(libc_a-mlock.o)
                0x08008640                __malloc_lock
 .text.__malloc_unlock
                0x0800864c        0xc C:/ST/STM32CubeIDE_2.1.1/STM32CubeIDE/plugins/com.st.stm32cube.ide.mcu.externaltools.gnu-tools-for-stm32.14.3.rel1.win32_1.0.100.202602081740/tools/bin/../lib/gcc/arm-none-eabi/14.3.1/../../../../arm-none-eabi/lib/thumb/v7-m/nofp\libc_nano.a(libc_a-mlock.o)
                0x0800864c                __malloc_unlock
 .text.__ssputs_r
                0x08008658       0xc0 C:/ST/STM32CubeIDE_2.1.1/STM32CubeIDE/plugins/com.st.stm32cube.ide.mcu.externaltools.gnu-tools-for-stm32.14.3.rel1.win32_1.0.100.202602081740/tools/bin/../lib/gcc/arm-none-eabi/14.3.1/../../../../arm-none-eabi/lib/thumb/v7-m/nofp\libc_nano.a(libc_a-nano-svfprintf.o)
                0x08008658                __ssputs_r
 .text._svfprintf_r
                0x08008718      0x1f0 C:/ST/STM32CubeIDE_2.1.1/STM32CubeIDE/plugins/com.st.stm32cube.ide.mcu.externaltools.gnu-tools-for-stm32.14.3.rel1.win32_1.0.100.202602081740/tools/bin/../lib/gcc/arm-none-eabi/14.3.1/../../../../arm-none-eabi/lib/thumb/v7-m/nofp\libc_nano.a(libc_a-nano-svfprintf.o)
                0x08008718                _svfiprintf_r
                0x08008718                _svfprintf_r
 .text._printf_common
                0x08008908       0xe4 C:/ST/STM32CubeIDE_2.1.1/STM32CubeIDE/plugins/com.st.stm32cube.ide.mcu.externaltools.gnu-tools-for-stm32.14.3.rel1.win32_1.0.100.202602081740/tools/bin/../lib/gcc/arm-none-eabi/14.3.1/../../../../arm-none-eabi/lib/thumb/v7-m/nofp\libc_nano.a(libc_a-nano-vfprintf_i.o)
                0x08008908                _printf_common
 .text._printf_i
                0x080089ec      0x24c C:/ST/STM32CubeIDE_2.1.1/STM32CubeIDE/plugins/com.st.stm32cube.ide.mcu.externaltools.gnu-tools-for-stm32.14.3.rel1.win32_1.0.100.202602081740/tools/bin/../lib/gcc/arm-none-eabi/14.3.1/../../../../arm-none-eabi/lib/thumb/v7-m/nofp\libc_nano.a(libc_a-nano-vfprintf_i.o)
                0x080089ec                _printf_i
 .text.memmove  0x08008c38       0x32 C:/ST/STM32CubeIDE_2.1.1/STM32CubeIDE/plugins/com.st.stm32cube.ide.mcu.externaltools.gnu-tools-for-stm32.14.3.rel1.win32_1.0.100.202602081740/tools/bin/../lib/gcc/arm-none-eabi/14.3.1/../../../../arm-none-eabi/lib/thumb/v7-m/nofp\libc_nano.a(libc_a-memmove.o)
                0x08008c38                memmove
 *fill*         0x08008c6a        0x2 
 .text._sbrk_r  0x08008c6c       0x20 C:/ST/STM32CubeIDE_2.1.1/STM32CubeIDE/plugins/com.st.stm32cube.ide.mcu.externaltools.gnu-tools-for-stm32.14.3.rel1.win32_1.0.100.202602081740/tools/bin/../lib/gcc/arm-none-eabi/14.3.1/../../../../arm-none-eabi/lib/thumb/v7-m/nofp\libc_nano.a(libc_a-sbrkr.o)
                0x08008c6c                _sbrk_r
 .text.memchr   0x08008c8c       0x1c C:/ST/STM32CubeIDE_2.1.1/STM32CubeIDE/plugins/com.st.stm32cube.ide.mcu.externaltools.gnu-tools-for-stm32.14.3.rel1.win32_1.0.100.202602081740/tools/bin/../lib/gcc/arm-none-eabi/14.3.1/../../../../arm-none-eabi/lib/thumb/v7-m/nofp\libc_nano.a(libc_a-memchr-stub.o)
                0x08008c8c                memchr
 .text._realloc_r
                0x08008ca8       0x5c C:/ST/STM32CubeIDE_2.1.1/STM32CubeIDE/plugins/com.st.stm32cube.ide.mcu.externaltools.gnu-tools-for-stm32.14.3.rel1.win32_1.0.100.202602081740/tools/bin/../lib/gcc/arm-none-eabi/14.3.1/../../../../arm-none-eabi/lib/thumb/v7-m/nofp\libc_nano.a(libc_a-reallocr.o)
                0x08008ca8                _realloc_r
 .text._malloc_usable_size_r
                0x08008d04       0x10 C:/ST/STM32CubeIDE_2.1.1/STM32CubeIDE/plugins/com.st.stm32cube.ide.mcu.externaltools.gnu-tools-for-stm32.14.3.rel1.win32_1.0.100.202602081740/tools/bin/../lib/gcc/arm-none-eabi/14.3.1/../../../../arm-none-eabi/lib/thumb/v7-m/nofp\libc_nano.a(libc_a-msizer.o)
                0x08008d04                _malloc_usable_size_r
 *(.glue_7)
 .glue_7        0x08008d14        0x0 linker stubs
 *(.glue_7t)
 .glue_7t       0x08008d14        0x0 linker stubs
 *(.eh_frame)
 .eh_frame      0x08008d14        0x0 C:/ST/STM32CubeIDE_2.1.1/STM32CubeIDE/plugins/com.st.stm32cube.ide.mcu.externaltools.gnu-tools-for-stm32.14.3.rel1.win32_1.0.100.202602081740/tools/bin/../lib/gcc/arm-none-eabi/14.3.1/thumb/v7-m/nofp/crtbegin.o
 *(.init)
 .init          0x08008d14        0x4 C:/ST/STM32CubeIDE_2.1.1/STM32CubeIDE/plugins/com.st.stm32cube.ide.mcu.externaltools.gnu-tools-for-stm32.14.3.rel1.win32_1.0.100.202602081740/tools/bin/../lib/gcc/arm-none-eabi/14.3.1/thumb/v7-m/nofp/crti.o
                0x08008d14                _init
 .init          0x08008d18        0x8 C:/ST/STM32CubeIDE_2.1.1/STM32CubeIDE/plugins/com.st.stm32cube.ide.mcu.externaltools.gnu-tools-for-stm32.14.3.rel1.win32_1.0.100.202602081740/tools/bin/../lib/gcc/arm-none-eabi/14.3.1/thumb/v7-m/nofp/crtn.o
 *(.fini)
 .fini          0x08008d20        0x4 C:/ST/STM32CubeIDE_2.1.1/STM32CubeIDE/plugins/com.st.stm32cube.ide.mcu.externaltools.gnu-tools-for-stm32.14.3.rel1.win32_1.0.100.202602081740/tools/bin/../lib/gcc/arm-none-eabi/14.3.1/thumb/v7-m/nofp/crti.o
                0x08008d20                _fini
 .fini          0x08008d24        0x8 C:/ST/STM32CubeIDE_2.1.1/STM32CubeIDE/plugins/com.st.stm32cube.ide.mcu.externaltools.gnu-tools-for-stm32.14.3.rel1.win32_1.0.100.202602081740/tools/bin/../lib/gcc/arm-none-eabi/14.3.1/thumb/v7-m/nofp/crtn.o
                0x08008d2c                        . = ALIGN (0x4)
                0x08008d2c                        _etext = .

.vfp11_veneer   0x08008d2c        0x0
 .vfp11_veneer  0x08008d2c        0x0 linker stubs

.v4_bx          0x08008d2c        0x0
 .v4_bx         0x08008d2c        0x0 linker stubs

.iplt           0x08008d2c        0x0
 .iplt          0x08008d2c        0x0 C:/ST/STM32CubeIDE_2.1.1/STM32CubeIDE/plugins/com.st.stm32cube.ide.mcu.externaltools.gnu-tools-for-stm32.14.3.rel1.win32_1.0.100.202602081740/tools/bin/../lib/gcc/arm-none-eabi/14.3.1/thumb/v7-m/nofp/crtbegin.o

.rodata         0x08008d2c      0x264
                0x08008d2c                        . = ALIGN (0x4)
 *(.rodata)
 .rodata        0x08008d2c       0xda ./App/Tasks/Src/uart_task.o
 *fill*         0x08008e06        0x2 
 .rodata        0x08008e08       0x26 ./Core/Src/main.o
 *fill*         0x08008e2e        0x2 
 .rodata        0x08008e30        0x5 ./ThirdParty/FreeRTOS/tasks.o
 *fill*         0x08008e35        0x3 
 .rodata        0x08008e38       0x57 ./ThirdParty/SEGGER_SYSTEMVIEW/Config/SEGGER_SYSVIEW_Config_FreeRTOS.o
 *fill*         0x08008e8f        0x1 
 .rodata        0x08008e90       0x58 ./ThirdParty/SEGGER_SYSTEMVIEW/OS/SEGGER_SYSVIEW_FreeRTOS.o
 .rodata        0x08008ee8        0x9 ./ThirdParty/SEGGER_SYSTEMVIEW/SEGGER/SEGGER_RTT.o
 *fill*         0x08008ef1        0x3 
 .rodata        0x08008ef4       0x10 ./ThirdParty/SEGGER_SYSTEMVIEW/SYSVIEW/SEGGER_SYSVIEW.o
 *(.rodata*)
 .rodata.AHBPrescTable
                0x08008f04       0x10 ./Core/Src/system_stm32f1xx.o
                0x08008f04                AHBPrescTable
 .rodata.APBPrescTable
                0x08008f14        0x8 ./Core/Src/system_stm32f1xx.o
                0x08008f14                APBPrescTable
 .rodata.aPLLMULFactorTable.1
                0x08008f1c       0x10 ./Drivers/STM32F1xx_HAL_Driver/Src/stm32f1xx_hal_rcc.o
 .rodata.aPredivFactorTable.0
                0x08008f2c        0x2 ./Drivers/STM32F1xx_HAL_Driver/Src/stm32f1xx_hal_rcc.o
 *fill*         0x08008f2e        0x2 
 .rodata.uxTopUsedPriority
                0x08008f30        0x4 ./ThirdParty/FreeRTOS/tasks.o
 .rodata.SYSVIEW_X_OS_TraceAPI
                0x08008f34        0x8 ./ThirdParty/SEGGER_SYSTEMVIEW/OS/SEGGER_SYSVIEW_FreeRTOS.o
                0x08008f34                SYSVIEW_X_OS_TraceAPI
 .rodata._aInitStr.0
                0x08008f3c       0x11 ./ThirdParty/SEGGER_SYSTEMVIEW/SEGGER/SEGGER_RTT.o
 *fill*         0x08008f4d        0x3 
 .rodata._abSync
                0x08008f50        0xa ./ThirdParty/SEGGER_SYSTEMVIEW/SYSVIEW/SEGGER_SYSVIEW.o
 .rodata._svfprintf_r.str1.1
                0x08008f5a       0x33 C:/ST/STM32CubeIDE_2.1.1/STM32CubeIDE/plugins/com.st.stm32cube.ide.mcu.externaltools.gnu-tools-for-stm32.14.3.rel1.win32_1.0.100.202602081740/tools/bin/../lib/gcc/arm-none-eabi/14.3.1/../../../../arm-none-eabi/lib/thumb/v7-m/nofp\libc_nano.a(libc_a-nano-svfprintf.o)
                                 0x11 (size before relaxing)
 .rodata._printf_i.str1.1
                0x08008f8d       0x22 C:/ST/STM32CubeIDE_2.1.1/STM32CubeIDE/plugins/com.st.stm32cube.ide.mcu.externaltools.gnu-tools-for-stm32.14.3.rel1.win32_1.0.100.202602081740/tools/bin/../lib/gcc/arm-none-eabi/14.3.1/../../../../arm-none-eabi/lib/thumb/v7-m/nofp\libc_nano.a(libc_a-nano-vfprintf_i.o)
                0x08008fb0                        . = ALIGN (0x4)
 *fill*         0x08008f8d        0x3 

.ARM.extab      0x08008f90        0x0
                0x08008f90                        . = ALIGN (0x4)
 *(.ARM.extab* .gnu.linkonce.armextab.*)
                0x08008f90                        . = ALIGN (0x4)

.ARM            0x08008f90        0x8
                0x08008f90                        . = ALIGN (0x4)
                0x08008f90                        __exidx_start = .
 *(.ARM.exidx*)
 .ARM.exidx     0x08008f90        0x8 C:/ST/STM32CubeIDE_2.1.1/STM32CubeIDE/plugins/com.st.stm32cube.ide.mcu.externaltools.gnu-tools-for-stm32.14.3.rel1.win32_1.0.100.202602081740/tools/bin/../lib/gcc/arm-none-eabi/14.3.1/../../../../arm-none-eabi/lib/thumb/v7-m/nofp\libc_nano.a(libc_a-strlen.o)
                0x08008f98                        __exidx_end = .
                0x08008f98                        . = ALIGN (0x4)

.preinit_array  0x08008f98        0x0
                0x08008f98                        . = ALIGN (0x4)
                0x08008f98                        PROVIDE (__preinit_array_start = .)
 *(.preinit_array*)
                0x08008f98                        PROVIDE (__preinit_array_end = .)
                0x08008f98                        . = ALIGN (0x4)

.init_array     0x08008f98        0x4
                0x08008f98                        . = ALIGN (0x4)
                0x08008f98                        PROVIDE (__init_array_start = .)
 *(SORT_BY_NAME(.init_array.*))
 *(.init_array*)
 .init_array    0x08008f98        0x4 C:/ST/STM32CubeIDE_2.1.1/STM32CubeIDE/plugins/com.st.stm32cube.ide.mcu.externaltools.gnu-tools-for-stm32.14.3.rel1.win32_1.0.100.202602081740/tools/bin/../lib/gcc/arm-none-eabi/14.3.1/thumb/v7-m/nofp/crtbegin.o
                0x08008f9c                        PROVIDE (__init_array_end = .)
                0x08008f9c                        . = ALIGN (0x4)

.fini_array     0x08008f9c        0x4
                0x08008f9c                        . = ALIGN (0x4)
                [!provide]                        PROVIDE (__fini_array_start = .)
 *(SORT_BY_NAME(.fini_array.*))
 *(.fini_array*)
 .fini_array    0x08008f9c        0x4 C:/ST/STM32CubeIDE_2.1.1/STM32CubeIDE/plugins/com.st.stm32cube.ide.mcu.externaltools.gnu-tools-for-stm32.14.3.rel1.win32_1.0.100.202602081740/tools/bin/../lib/gcc/arm-none-eabi/14.3.1/thumb/v7-m/nofp/crtbegin.o
                [!provide]                        PROVIDE (__fini_array_end = .)
                0x08008fa0                        . = ALIGN (0x4)
                0x08008fa0                        _sidata = LOADADDR (.data)

.rel.dyn        0x08008fa0        0x0
 .rel.iplt      0x08008fa0        0x0 C:/ST/STM32CubeIDE_2.1.1/STM32CubeIDE/plugins/com.st.stm32cube.ide.mcu.externaltools.gnu-tools-for-stm32.14.3.rel1.win32_1.0.100.202602081740/tools/bin/../lib/gcc/arm-none-eabi/14.3.1/thumb/v7-m/nofp/crtbegin.o

.data           0x20000000       0x88 load address 0x08008fa0
                0x20000000                        . = ALIGN (0x4)
                0x20000000                        _sdata = .
 *(.data)
 *(.data*)
 .data.pid      0x20000000       0x20 ./App/Algorithm/Src/pid.o
 .data.p_lbuffer
                0x20000020        0x4 ./App/Tasks/Src/control_task.o
                0x20000020                p_lbuffer
 .data.p_rbuffer
                0x20000024        0x4 ./App/Tasks/Src/control_task.o
                0x20000024                p_rbuffer
 .data.SystemCoreClock
                0x20000028        0x4 ./Core/Src/system_stm32f1xx.o
                0x20000028                SystemCoreClock
 .data.uwTickPrio
                0x2000002c        0x4 ./Drivers/STM32F1xx_HAL_Driver/Src/stm32f1xx_hal.o
                0x2000002c                uwTickPrio
 .data.uwTickFreq
                0x20000030        0x1 ./Drivers/STM32F1xx_HAL_Driver/Src/stm32f1xx_hal.o
                0x20000030                uwTickFreq
 *fill*         0x20000031        0x3 
 .data.uxCriticalNesting
                0x20000034        0x4 ./ThirdParty/FreeRTOS/portable/GCC/ARM_CM3/port.o
 .data._impure_ptr
                0x20000038        0x4 C:/ST/STM32CubeIDE_2.1.1/STM32CubeIDE/plugins/com.st.stm32cube.ide.mcu.externaltools.gnu-tools-for-stm32.14.3.rel1.win32_1.0.100.202602081740/tools/bin/../lib/gcc/arm-none-eabi/14.3.1/../../../../arm-none-eabi/lib/thumb/v7-m/nofp\libc_nano.a(libc_a-impure.o)
                0x20000038                _impure_ptr
 .data._impure_data
                0x2000003c       0x4c C:/ST/STM32CubeIDE_2.1.1/STM32CubeIDE/plugins/com.st.stm32cube.ide.mcu.externaltools.gnu-tools-for-stm32.14.3.rel1.win32_1.0.100.202602081740/tools/bin/../lib/gcc/arm-none-eabi/14.3.1/../../../../arm-none-eabi/lib/thumb/v7-m/nofp\libc_nano.a(libc_a-impure.o)
                0x2000003c                _impure_data
 *(.RamFunc)
 *(.RamFunc*)
                0x20000088                        . = ALIGN (0x4)
                0x20000088                        _edata = .

.igot.plt       0x20000088        0x0 load address 0x08009028
 .igot.plt      0x20000088        0x0 C:/ST/STM32CubeIDE_2.1.1/STM32CubeIDE/plugins/com.st.stm32cube.ide.mcu.externaltools.gnu-tools-for-stm32.14.3.rel1.win32_1.0.100.202602081740/tools/bin/../lib/gcc/arm-none-eabi/14.3.1/thumb/v7-m/nofp/crtbegin.o
                0x20000088                        . = ALIGN (0x4)

.bss            0x20000088     0x3714 load address 0x08009028
                0x20000088                        _sbss = .
                0x20000088                        __bss_start__ = _sbss
 *(.bss)
 .bss           0x20000088       0x1c C:/ST/STM32CubeIDE_2.1.1/STM32CubeIDE/plugins/com.st.stm32cube.ide.mcu.externaltools.gnu-tools-for-stm32.14.3.rel1.win32_1.0.100.202602081740/tools/bin/../lib/gcc/arm-none-eabi/14.3.1/thumb/v7-m/nofp/crtbegin.o
 *(.bss*)
 .bss.motor     0x200000a4        0xc ./App/Drivers/API/Src/motor.o
                0x200000a4                motor
 .bss.Sensors   0x200000b0        0xc ./App/Drivers/API/Src/sensor.o
 .bss.state     0x200000bc        0x1 ./App/Tasks/Src/control_task.o
 *fill*         0x200000bd        0x3 
 .bss.L_Buffer  0x200000c0        0xa ./App/Tasks/Src/control_task.o
 *fill*         0x200000ca        0x2 
 .bss.R_Buffer  0x200000cc        0xa ./App/Tasks/Src/control_task.o
 .bss.uart_count.0
                0x200000d6        0x1 ./App/Tasks/Src/control_task.o
 .bss.sensor_to_read.1
                0x200000d7        0x1 ./App/Tasks/Src/sensor_task.o
 .bss.dist.0    0x200000d8        0x4 ./App/Tasks/Src/sensor_task.o
 .bss.sensorStack.2
                0x200000dc        0x4 ./App/Tasks/Src/uart_task.o
 .bss.controlStack.1
                0x200000e0        0x4 ./App/Tasks/Src/uart_task.o
 .bss.uartStack.0
                0x200000e4        0x4 ./App/Tasks/Src/uart_task.o
 .bss.htim2     0x200000e8       0x48 ./Core/Src/main.o
                0x200000e8                htim2
 .bss.htim3     0x20000130       0x48 ./Core/Src/main.o
                0x20000130                htim3
 .bss.htim4     0x20000178       0x48 ./Core/Src/main.o
                0x20000178                htim4
 .bss.huart2    0x200001c0       0x48 ./Core/Src/main.o
                0x200001c0                huart2
 .bss.hdma_usart2_tx
                0x20000208       0x44 ./Core/Src/main.o
                0x20000208                hdma_usart2_tx
 .bss.xQueueSensor
                0x2000024c        0x4 ./Core/Src/main.o
                0x2000024c                xQueueSensor
 .bss.xQueueUART
                0x20000250        0x4 ./Core/Src/main.o
                0x20000250                xQueueUART
 .bss.xSensorScannerHandle
                0x20000254        0x4 ./Core/Src/main.o
                0x20000254                xSensorScannerHandle
 .bss.xControlHandle
                0x20000258        0x4 ./Core/Src/main.o
                0x20000258                xControlHandle
 .bss.xUARTHandle
                0x2000025c        0x4 ./Core/Src/main.o
                0x2000025c                xUARTHandle
 .bss.htim1     0x20000260       0x48 ./Core/Src/stm32f1xx_hal_timebase_tim.o
                0x20000260                htim1
 .bss.__sbrk_heap_end
                0x200002a8        0x4 ./Core/Src/sysmem.o
 .bss.uwTick    0x200002ac        0x4 ./Drivers/STM32F1xx_HAL_Driver/Src/stm32f1xx_hal.o
                0x200002ac                uwTick
 .bss.pxCurrentTCB
                0x200002b0        0x4 ./ThirdParty/FreeRTOS/tasks.o
                0x200002b0                pxCurrentTCB
 .bss.pxReadyTasksLists
                0x200002b4       0x64 ./ThirdParty/FreeRTOS/tasks.o
 .bss.xDelayedTaskList1
                0x20000318       0x14 ./ThirdParty/FreeRTOS/tasks.o
 .bss.xDelayedTaskList2
                0x2000032c       0x14 ./ThirdParty/FreeRTOS/tasks.o
 .bss.pxDelayedTaskList
                0x20000340        0x4 ./ThirdParty/FreeRTOS/tasks.o
 .bss.pxOverflowDelayedTaskList
                0x20000344        0x4 ./ThirdParty/FreeRTOS/tasks.o
 .bss.xPendingReadyList
                0x20000348       0x14 ./ThirdParty/FreeRTOS/tasks.o
 .bss.xTasksWaitingTermination
                0x2000035c       0x14 ./ThirdParty/FreeRTOS/tasks.o
 .bss.uxDeletedTasksWaitingCleanUp
                0x20000370        0x4 ./ThirdParty/FreeRTOS/tasks.o
 .bss.xSuspendedTaskList
                0x20000374       0x14 ./ThirdParty/FreeRTOS/tasks.o
 .bss.xTickCount
                0x20000388        0x4 ./ThirdParty/FreeRTOS/tasks.o
 .bss.uxTopReadyPriority
                0x2000038c        0x4 ./ThirdParty/FreeRTOS/tasks.o
 .bss.xSchedulerRunning
                0x20000390        0x4 ./ThirdParty/FreeRTOS/tasks.o
 .bss.xPendedTicks
                0x20000394        0x4 ./ThirdParty/FreeRTOS/tasks.o
 .bss.xYieldPendings
                0x20000398        0x4 ./ThirdParty/FreeRTOS/tasks.o
 .bss.xNumOfOverflows
                0x2000039c        0x4 ./ThirdParty/FreeRTOS/tasks.o
 .bss.uxTaskNumber
                0x200003a0        0x4 ./ThirdParty/FreeRTOS/tasks.o
 .bss.xNextTaskUnblockTime
                0x200003a4        0x4 ./ThirdParty/FreeRTOS/tasks.o
 .bss.xIdleTaskHandles
                0x200003a8        0x4 ./ThirdParty/FreeRTOS/tasks.o
 .bss.uxSchedulerSuspended
                0x200003ac        0x4 ./ThirdParty/FreeRTOS/tasks.o
 .bss.ucMaxSysCallPriority
                0x200003b0        0x1 ./ThirdParty/FreeRTOS/portable/GCC/ARM_CM3/port.o
 *fill*         0x200003b1        0x3 
 .bss.ulMaxPRIGROUPValue
                0x200003b4        0x4 ./ThirdParty/FreeRTOS/portable/GCC/ARM_CM3/port.o
 .bss.ucHeap    0x200003b8     0x2800 ./ThirdParty/FreeRTOS/portable/MemMang/heap_4.o
 .bss.xStart    0x20002bb8        0x8 ./ThirdParty/FreeRTOS/portable/MemMang/heap_4.o
 .bss.pxEnd     0x20002bc0        0x4 ./ThirdParty/FreeRTOS/portable/MemMang/heap_4.o
 .bss.xFreeBytesRemaining
                0x20002bc4        0x4 ./ThirdParty/FreeRTOS/portable/MemMang/heap_4.o
 .bss.xMinimumEverFreeBytesRemaining
                0x20002bc8        0x4 ./ThirdParty/FreeRTOS/portable/MemMang/heap_4.o
 .bss.xNumberOfSuccessfulAllocations
                0x20002bcc        0x4 ./ThirdParty/FreeRTOS/portable/MemMang/heap_4.o
 .bss.xNumberOfSuccessfulFrees
                0x20002bd0        0x4 ./ThirdParty/FreeRTOS/portable/MemMang/heap_4.o
 .bss._aTasks   0x20002bd4       0xa0 ./ThirdParty/SEGGER_SYSTEMVIEW/OS/SEGGER_SYSVIEW_FreeRTOS.o
 .bss._NumTasks
                0x20002c74        0x4 ./ThirdParty/SEGGER_SYSTEMVIEW/OS/SEGGER_SYSVIEW_FreeRTOS.o
 .bss._SEGGER_RTT
                0x20002c78       0xa8 ./ThirdParty/SEGGER_SYSTEMVIEW/SEGGER/SEGGER_RTT.o
                0x20002c78                _SEGGER_RTT
 .bss._acUpBuffer
                0x20002d20      0x400 ./ThirdParty/SEGGER_SYSTEMVIEW/SEGGER/SEGGER_RTT.o
 .bss._acDownBuffer
                0x20003120       0x10 ./ThirdParty/SEGGER_SYSTEMVIEW/SEGGER/SEGGER_RTT.o
 .bss._UpBuffer
                0x20003130      0x400 ./ThirdParty/SEGGER_SYSTEMVIEW/SYSVIEW/SEGGER_SYSVIEW.o
 .bss._DownBuffer
                0x20003530        0x8 ./ThirdParty/SEGGER_SYSTEMVIEW/SYSVIEW/SEGGER_SYSVIEW.o
 .bss._SYSVIEW_Globals
                0x20003538       0x30 ./ThirdParty/SEGGER_SYSTEMVIEW/SYSVIEW/SEGGER_SYSVIEW.o
 .bss._pFirstModule
                0x20003568        0x4 ./ThirdParty/SEGGER_SYSTEMVIEW/SYSVIEW/SEGGER_SYSVIEW.o
 .bss._NumModules
                0x2000356c        0x1 ./ThirdParty/SEGGER_SYSTEMVIEW/SYSVIEW/SEGGER_SYSVIEW.o
 *fill*         0x2000356d        0x3 
 .bss._aPacket  0x20003570       0xe3 ./ThirdParty/SEGGER_SYSTEMVIEW/SYSVIEW/SEGGER_SYSVIEW.o
 *fill*         0x20003653        0x1 
 .bss.__sf      0x20003654      0x138 C:/ST/STM32CubeIDE_2.1.1/STM32CubeIDE/plugins/com.st.stm32cube.ide.mcu.externaltools.gnu-tools-for-stm32.14.3.rel1.win32_1.0.100.202602081740/tools/bin/../lib/gcc/arm-none-eabi/14.3.1/../../../../arm-none-eabi/lib/thumb/v7-m/nofp\libc_nano.a(libc_a-findfp.o)
                0x20003654                __sf
 .bss.errno     0x2000378c        0x4 C:/ST/STM32CubeIDE_2.1.1/STM32CubeIDE/plugins/com.st.stm32cube.ide.mcu.externaltools.gnu-tools-for-stm32.14.3.rel1.win32_1.0.100.202602081740/tools/bin/../lib/gcc/arm-none-eabi/14.3.1/../../../../arm-none-eabi/lib/thumb/v7-m/nofp\libc_nano.a(libc_a-reent.o)
                0x2000378c                errno
 .bss.__lock___malloc_recursive_mutex
                0x20003790        0x1 C:/ST/STM32CubeIDE_2.1.1/STM32CubeIDE/plugins/com.st.stm32cube.ide.mcu.externaltools.gnu-tools-for-stm32.14.3.rel1.win32_1.0.100.202602081740/tools/bin/../lib/gcc/arm-none-eabi/14.3.1/../../../../arm-none-eabi/lib/thumb/v7-m/nofp\libc_nano.a(libc_a-lock.o)
                0x20003790                __lock___malloc_recursive_mutex
 *fill*         0x20003791        0x3 
 .bss.__malloc_sbrk_start
                0x20003794        0x4 C:/ST/STM32CubeIDE_2.1.1/STM32CubeIDE/plugins/com.st.stm32cube.ide.mcu.externaltools.gnu-tools-for-stm32.14.3.rel1.win32_1.0.100.202602081740/tools/bin/../lib/gcc/arm-none-eabi/14.3.1/../../../../arm-none-eabi/lib/thumb/v7-m/nofp\libc_nano.a(libc_a-mallocr.o)
                0x20003794                __malloc_sbrk_start
 .bss.__malloc_free_list
                0x20003798        0x4 C:/ST/STM32CubeIDE_2.1.1/STM32CubeIDE/plugins/com.st.stm32cube.ide.mcu.externaltools.gnu-tools-for-stm32.14.3.rel1.win32_1.0.100.202602081740/tools/bin/../lib/gcc/arm-none-eabi/14.3.1/../../../../arm-none-eabi/lib/thumb/v7-m/nofp\libc_nano.a(libc_a-mallocr.o)
                0x20003798                __malloc_free_list
 *(COMMON)
                0x2000379c                        . = ALIGN (0x4)
                0x2000379c                        _ebss = .
                0x2000379c                        __bss_end__ = _ebss

._user_heap_stack
                0x2000379c      0x604 load address 0x08009028
                0x200037a0                        . = ALIGN (0x8)
 *fill*         0x2000379c        0x4 
                [!provide]                        PROVIDE (end = .)
                0x200037a0                        PROVIDE (_end = .)
                0x200039a0                        . = (. + _Min_Heap_Size)
 *fill*         0x200037a0      0x200 
                0x20003da0                        . = (. + _Min_Stack_Size)
 *fill*         0x200039a0      0x400 
                0x20003da0                        . = ALIGN (0x8)

/DISCARD/
 libc.a(*)
 libm.a(*)
 libgcc.a(*)

.ARM.attributes
                0x00000000       0x29
 *(.ARM.attributes)
 .ARM.attributes
                0x00000000       0x1d C:/ST/STM32CubeIDE_2.1.1/STM32CubeIDE/plugins/com.st.stm32cube.ide.mcu.externaltools.gnu-tools-for-stm32.14.3.rel1.win32_1.0.100.202602081740/tools/bin/../lib/gcc/arm-none-eabi/14.3.1/thumb/v7-m/nofp/crti.o
 .ARM.attributes
                0x0000001d       0x2d C:/ST/STM32CubeIDE_2.1.1/STM32CubeIDE/plugins/com.st.stm32cube.ide.mcu.externaltools.gnu-tools-for-stm32.14.3.rel1.win32_1.0.100.202602081740/tools/bin/../lib/gcc/arm-none-eabi/14.3.1/thumb/v7-m/nofp/crtbegin.o
 .ARM.attributes
                0x0000004a       0x2d ./App/Algorithm/Src/filter.o
 .ARM.attributes
                0x00000077       0x2d ./App/Algorithm/Src/pid.o
 .ARM.attributes
                0x000000a4       0x2d ./App/Drivers/API/Src/motor.o
 .ARM.attributes
                0x000000d1       0x2d ./App/Drivers/API/Src/sensor.o
 .ARM.attributes
                0x000000fe       0x2d ./App/Tasks/Src/control_task.o
 .ARM.attributes
                0x0000012b       0x2d ./App/Tasks/Src/sensor_task.o
 .ARM.attributes
                0x00000158       0x2d ./App/Tasks/Src/uart_task.o
 .ARM.attributes
                0x00000185       0x2d ./Core/Src/main.o
 .ARM.attributes
                0x000001b2       0x2d ./Core/Src/stm32f1xx_hal_msp.o
 .ARM.attributes
                0x000001df       0x2d ./Core/Src/stm32f1xx_hal_timebase_tim.o
 .ARM.attributes
                0x0000020c       0x2d ./Core/Src/stm32f1xx_it.o
 .ARM.attributes
                0x00000239       0x2d ./Core/Src/sysmem.o
 .ARM.attributes
                0x00000266       0x2d ./Core/Src/system_stm32f1xx.o
 .ARM.attributes
                0x00000293       0x21 ./Core/Startup/startup_stm32f103rbtx.o
 .ARM.attributes
                0x000002b4       0x2d ./Drivers/STM32F1xx_HAL_Driver/Src/stm32f1xx_hal.o
 .ARM.attributes
                0x000002e1       0x2d ./Drivers/STM32F1xx_HAL_Driver/Src/stm32f1xx_hal_cortex.o
 .ARM.attributes
                0x0000030e       0x2d ./Drivers/STM32F1xx_HAL_Driver/Src/stm32f1xx_hal_dma.o
 .ARM.attributes
                0x0000033b       0x2d ./Drivers/STM32F1xx_HAL_Driver/Src/stm32f1xx_hal_gpio.o
 .ARM.attributes
                0x00000368       0x2d ./Drivers/STM32F1xx_HAL_Driver/Src/stm32f1xx_hal_rcc.o
 .ARM.attributes
                0x00000395       0x2d ./Drivers/STM32F1xx_HAL_Driver/Src/stm32f1xx_hal_tim.o
 .ARM.attributes
                0x000003c2       0x2d ./Drivers/STM32F1xx_HAL_Driver/Src/stm32f1xx_hal_tim_ex.o
 .ARM.attributes
                0x000003ef       0x2d ./Drivers/STM32F1xx_HAL_Driver/Src/stm32f1xx_hal_uart.o
 .ARM.attributes
                0x0000041c       0x2d ./ThirdParty/FreeRTOS/list.o
 .ARM.attributes
                0x00000449       0x2d ./ThirdParty/FreeRTOS/queue.o
 .ARM.attributes
                0x00000476       0x2d ./ThirdParty/FreeRTOS/tasks.o
 .ARM.attributes
                0x000004a3       0x2d ./ThirdParty/FreeRTOS/portable/GCC/ARM_CM3/port.o
 .ARM.attributes
                0x000004d0       0x2d ./ThirdParty/FreeRTOS/portable/MemMang/heap_4.o
 .ARM.attributes
                0x000004fd       0x2d ./ThirdParty/SEGGER_SYSTEMVIEW/Config/SEGGER_SYSVIEW_Config_FreeRTOS.o
 .ARM.attributes
                0x0000052a       0x2d ./ThirdParty/SEGGER_SYSTEMVIEW/OS/SEGGER_SYSVIEW_FreeRTOS.o
 .ARM.attributes
                0x00000557       0x2d ./ThirdParty/SEGGER_SYSTEMVIEW/SEGGER/SEGGER_RTT.o
 .ARM.attributes
                0x00000584       0x1b ./ThirdParty/SEGGER_SYSTEMVIEW/SEGGER/SEGGER_RTT_ASM_ARMv7M.o
 .ARM.attributes
                0x0000059f       0x2d ./ThirdParty/SEGGER_SYSTEMVIEW/SYSVIEW/SEGGER_SYSVIEW.o
 .ARM.attributes
                0x000005cc       0x2d C:/ST/STM32CubeIDE_2.1.1/STM32CubeIDE/plugins/com.st.stm32cube.ide.mcu.externaltools.gnu-tools-for-stm32.14.3.rel1.win32_1.0.100.202602081740/tools/bin/../lib/gcc/arm-none-eabi/14.3.1/../../../../arm-none-eabi/lib/thumb/v7-m/nofp\libc_nano.a(libc_a-findfp.o)
 .ARM.attributes
                0x000005f9       0x2d C:/ST/STM32CubeIDE_2.1.1/STM32CubeIDE/plugins/com.st.stm32cube.ide.mcu.externaltools.gnu-tools-for-stm32.14.3.rel1.win32_1.0.100.202602081740/tools/bin/../lib/gcc/arm-none-eabi/14.3.1/../../../../arm-none-eabi/lib/thumb/v7-m/nofp\libc_nano.a(libc_a-sprintf.o)
 .ARM.attributes
                0x00000626       0x2d C:/ST/STM32CubeIDE_2.1.1/STM32CubeIDE/plugins/com.st.stm32cube.ide.mcu.externaltools.gnu-tools-for-stm32.14.3.rel1.win32_1.0.100.202602081740/tools/bin/../lib/gcc/arm-none-eabi/14.3.1/../../../../arm-none-eabi/lib/thumb/v7-m/nofp\libc_nano.a(libc_a-memcmp.o)
 .ARM.attributes
                0x00000653       0x2d C:/ST/STM32CubeIDE_2.1.1/STM32CubeIDE/plugins/com.st.stm32cube.ide.mcu.externaltools.gnu-tools-for-stm32.14.3.rel1.win32_1.0.100.202602081740/tools/bin/../lib/gcc/arm-none-eabi/14.3.1/../../../../arm-none-eabi/lib/thumb/v7-m/nofp\libc_nano.a(libc_a-memset.o)
 .ARM.attributes
                0x00000680       0x2d C:/ST/STM32CubeIDE_2.1.1/STM32CubeIDE/plugins/com.st.stm32cube.ide.mcu.externaltools.gnu-tools-for-stm32.14.3.rel1.win32_1.0.100.202602081740/tools/bin/../lib/gcc/arm-none-eabi/14.3.1/../../../../arm-none-eabi/lib/thumb/v7-m/nofp\libc_nano.a(libc_a-reent.o)
 .ARM.attributes
                0x000006ad       0x2d C:/ST/STM32CubeIDE_2.1.1/STM32CubeIDE/plugins/com.st.stm32cube.ide.mcu.externaltools.gnu-tools-for-stm32.14.3.rel1.win32_1.0.100.202602081740/tools/bin/../lib/gcc/arm-none-eabi/14.3.1/../../../../arm-none-eabi/lib/thumb/v7-m/nofp\libc_nano.a(libc_a-impure.o)
 .ARM.attributes
                0x000006da       0x2d C:/ST/STM32CubeIDE_2.1.1/STM32CubeIDE/plugins/com.st.stm32cube.ide.mcu.externaltools.gnu-tools-for-stm32.14.3.rel1.win32_1.0.100.202602081740/tools/bin/../lib/gcc/arm-none-eabi/14.3.1/../../../../arm-none-eabi/lib/thumb/v7-m/nofp\libc_nano.a(libc_a-errno.o)
 .ARM.attributes
                0x00000707       0x2d C:/ST/STM32CubeIDE_2.1.1/STM32CubeIDE/plugins/com.st.stm32cube.ide.mcu.externaltools.gnu-tools-for-stm32.14.3.rel1.win32_1.0.100.202602081740/tools/bin/../lib/gcc/arm-none-eabi/14.3.1/../../../../arm-none-eabi/lib/thumb/v7-m/nofp\libc_nano.a(libc_a-init.o)
 .ARM.attributes
                0x00000734       0x2d C:/ST/STM32CubeIDE_2.1.1/STM32CubeIDE/plugins/com.st.stm32cube.ide.mcu.externaltools.gnu-tools-for-stm32.14.3.rel1.win32_1.0.100.202602081740/tools/bin/../lib/gcc/arm-none-eabi/14.3.1/../../../../arm-none-eabi/lib/thumb/v7-m/nofp\libc_nano.a(libc_a-lock.o)
 .ARM.attributes
                0x00000761       0x2d C:/ST/STM32CubeIDE_2.1.1/STM32CubeIDE/plugins/com.st.stm32cube.ide.mcu.externaltools.gnu-tools-for-stm32.14.3.rel1.win32_1.0.100.202602081740/tools/bin/../lib/gcc/arm-none-eabi/14.3.1/../../../../arm-none-eabi/lib/thumb/v7-m/nofp\libc_nano.a(libc_a-memcpy-stub.o)
 .ARM.attributes
                0x0000078e       0x17 C:/ST/STM32CubeIDE_2.1.1/STM32CubeIDE/plugins/com.st.stm32cube.ide.mcu.externaltools.gnu-tools-for-stm32.14.3.rel1.win32_1.0.100.202602081740/tools/bin/../lib/gcc/arm-none-eabi/14.3.1/../../../../arm-none-eabi/lib/thumb/v7-m/nofp\libc_nano.a(libc_a-strlen.o)
 .ARM.attributes
                0x000007a5       0x2d C:/ST/STM32CubeIDE_2.1.1/STM32CubeIDE/plugins/com.st.stm32cube.ide.mcu.externaltools.gnu-tools-for-stm32.14.3.rel1.win32_1.0.100.202602081740/tools/bin/../lib/gcc/arm-none-eabi/14.3.1/../../../../arm-none-eabi/lib/thumb/v7-m/nofp\libc_nano.a(libc_a-freer.o)
 .ARM.attributes
                0x000007d2       0x2d C:/ST/STM32CubeIDE_2.1.1/STM32CubeIDE/plugins/com.st.stm32cube.ide.mcu.externaltools.gnu-tools-for-stm32.14.3.rel1.win32_1.0.100.202602081740/tools/bin/../lib/gcc/arm-none-eabi/14.3.1/../../../../arm-none-eabi/lib/thumb/v7-m/nofp\libc_nano.a(libc_a-mallocr.o)
 .ARM.attributes
                0x000007ff       0x2d C:/ST/STM32CubeIDE_2.1.1/STM32CubeIDE/plugins/com.st.stm32cube.ide.mcu.externaltools.gnu-tools-for-stm32.14.3.rel1.win32_1.0.100.202602081740/tools/bin/../lib/gcc/arm-none-eabi/14.3.1/../../../../arm-none-eabi/lib/thumb/v7-m/nofp\libc_nano.a(libc_a-mlock.o)
 .ARM.attributes
                0x0000082c       0x2d C:/ST/STM32CubeIDE_2.1.1/STM32CubeIDE/plugins/com.st.stm32cube.ide.mcu.externaltools.gnu-tools-for-stm32.14.3.rel1.win32_1.0.100.202602081740/tools/bin/../lib/gcc/arm-none-eabi/14.3.1/../../../../arm-none-eabi/lib/thumb/v7-m/nofp\libc_nano.a(libc_a-nano-svfprintf.o)
 .ARM.attributes
                0x00000859       0x2d C:/ST/STM32CubeIDE_2.1.1/STM32CubeIDE/plugins/com.st.stm32cube.ide.mcu.externaltools.gnu-tools-for-stm32.14.3.rel1.win32_1.0.100.202602081740/tools/bin/../lib/gcc/arm-none-eabi/14.3.1/../../../../arm-none-eabi/lib/thumb/v7-m/nofp\libc_nano.a(libc_a-nano-vfprintf_i.o)
 .ARM.attributes
                0x00000886       0x2d C:/ST/STM32CubeIDE_2.1.1/STM32CubeIDE/plugins/com.st.stm32cube.ide.mcu.externaltools.gnu-tools-for-stm32.14.3.rel1.win32_1.0.100.202602081740/tools/bin/../lib/gcc/arm-none-eabi/14.3.1/../../../../arm-none-eabi/lib/thumb/v7-m/nofp\libc_nano.a(libc_a-memmove.o)
 .ARM.attributes
                0x000008b3       0x2d C:/ST/STM32CubeIDE_2.1.1/STM32CubeIDE/plugins/com.st.stm32cube.ide.mcu.externaltools.gnu-tools-for-stm32.14.3.rel1.win32_1.0.100.202602081740/tools/bin/../lib/gcc/arm-none-eabi/14.3.1/../../../../arm-none-eabi/lib/thumb/v7-m/nofp\libc_nano.a(libc_a-sbrkr.o)
 .ARM.attributes
                0x000008e0       0x2d C:/ST/STM32CubeIDE_2.1.1/STM32CubeIDE/plugins/com.st.stm32cube.ide.mcu.externaltools.gnu-tools-for-stm32.14.3.rel1.win32_1.0.100.202602081740/tools/bin/../lib/gcc/arm-none-eabi/14.3.1/../../../../arm-none-eabi/lib/thumb/v7-m/nofp\libc_nano.a(libc_a-memchr-stub.o)
 .ARM.attributes
                0x0000090d       0x2d C:/ST/STM32CubeIDE_2.1.1/STM32CubeIDE/plugins/com.st.stm32cube.ide.mcu.externaltools.gnu-tools-for-stm32.14.3.rel1.win32_1.0.100.202602081740/tools/bin/../lib/gcc/arm-none-eabi/14.3.1/../../../../arm-none-eabi/lib/thumb/v7-m/nofp\libc_nano.a(libc_a-reallocr.o)
 .ARM.attributes
                0x0000093a       0x2d C:/ST/STM32CubeIDE_2.1.1/STM32CubeIDE/plugins/com.st.stm32cube.ide.mcu.externaltools.gnu-tools-for-stm32.14.3.rel1.win32_1.0.100.202602081740/tools/bin/../lib/gcc/arm-none-eabi/14.3.1/../../../../arm-none-eabi/lib/thumb/v7-m/nofp\libc_nano.a(libc_a-msizer.o)
 .ARM.attributes
                0x00000967       0x1d C:/ST/STM32CubeIDE_2.1.1/STM32CubeIDE/plugins/com.st.stm32cube.ide.mcu.externaltools.gnu-tools-for-stm32.14.3.rel1.win32_1.0.100.202602081740/tools/bin/../lib/gcc/arm-none-eabi/14.3.1/thumb/v7-m/nofp\libgcc.a(_arm_addsubsf3.o)
 .ARM.attributes
                0x00000984       0x1d C:/ST/STM32CubeIDE_2.1.1/STM32CubeIDE/plugins/com.st.stm32cube.ide.mcu.externaltools.gnu-tools-for-stm32.14.3.rel1.win32_1.0.100.202602081740/tools/bin/../lib/gcc/arm-none-eabi/14.3.1/thumb/v7-m/nofp\libgcc.a(_arm_muldivsf3.o)
 .ARM.attributes
                0x000009a1       0x1d C:/ST/STM32CubeIDE_2.1.1/STM32CubeIDE/plugins/com.st.stm32cube.ide.mcu.externaltools.gnu-tools-for-stm32.14.3.rel1.win32_1.0.100.202602081740/tools/bin/../lib/gcc/arm-none-eabi/14.3.1/thumb/v7-m/nofp\libgcc.a(_arm_cmpsf2.o)
 .ARM.attributes
                0x000009be       0x1d C:/ST/STM32CubeIDE_2.1.1/STM32CubeIDE/plugins/com.st.stm32cube.ide.mcu.externaltools.gnu-tools-for-stm32.14.3.rel1.win32_1.0.100.202602081740/tools/bin/../lib/gcc/arm-none-eabi/14.3.1/thumb/v7-m/nofp\libgcc.a(_arm_fixsfsi.o)
 .ARM.attributes
                0x000009db       0x1d C:/ST/STM32CubeIDE_2.1.1/STM32CubeIDE/plugins/com.st.stm32cube.ide.mcu.externaltools.gnu-tools-for-stm32.14.3.rel1.win32_1.0.100.202602081740/tools/bin/../lib/gcc/arm-none-eabi/14.3.1/thumb/v7-m/nofp/crtn.o
OUTPUT(target_tracker.elf elf32-littlearm)
LOAD linker stubs
LOAD C:/ST/STM32CubeIDE_2.1.1/STM32CubeIDE/plugins/com.st.stm32cube.ide.mcu.externaltools.gnu-tools-for-stm32.14.3.rel1.win32_1.0.100.202602081740/tools/bin/../lib/gcc/arm-none-eabi/14.3.1/../../../../arm-none-eabi/lib/thumb/v7-m/nofp\libc.a
LOAD C:/ST/STM32CubeIDE_2.1.1/STM32CubeIDE/plugins/com.st.stm32cube.ide.mcu.externaltools.gnu-tools-for-stm32.14.3.rel1.win32_1.0.100.202602081740/tools/bin/../lib/gcc/arm-none-eabi/14.3.1/../../../../arm-none-eabi/lib/thumb/v7-m/nofp\libm.a
LOAD C:/ST/STM32CubeIDE_2.1.1/STM32CubeIDE/plugins/com.st.stm32cube.ide.mcu.externaltools.gnu-tools-for-stm32.14.3.rel1.win32_1.0.100.202602081740/tools/bin/../lib/gcc/arm-none-eabi/14.3.1/thumb/v7-m/nofp\libgcc.a

.debug_info     0x00000000    0x1b026
 .debug_info    0x00000000      0x127 ./App/Algorithm/Src/filter.o
 .debug_info    0x00000127      0x19c ./App/Algorithm/Src/pid.o
 .debug_info    0x000002c3      0x87a ./App/Drivers/API/Src/motor.o
 .debug_info    0x00000b3d      0x87b ./App/Drivers/API/Src/sensor.o
 .debug_info    0x000013b8      0x46b ./App/Tasks/Src/control_task.o
 .debug_info    0x00001823      0x1ec ./App/Tasks/Src/sensor_task.o
 .debug_info    0x00001a0f      0x7d2 ./App/Tasks/Src/uart_task.o
 .debug_info    0x000021e1     0x13cd ./Core/Src/main.o
 .debug_info    0x000035ae      0xf02 ./Core/Src/stm32f1xx_hal_msp.o
 .debug_info    0x000044b0      0x99a ./Core/Src/stm32f1xx_hal_timebase_tim.o
 .debug_info    0x00004e4a      0x6cb ./Core/Src/stm32f1xx_it.o
 .debug_info    0x00005515      0x168 ./Core/Src/sysmem.o
 .debug_info    0x0000567d      0x222 ./Core/Src/system_stm32f1xx.o
 .debug_info    0x0000589f       0x30 ./Core/Startup/startup_stm32f103rbtx.o
 .debug_info    0x000058cf      0x704 ./Drivers/STM32F1xx_HAL_Driver/Src/stm32f1xx_hal.o
 .debug_info    0x00005fd3      0xa87 ./Drivers/STM32F1xx_HAL_Driver/Src/stm32f1xx_hal_cortex.o
 .debug_info    0x00006a5a      0x6d2 ./Drivers/STM32F1xx_HAL_Driver/Src/stm32f1xx_hal_dma.o
 .debug_info    0x0000712c      0x5ab ./Drivers/STM32F1xx_HAL_Driver/Src/stm32f1xx_hal_gpio.o
 .debug_info    0x000076d7      0x7d5 ./Drivers/STM32F1xx_HAL_Driver/Src/stm32f1xx_hal_rcc.o
 .debug_info    0x00007eac     0x2959 ./Drivers/STM32F1xx_HAL_Driver/Src/stm32f1xx_hal_tim.o
 .debug_info    0x0000a805     0x149b ./Drivers/STM32F1xx_HAL_Driver/Src/stm32f1xx_hal_tim_ex.o
 .debug_info    0x0000bca0     0x2eed ./Drivers/STM32F1xx_HAL_Driver/Src/stm32f1xx_hal_uart.o
 .debug_info    0x0000eb8d      0x2b1 ./ThirdParty/FreeRTOS/list.o
 .debug_info    0x0000ee3e     0x13de ./ThirdParty/FreeRTOS/queue.o
 .debug_info    0x0001021c     0x2833 ./ThirdParty/FreeRTOS/tasks.o
 .debug_info    0x00012a4f      0x4d9 ./ThirdParty/FreeRTOS/portable/GCC/ARM_CM3/port.o
 .debug_info    0x00012f28      0x5f1 ./ThirdParty/FreeRTOS/portable/MemMang/heap_4.o
 .debug_info    0x00013519      0x15d ./ThirdParty/SEGGER_SYSTEMVIEW/Config/SEGGER_SYSVIEW_Config_FreeRTOS.o
 .debug_info    0x00013676      0x453 ./ThirdParty/SEGGER_SYSTEMVIEW/OS/SEGGER_SYSVIEW_FreeRTOS.o
 .debug_info    0x00013ac9     0x14d0 ./ThirdParty/SEGGER_SYSTEMVIEW/SEGGER/SEGGER_RTT.o
 .debug_info    0x00014f99       0x25 ./ThirdParty/SEGGER_SYSTEMVIEW/SEGGER/SEGGER_RTT_ASM_ARMv7M.o
 .debug_info    0x00014fbe     0x6068 ./ThirdParty/SEGGER_SYSTEMVIEW/SYSVIEW/SEGGER_SYSVIEW.o

.debug_abbrev   0x00000000     0x3d7c
 .debug_abbrev  0x00000000       0xb8 ./App/Algorithm/Src/filter.o
 .debug_abbrev  0x000000b8       0xd7 ./App/Algorithm/Src/pid.o
 .debug_abbrev  0x0000018f      0x1da ./App/Drivers/API/Src/motor.o
 .debug_abbrev  0x00000369      0x241 ./App/Drivers/API/Src/sensor.o
 .debug_abbrev  0x000005aa      0x1b2 ./App/Tasks/Src/control_task.o
 .debug_abbrev  0x0000075c      0x121 ./App/Tasks/Src/sensor_task.o
 .debug_abbrev  0x0000087d      0x1a9 ./App/Tasks/Src/uart_task.o
 .debug_abbrev  0x00000a26      0x395 ./Core/Src/main.o
 .debug_abbrev  0x00000dbb      0x255 ./Core/Src/stm32f1xx_hal_msp.o
 .debug_abbrev  0x00001010      0x1f3 ./Core/Src/stm32f1xx_hal_timebase_tim.o
 .debug_abbrev  0x00001203      0x196 ./Core/Src/stm32f1xx_it.o
 .debug_abbrev  0x00001399       0xbc ./Core/Src/sysmem.o
 .debug_abbrev  0x00001455      0x13f ./Core/Src/system_stm32f1xx.o
 .debug_abbrev  0x00001594       0x24 ./Core/Startup/startup_stm32f103rbtx.o
 .debug_abbrev  0x000015b8      0x201 ./Drivers/STM32F1xx_HAL_Driver/Src/stm32f1xx_hal.o
 .debug_abbrev  0x000017b9      0x2f8 ./Drivers/STM32F1xx_HAL_Driver/Src/stm32f1xx_hal_cortex.o
 .debug_abbrev  0x00001ab1      0x20b ./Drivers/STM32F1xx_HAL_Driver/Src/stm32f1xx_hal_dma.o
 .debug_abbrev  0x00001cbc      0x1ca ./Drivers/STM32F1xx_HAL_Driver/Src/stm32f1xx_hal_gpio.o
 .debug_abbrev  0x00001e86      0x2b3 ./Drivers/STM32F1xx_HAL_Driver/Src/stm32f1xx_hal_rcc.o
 .debug_abbrev  0x00002139      0x277 ./Drivers/STM32F1xx_HAL_Driver/Src/stm32f1xx_hal_tim.o
 .debug_abbrev  0x000023b0      0x282 ./Drivers/STM32F1xx_HAL_Driver/Src/stm32f1xx_hal_tim_ex.o
 .debug_abbrev  0x00002632      0x2f8 ./Drivers/STM32F1xx_HAL_Driver/Src/stm32f1xx_hal_uart.o
 .debug_abbrev  0x0000292a       0xee ./ThirdParty/FreeRTOS/list.o
 .debug_abbrev  0x00002a18      0x2cc ./ThirdParty/FreeRTOS/queue.o
 .debug_abbrev  0x00002ce4      0x394 ./ThirdParty/FreeRTOS/tasks.o
 .debug_abbrev  0x00003078      0x243 ./ThirdParty/FreeRTOS/portable/GCC/ARM_CM3/port.o
 .debug_abbrev  0x000032bb      0x25a ./ThirdParty/FreeRTOS/portable/MemMang/heap_4.o
 .debug_abbrev  0x00003515       0xee ./ThirdParty/SEGGER_SYSTEMVIEW/Config/SEGGER_SYSVIEW_Config_FreeRTOS.o
 .debug_abbrev  0x00003603      0x1e0 ./ThirdParty/SEGGER_SYSTEMVIEW/OS/SEGGER_SYSVIEW_FreeRTOS.o
 .debug_abbrev  0x000037e3      0x231 ./ThirdParty/SEGGER_SYSTEMVIEW/SEGGER/SEGGER_RTT.o
 .debug_abbrev  0x00003a14       0x14 ./ThirdParty/SEGGER_SYSTEMVIEW/SEGGER/SEGGER_RTT_ASM_ARMv7M.o
 .debug_abbrev  0x00003a28      0x354 ./ThirdParty/SEGGER_SYSTEMVIEW/SYSVIEW/SEGGER_SYSVIEW.o

.debug_aranges  0x00000000     0x1738
 .debug_aranges
                0x00000000       0x20 ./App/Algorithm/Src/filter.o
 .debug_aranges
                0x00000020       0x28 ./App/Algorithm/Src/pid.o
 .debug_aranges
                0x00000048       0x48 ./App/Drivers/API/Src/motor.o
 .debug_aranges
                0x00000090       0x48 ./App/Drivers/API/Src/sensor.o
 .debug_aranges
                0x000000d8       0x20 ./App/Tasks/Src/control_task.o
 .debug_aranges
                0x000000f8       0x20 ./App/Tasks/Src/sensor_task.o
 .debug_aranges
                0x00000118       0x20 ./App/Tasks/Src/uart_task.o
 .debug_aranges
                0x00000138       0x70 ./Core/Src/main.o
 .debug_aranges
                0x000001a8       0x60 ./Core/Src/stm32f1xx_hal_msp.o
 .debug_aranges
                0x00000208       0x30 ./Core/Src/stm32f1xx_hal_timebase_tim.o
 .debug_aranges
                0x00000238       0x60 ./Core/Src/stm32f1xx_it.o
 .debug_aranges
                0x00000298       0x20 ./Core/Src/sysmem.o
 .debug_aranges
                0x000002b8       0x28 ./Core/Src/system_stm32f1xx.o
 .debug_aranges
                0x000002e0       0x28 ./Core/Startup/startup_stm32f103rbtx.o
 .debug_aranges
                0x00000308       0xe0 ./Drivers/STM32F1xx_HAL_Driver/Src/stm32f1xx_hal.o
 .debug_aranges
                0x000003e8      0x100 ./Drivers/STM32F1xx_HAL_Driver/Src/stm32f1xx_hal_cortex.o
 .debug_aranges
                0x000004e8       0x80 ./Drivers/STM32F1xx_HAL_Driver/Src/stm32f1xx_hal_dma.o
 .debug_aranges
                0x00000568       0x58 ./Drivers/STM32F1xx_HAL_Driver/Src/stm32f1xx_hal_gpio.o
 .debug_aranges
                0x000005c0       0x90 ./Drivers/STM32F1xx_HAL_Driver/Src/stm32f1xx_hal_rcc.o
 .debug_aranges
                0x00000650      0x3d0 ./Drivers/STM32F1xx_HAL_Driver/Src/stm32f1xx_hal_tim.o
 .debug_aranges
                0x00000a20      0x168 ./Drivers/STM32F1xx_HAL_Driver/Src/stm32f1xx_hal_tim_ex.o
 .debug_aranges
                0x00000b88      0x208 ./Drivers/STM32F1xx_HAL_Driver/Src/stm32f1xx_hal_uart.o
 .debug_aranges
                0x00000d90       0x40 ./ThirdParty/FreeRTOS/list.o
 .debug_aranges
                0x00000dd0       0xf0 ./ThirdParty/FreeRTOS/queue.o
 .debug_aranges
                0x00000ec0      0x210 ./ThirdParty/FreeRTOS/tasks.o
 .debug_aranges
                0x000010d0       0x78 ./ThirdParty/FreeRTOS/portable/GCC/ARM_CM3/port.o
 .debug_aranges
                0x00001148       0x70 ./ThirdParty/FreeRTOS/portable/MemMang/heap_4.o
 .debug_aranges
                0x000011b8       0x28 ./ThirdParty/SEGGER_SYSTEMVIEW/Config/SEGGER_SYSVIEW_Config_FreeRTOS.o
 .debug_aranges
                0x000011e0       0x48 ./ThirdParty/SEGGER_SYSTEMVIEW/OS/SEGGER_SYSVIEW_FreeRTOS.o
 .debug_aranges
                0x00001228      0x138 ./ThirdParty/SEGGER_SYSTEMVIEW/SEGGER/SEGGER_RTT.o
 .debug_aranges
                0x00001360       0x20 ./ThirdParty/SEGGER_SYSTEMVIEW/SEGGER/SEGGER_RTT_ASM_ARMv7M.o
 .debug_aranges
                0x00001380      0x3b8 ./ThirdParty/SEGGER_SYSTEMVIEW/SYSVIEW/SEGGER_SYSVIEW.o

.debug_rnglists
                0x00000000     0x1207
 .debug_rnglists
                0x00000000       0x14 ./App/Algorithm/Src/filter.o
 .debug_rnglists