../Core/Src/main.c:85:5:main	32	static,ignoring_inline_asm
../Core/Src/main.c:166:6:SystemClock_Config	72	static
../Core/Src/main.c:205:13:MX_TIM2_Init	32	static
../Core/Src/main.c:250:13:MX_TIM3_Init	48	static
../Core/Src/main.c:299:13:MX_TIM4_Init	32	static
../Core/Src/main.c:344:13:MX_USART2_UART_Init	8	static
../Core/Src/main.c:375:13:MX_DMA_Init	16	static
../Core/Src/main.c:393:13:MX_GPIO_Init	40	static
../Core/Src/main.c:460:6:vApplicationIdleHook	4	static,ignoring_inline_asm
../Core/Src/main.c:475:6:HAL_TIM_PeriodElapsedCallback	16	static
../Core/Src/main.c:493:6:Error_Handler	4	static,ignoring_inline_asm
